Archive member included to satisfy reference by file (symbol)

/Applications/STM32CubeIDE.app/Contents/Eclipse/plugins/com.st.stm32cube.ide.mcu.externaltools.gnu-tools-for-stm32.11.3.rel1.macos64_1.1.0.202305231506/tools/bin/../lib/gcc/arm-none-eabi/11.3.1/../../../../arm-none-eabi/lib/thumb/v7e-m+fp/hard/libc_nano.a(libc_a-exit.o)
                              /Applications/STM32CubeIDE.app/Contents/Eclipse/plugins/com.st.stm32cube.ide.mcu.externaltools.gnu-tools-for-stm32.11.3.rel1.macos64_1.1.0.202305231506/tools/bin/../lib/gcc/arm-none-eabi/11.3.1/../../../../arm-none-eabi/lib/thumb/v7e-m+fp/hard/crt0.o (exit)
/Applications/STM32CubeIDE.app/Contents/Eclipse/plugins/com.st.stm32cube.ide.mcu.externaltools.gnu-tools-for-stm32.11.3.rel1.macos64_1.1.0.202305231506/tools/bin/../lib/gcc/arm-none-eabi/11.3.1/../../../../arm-none-eabi/lib/thumb/v7e-m+fp/hard/libc_nano.a(libc_a-nano-vfprintf_float.o)
                              (_printf_float)
/Applications/STM32CubeIDE.app/Contents/Eclipse/plugins/com.st.stm32cube.ide.mcu.externaltools.gnu-tools-for-stm32.11.3.rel1.macos64_1.1.0.202305231506/tools/bin/../lib/gcc/arm-none-eabi/11.3.1/../../../../arm-none-eabi/lib/thumb/v7e-m+fp/hard/libc_nano.a(libc_a-malloc.o)
                              ./Core/Src/LTC681x.o (malloc)
/Applications/STM32CubeIDE.app/Contents/Eclipse/plugins/com.st.stm32cube.ide.mcu.externaltools.gnu-tools-for-stm32.11.3.rel1.macos64_1.1.0.202305231506/tools/bin/../lib/gcc/arm-none-eabi/11.3.1/../../../../arm-none-eabi/lib/thumb/v7e-m+fp/hard/libc_nano.a(libc_a-mallocr.o)
                              /Applications/STM32CubeIDE.app/Contents/Eclipse/plugins/com.st.stm32cube.ide.mcu.externaltools.gnu-tools-for-stm32.11.3.rel1.macos64_1.1.0.202305231506/tools/bin/../lib/gcc/arm-none-eabi/11.3.1/../../../../arm-none-eabi/lib/thumb/v7e-m+fp/hard/libc_nano.a(libc_a-malloc.o) (_malloc_r)
/Applications/STM32CubeIDE.app/Contents/Eclipse/plugins/com.st.stm32cube.ide.mcu.externaltools.gnu-tools-for-stm32.11.3.rel1.macos64_1.1.0.202305231506/tools/bin/../lib/gcc/arm-none-eabi/11.3.1/../../../../arm-none-eabi/lib/thumb/v7e-m+fp/hard/libc_nano.a(libc_a-nano-vfprintf_i.o)
                              /Applications/STM32CubeIDE.app/Contents/Eclipse/plugins/com.st.stm32cube.ide.mcu.externaltools.gnu-tools-for-stm32.11.3.rel1.macos64_1.1.0.202305231506/tools/bin/../lib/gcc/arm-none-eabi/11.3.1/../../../../arm-none-eabi/lib/thumb/v7e-m+fp/hard/libc_nano.a(libc_a-nano-vfprintf_float.o) (_printf_common)
/Applications/STM32CubeIDE.app/Contents/Eclipse/plugins/com.st.stm32cube.ide.mcu.externaltools.gnu-tools-for-stm32.11.3.rel1.macos64_1.1.0.202305231506/tools/bin/../lib/gcc/arm-none-eabi/11.3.1/../../../../arm-none-eabi/lib/thumb/v7e-m+fp/hard/libc_nano.a(libc_a-mlock.o)
                              /Applications/STM32CubeIDE.app/Contents/Eclipse/plugins/com.st.stm32cube.ide.mcu.externaltools.gnu-tools-for-stm32.11.3.rel1.macos64_1.1.0.202305231506/tools/bin/../lib/gcc/arm-none-eabi/11.3.1/../../../../arm-none-eabi/lib/thumb/v7e-m+fp/hard/libc_nano.a(libc_a-mallocr.o) (__malloc_lock)
/Applications/STM32CubeIDE.app/Contents/Eclipse/plugins/com.st.stm32cube.ide.mcu.externaltools.gnu-tools-for-stm32.11.3.rel1.macos64_1.1.0.202305231506/tools/bin/../lib/gcc/arm-none-eabi/11.3.1/../../../../arm-none-eabi/lib/thumb/v7e-m+fp/hard/libc_nano.a(libc_a-sprintf.o)
                              ./Core/Src/FEB_CAN_IVT.o (sprintf)
/Applications/STM32CubeIDE.app/Contents/Eclipse/plugins/com.st.stm32cube.ide.mcu.externaltools.gnu-tools-for-stm32.11.3.rel1.macos64_1.1.0.202305231506/tools/bin/../lib/gcc/arm-none-eabi/11.3.1/../../../../arm-none-eabi/lib/thumb/v7e-m+fp/hard/libc_nano.a(libc_a-findfp.o)
                              ./Middlewares/Third_Party/FreeRTOS/Source/tasks.o (__sf)
/Applications/STM32CubeIDE.app/Contents/Eclipse/plugins/com.st.stm32cube.ide.mcu.externaltools.gnu-tools-for-stm32.11.3.rel1.macos64_1.1.0.202305231506/tools/bin/../lib/gcc/arm-none-eabi/11.3.1/../../../../arm-none-eabi/lib/thumb/v7e-m+fp/hard/libc_nano.a(libc_a-fwalk.o)
                              /Applications/STM32CubeIDE.app/Contents/Eclipse/plugins/com.st.stm32cube.ide.mcu.externaltools.gnu-tools-for-stm32.11.3.rel1.macos64_1.1.0.202305231506/tools/bin/../lib/gcc/arm-none-eabi/11.3.1/../../../../arm-none-eabi/lib/thumb/v7e-m+fp/hard/libc_nano.a(libc_a-findfp.o) (_fwalk_sglue)
/Applications/STM32CubeIDE.app/Contents/Eclipse/plugins/com.st.stm32cube.ide.mcu.externaltools.gnu-tools-for-stm32.11.3.rel1.macos64_1.1.0.202305231506/tools/bin/../lib/gcc/arm-none-eabi/11.3.1/../../../../arm-none-eabi/lib/thumb/v7e-m+fp/hard/libc_nano.a(libc_a-strncat.o)
                              ./Core/Src/FEB_LTC6811.o (strncat)
/Applications/STM32CubeIDE.app/Contents/Eclipse/plugins/com.st.stm32cube.ide.mcu.externaltools.gnu-tools-for-stm32.11.3.rel1.macos64_1.1.0.202305231506/tools/bin/../lib/gcc/arm-none-eabi/11.3.1/../../../../arm-none-eabi/lib/thumb/v7e-m+fp/hard/libc_nano.a(libc_a-memset.o)
[...]
Memory Configuration

Name             Origin             Length             Attributes
RAM              0x0000000020000000 0x0000000000020000 xrw
FLASH            0x0000000008000000 0x0000000000080000 xr
*default*        0x0000000000000000 0xffffffffffffffff

Linker script and memory map

LOAD /Applications/STM32CubeIDE.app/Contents/Eclipse/plugins/com.st.stm32cube.ide.mcu.externaltools.gnu-tools-for-stm32.11.3.rel1.macos64_1.1.0.202305231506/tools/bin/../lib/gcc/arm-none-eabi/11.3.1/thumb/v7e-m+fp/hard/crti.o
LOAD /Applications/STM32CubeIDE.app/Contents/Eclipse/plugins/com.st.stm32cube.ide.mcu.externaltools.gnu-tools-for-stm32.11.3.rel1.macos64_1.1.0.202305231506/tools/bin/../lib/gcc/arm-none-eabi/11.3.1/thumb/v7e-m+fp/hard/crtbegin.o
LOAD /Applications/STM32CubeIDE.app/Contents/Eclipse/plugins/com.st.stm32cube.ide.mcu.externaltools.gnu-tools-for-stm32.11.3.rel1.macos64_1.1.0.202305231506/tools/bin/../lib/gcc/arm-none-eabi/11.3.1/../../../../arm-none-eabi/lib/thumb/v7e-m+fp/hard/crt0.o
LOAD ./Core/Src/FEB_CAN.o
LOAD ./Core/Src/FEB_CAN_Charger.o
LOAD ./Core/Src/FEB_CAN_IVT.o
LOAD ./Core/Src/FEB_LTC6811.o
LOAD ./Core/Src/FEB_LTC6811_Temp_LUT.o
LOAD ./Core/Src/FEB_Main.o
LOAD ./Core/Src/FEB_Relay.o
LOAD ./Core/Src/FEB_State.o
LOAD ./Core/Src/FEB_Timer.o
LOAD ./Core/Src/FEB_UART.o
LOAD ./Core/Src/LTC6811.o
LOAD ./Core/Src/LTC681x.o
LOAD ./Core/Src/bms_hardware.o
LOAD ./Core/Src/freertos.o
LOAD ./Core/Src/main.o
LOAD ./Core/Src/stm32f4xx_hal_msp.o
LOAD ./Core/Src/stm32f4xx_it.o
LOAD ./Core/Src/syscalls.o
LOAD ./Core/Src/sysmem.o
LOAD ./Core/Src/system_stm32f4xx.o
LOAD ./Core/Startup/startup_stm32f446retx.o
LOAD ./Drivers/STM32F4xx_HAL_Driver/Src/stm32f4xx_hal.o
LOAD ./Drivers/STM32F4xx_HAL_Driver/Src/stm32f4xx_hal_can.o
LOAD ./Drivers/STM32F4xx_HAL_Driver/Src/stm32f4xx_hal_cortex.o
LOAD ./Drivers/STM32F4xx_HAL_Driver/Src/stm32f4xx_hal_dma.o
LOAD ./Drivers/STM32F4xx_HAL_Driver/Src/stm32f4xx_hal_dma_ex.o
LOAD ./Drivers/STM32F4xx_HAL_Driver/Src/stm32f4xx_hal_exti.o
LOAD ./Drivers/STM32F4xx_HAL_Driver/Src/stm32f4xx_hal_flash.o
LOAD ./Drivers/STM32F4xx_HAL_Driver/Src/stm32f4xx_hal_flash_ex.o
LOAD ./Drivers/STM32F4xx_HAL_Driver/Src/stm32f4xx_hal_flash_ramfunc.o
LOAD ./Drivers/STM32F4xx_HAL_Driver/Src/stm32f4xx_hal_gpio.o
LOAD ./Drivers/STM32F4xx_HAL_Driver/Src/stm32f4xx_hal_pwr.o
LOAD ./Drivers/STM32F4xx_HAL_Driver/Src/stm32f4xx_hal_pwr_ex.o
LOAD ./Drivers/STM32F4xx_HAL_Driver/Src/stm32f4xx_hal_rcc.o
LOAD ./Drivers/STM32F4xx_HAL_Driver/Src/stm32f4xx_hal_rcc_ex.o
LOAD ./Drivers/STM32F4xx_HAL_Driver/Src/stm32f4xx_hal_spi.o
LOAD ./Drivers/STM32F4xx_HAL_Driver/Src/stm32f4xx_hal_tim.o
LOAD ./Drivers/STM32F4xx_HAL_Driver/Src/stm32f4xx_hal_tim_ex.o
LOAD ./Drivers/STM32F4xx_HAL_Driver/Src/stm32f4xx_hal_uart.o
LOAD ./Middlewares/Third_Party/FreeRTOS/Source/CMSIS_RTOS_V2/cmsis_os2.o
LOAD ./Middlewares/Third_Party/FreeRTOS/Source/croutine.o
LOAD ./Middlewares/Third_Party/FreeRTOS/Source/event_groups.o
LOAD ./Middlewares/Third_Party/FreeRTOS/Source/list.o
LOAD ./Middlewares/Third_Party/FreeRTOS/Source/queue.o
LOAD ./Middlewares/Third_Party/FreeRTOS/Source/stream_buffer.o
LOAD ./Middlewares/Third_Party/FreeRTOS/Source/tasks.o
LOAD ./Middlewares/Third_Party/FreeRTOS/Source/timers.o
LOAD ./Middlewares/Third_Party/FreeRTOS/Source/portable/GCC/ARM_CM4F/port.o
LOAD ./Middlewares/Third_Party/FreeRTOS/Source/portable/MemMang/heap_4.o
START GROUP
LOAD /Applications/STM32CubeIDE.app/Contents/Eclipse/plugins/com.st.stm32cube.ide.mcu.externaltools.gnu-tools-for-stm32.11.3.rel1.macos64_1.1.0.202305231506/tools/bin/../lib/gcc/arm-none-eabi/11.3.1/../../../../arm-none-eabi/lib/thumb/v7e-m+fp/hard/libc_nano.a
LOAD /Applications/STM32CubeIDE.app/Contents/Eclipse/plugins/com.st.stm32cube.ide.mcu.externaltools.gnu-tools-for-stm32.11.3.rel1.macos64_1.1.0.202305231506/tools/bin/../lib/gcc/arm-none-eabi/11.3.1/../../../../arm-none-eabi/lib/thumb/v7e-m+fp/hard/libm.a
END GROUP
START GROUP
LOAD /Applications/STM32CubeIDE.app/Contents/Eclipse/plugins/com.st.stm32cube.ide.mcu.externaltools.gnu-tools-for-stm32.11.3.rel1.macos64_1.1.0.202305231506/tools/bin/../lib/gcc/arm-none-eabi/11.3.1/thumb/v7e-m+fp/hard/libgcc.a
LOAD /Applications/STM32CubeIDE.app/Contents/Eclipse/plugins/com.st.stm32cube.ide.mcu.externaltools.gnu-tools-for-stm32.11.3.rel1.macos64_1.1.0.202305231506/tools/bin/../lib/gcc/arm-none-eabi/11.3.1/../../../../arm-none-eabi/lib/thumb/v7e-m+fp/hard/libc_nano.a
END GROUP
START GROUP
LOAD /Applications/STM32CubeIDE.app/Contents/Eclipse/plugins/com.st.stm32cube.ide.mcu.externaltools.gnu-tools-for-stm32.11.3.rel1.macos64_1.1.0.202305231506/tools/bin/../lib/gcc/arm-none-eabi/11.3.1/thumb/v7e-m+fp/hard/libgcc.a
LOAD /Applications/STM32CubeIDE.app/Contents/Eclipse/plugins/com.st.stm32cube.ide.mcu.externaltools.gnu-tools-for-stm32.11.3.rel1.macos64_1.1.0.202305231506/tools/bin/../lib/gcc/arm-none-eabi/11.3.1/../../../../arm-none-eabi/lib/thumb/v7e-m+fp/hard/libc_nano.a
LOAD /Applications/STM32CubeIDE.app/Contents/Eclipse/plugins/com.st.stm32cube.ide.mcu.externaltools.gnu-tools-for-stm32.11.3.rel1.macos64_1.1.0.202305231506/tools/bin/../lib/gcc/arm-none-eabi/11.3.1/../../../../arm-none-eabi/lib/thumb/v7e-m+fp/hard/libnosys.a
END GROUP
START GROUP
LOAD /Applications/STM32CubeIDE.app/Contents/Eclipse/plugins/com.st.stm32cube.ide.mcu.externaltools.gnu-tools-for-stm32.11.3.rel1.macos64_1.1.0.202305231506/tools/bin/../lib/gcc/arm-none-eabi/11.3.1/thumb/v7e-m+fp/hard/libgcc.a
LOAD /Applications/STM32CubeIDE.app/Contents/Eclipse/plugins/com.st.stm32cube.ide.mcu.externaltools.gnu-tools-for-stm32.11.3.rel1.macos64_1.1.0.202305231506/tools/bin/../lib/gcc/arm-none-eabi/11.3.1/../../../../arm-none-eabi/lib/thumb/v7e-m+fp/hard/libc_nano.a
LOAD /Applications/STM32CubeIDE.app/Contents/Eclipse/plugins/com.st.stm32cube.ide.mcu.externaltools.gnu-tools-for-stm32.11.3.rel1.macos64_1.1.0.202305231506/tools/bin/../lib/gcc/arm-none-eabi/11.3.1/../../../../arm-none-eabi/lib/thumb/v7e-m+fp/hard/libnosys.a
END GROUP
LOAD /Applications/STM32CubeIDE.app/Contents/Eclipse/plugins/com.st.stm32cube.ide.mcu.externaltools.gnu-tools-for-stm32.11.3.rel1.macos64_1.1.0.202305231506/tools/bin/../lib/gcc/arm-none-eabi/11.3.1/thumb/v7e-m+fp/hard/crtend.o
LOAD /Applications/STM32CubeIDE.app/Contents/Eclipse/plugins/com.st.stm32cube.ide.mcu.externaltools.gnu-tools-for-stm32.11.3.rel1.macos64_1.1.0.202305231506/tools/bin/../lib/gcc/arm-none-eabi/11.3.1/thumb/v7e-m+fp/hard/crtn.o
                0x0000000020020000                _estack = (ORIGIN (RAM) + LENGTH (RAM))
                0x0000000000000200                _Min_Heap_Size = 0x200
                0x0000000000000400                _Min_Stack_Size = 0x400

.isr_vector     0x0000000008000000      0x1c4
                0x0000000008000000                . = ALIGN (0x4)
 *(.isr_vector)
 .isr_vector    0x0000000008000000      0x1c4 ./Core/Startup/startup_stm32f446retx.o
                0x0000000008000000                g_pfnVectors
                0x00000000080001c4                . = ALIGN (0x4)

.text           0x00000000080001d0     0xc0f0
                0x00000000080001d0                . = ALIGN (0x4)
 *(.text)
 .text          0x00000000080001d0       0x40 /Applications/STM32CubeIDE.app/Contents/Eclipse/plugins/com.st.stm32cube.ide.mcu.externaltools.gnu-tools-for-stm32.11.3.rel1.macos64_1.1.0.202305231506/tools/bin/../lib/gcc/arm-none-eabi/11.3.1/thumb/v7e-m+fp/hard/crtbegin.o
 .text          0x0000000008000210       0xa0 /Applications/STM32CubeIDE.app/Contents/Eclipse/plugins/com.st.stm32cube.ide.mcu.externaltools.gnu-tools-for-stm32.11.3.rel1.macos64_1.1.0.202305231506/tools/bin/../lib/gcc/arm-none-eabi/11.3.1/../../../../arm-none-eabi/lib/thumb/v7e-m+fp/hard/libc_nano.a(libc_a-memchr.o)
                0x0000000008000210                memchr
 .text          0x00000000080002b0       0x10 /Applications/STM32CubeIDE.app/Contents/Eclipse/plugins/com.st.stm32cube.ide.mcu.externaltools.gnu-tools-for-stm32.11.3.rel1.macos64_1.1.0.202305231506/tools/bin/../lib/gcc/arm-none-eabi/11.3.1/../../../../arm-none-eabi/lib/thumb/v7e-m+fp/hard/libc_nano.a(libc_a-strlen.o)
                0x00000000080002b0                strlen
 .text          0x00000000080002c0      0x378 /Applications/STM32CubeIDE.app/Contents/Eclipse/plugins/com.st.stm32cube.ide.mcu.externaltools.gnu-tools-for-stm32.11.3.rel1.macos64_1.1.0.202305231506/tools/bin/../lib/gcc/arm-none-eabi/11.3.1/thumb/v7e-m+fp/hard/libgcc.a(_arm_addsubdf3.o)
                0x00000000080002c0                __aeabi_drsub
                0x00000000080002c8                __subdf3
                0x00000000080002c8                __aeabi_dsub
                0x00000000080002cc                __aeabi_dadd
                0x00000000080002cc                __adddf3
                0x0000000008000544                __aeabi_ui2d
                0x0000000008000544                __floatunsidf
                0x0000000008000564                __floatsidf
                0x0000000008000564                __aeabi_i2d
                0x0000000008000588                __extendsfdf2
                0x0000000008000588                __aeabi_f2d
                0x00000000080005cc                __aeabi_ul2d
                0x00000000080005cc                __floatundidf
                0x00000000080005dc                __aeabi_l2d
                0x00000000080005dc                __floatdidf
 .text          0x0000000008000638      0x424 /Applications/STM32CubeIDE.app/Contents/Eclipse/plugins/com.st.stm32cube.ide.mcu.externaltools.gnu-tools-for-stm32.11.3.rel1.macos64_1.1.0.202305231506/tools/bin/../lib/gcc/arm-none-eabi/11.3.1/thumb/v7e-m+fp/hard/libgcc.a(_arm_muldivdf3.o)
                0x0000000008000638                __aeabi_dmul
                0x0000000008000638                __muldf3
                0x000000000800088c                __aeabi_ddiv
                0x000000000800088c                __divdf3
 .text          0x0000000008000a5c      0x110 /Applications/STM32CubeIDE.app/Contents/Eclipse/plugins/com.st.stm32cube.ide.mcu.externaltools.gnu-tools-for-stm32.11.3.rel1.macos64_1.1.0.202305231506/tools/bin/../lib/gcc/arm-none-eabi/11.3.1/thumb/v7e-m+fp/hard/libgcc.a(_arm_cmpdf2.o)
                0x0000000008000a5c                __gedf2
                0x0000000008000a5c                __gtdf2
                0x0000000008000a64                __ledf2
                0x0000000008000a64                __ltdf2
                0x0000000008000a6c                __cmpdf2
                0x0000000008000a6c                __eqdf2
                0x0000000008000a6c                __nedf2
                0x0000000008000ae8                __aeabi_cdrcmple
                0x0000000008000af8                __aeabi_cdcmple
                0x0000000008000af8                __aeabi_cdcmpeq
                0x0000000008000b08                __aeabi_dcmpeq
                0x0000000008000b1c                __aeabi_dcmplt
                0x0000000008000b30                __aeabi_dcmple
                0x0000000008000b44                __aeabi_dcmpge
                0x0000000008000b58                __aeabi_dcmpgt
 .text          0x0000000008000b6c       0x2c /Applications/STM32CubeIDE.app/Contents/Eclipse/plugins/com.st.stm32cube.ide.mcu.externaltools.gnu-tools-for-stm32.11.3.rel1.macos64_1.1.0.202305231506/tools/bin/../lib/gcc/arm-none-eabi/11.3.1/thumb/v7e-m+fp/hard/libgcc.a(_arm_unorddf2.o)
                0x0000000008000b6c                __aeabi_dcmpun
                0x0000000008000b6c                __unorddf2
 .text          0x0000000008000b98       0x50 /Applications/STM32CubeIDE.app/Contents/Eclipse/plugins/com.st.stm32cube.ide.mcu.externaltools.gnu-tools-for-stm32.11.3.rel1.macos64_1.1.0.202305231506/tools/bin/../lib/gcc/arm-none-eabi/11.3.1/thumb/v7e-m+fp/hard/libgcc.a(_arm_fixdfsi.o)
                0x0000000008000b98                __fixdfsi
                0x0000000008000b98                __aeabi_d2iz
 .text          0x0000000008000be8       0xa0 /Applications/STM32CubeIDE.app/Contents/Eclipse/plugins/com.st.stm32cube.ide.mcu.externaltools.gnu-tools-for-stm32.11.3.rel1.macos64_1.1.0.202305231506/tools/bin/../lib/gcc/arm-none-eabi/11.3.1/thumb/v7e-m+fp/hard/libgcc.a(_arm_truncdfsf2.o)
                0x0000000008000be8                __aeabi_d2f
                0x0000000008000be8                __truncdfsf2
 .text          0x0000000008000c88       0x30 /Applications/STM32CubeIDE.app/Contents/Eclipse/plugins/com.st.stm32cube.ide.mcu.externaltools.gnu-tools-for-stm32.11.3.rel1.macos64_1.1.0.202305231506/tools/bin/../lib/gcc/arm-none-eabi/11.3.1/thumb/v7e-m+fp/hard/libgcc.a(_aeabi_uldivmod.o)
                0x0000000008000c88                __aeabi_uldivmod
 .text          0x0000000008000cb8      0x2c8 /Applications/STM32CubeIDE.app/Contents/Eclipse/plugins/com.st.stm32cube.ide.mcu.externaltools.gnu-tools-for-stm32.11.3.rel1.macos64_1.1.0.202305231506/tools/bin/../lib/gcc/arm-none-eabi/11.3.1/thumb/v7e-m+fp/hard/libgcc.a(_udivmoddi4.o)
                0x0000000008000cb8                __udivmoddi4
 .text          0x0000000008000f80        0x4 /Applications/STM32CubeIDE.app/Contents/Eclipse/plugins/com.st.stm32cube.ide.mcu.externaltools.gnu-tools-for-stm32.11.3.rel1.macos64_1.1.0.202305231506/tools/bin/../lib/gcc/arm-none-eabi/11.3.1/thumb/v7e-m+fp/hard/libgcc.a(_dvmd_tls.o)
                0x0000000008000f80                __aeabi_ldiv0
                0x0000000008000f80                __aeabi_idiv0
 *(.text*)
 .text.FEB_LTC6811_Init
                0x0000000008000f84       0x84 ./Core/Src/FEB_LTC6811.o
                0x0000000008000f84                FEB_LTC6811_Init
 .text.FEB_LTC6811_Get_IC
                0x0000000008001008       0x34 ./Core/Src/FEB_LTC6811.o
                0x0000000008001008                FEB_LTC6811_Get_IC
 .text.FEB_LTC6811_Get_Cell_Id
                0x000000000800103c       0x20 ./Core/Src/FEB_LTC6811.o
                0x000000000800103c                FEB_LTC6811_Get_Cell_Id
 .text.FEB_LTC6811_Poll_Voltage
                0x000000000800105c       0x14 ./Core/Src/FEB_LTC6811.o
                0x000000000800105c                FEB_LTC6811_Poll_Voltage
 .text.FEB_LTC6811_Start_Cell_ADC_Measurement
                0x0000000008001070       0x1c ./Core/Src/FEB_LTC6811.o
                0x0000000008001070                FEB_LTC6811_Start_Cell_ADC_Measurement
 .text.FEB_LTC6811_Read_Cell_Voltage_Registers
                0x000000000800108c       0x1c ./Core/Src/FEB_LTC6811.o
                0x000000000800108c                FEB_LTC6811_Read_Cell_Voltage_Registers
 .text.FEB_LTC6811_Store_Voltage
                0x00000000080010a8       0xf4 ./Core/Src/FEB_LTC6811.o
                0x00000000080010a8                FEB_LTC6811_Store_Voltage
 .text.FEB_LTC6811_Poll_Temperature
                0x000000000800119c       0x32 ./Core/Src/FEB_LTC6811.o
                0x000000000800119c                FEB_LTC6811_Poll_Temperature
 *fill*         0x00000000080011ce        0x2 
 .text.FEB_LTC6811_Update_GPIO
                0x00000000080011d0       0xd4 ./Core/Src/FEB_LTC6811.o
                0x00000000080011d0                FEB_LTC6811_Update_GPIO
 .text.FEB_LTC6811_Start_GPIO_ADC_Measurement
                0x00000000080012a4       0x1a ./Core/Src/FEB_LTC6811.o
                0x00000000080012a4                FEB_LTC6811_Start_GPIO_ADC_Measurement
 *fill*         0x00000000080012be        0x2 
 .text.FEB_LTC6811_Read_Aux_Voltages
                0x00000000080012c0       0x1c ./Core/Src/FEB_LTC6811.o
                0x00000000080012c0                FEB_LTC6811_Read_Aux_Voltages
 .text.FEB_Main_Setup
                0x00000000080012dc       0x14 ./Core/Src/FEB_Main.o
                0x00000000080012dc                FEB_Main_Setup
 .text.FEB_Main_Task1_VT
                0x00000000080012f0       0x54 ./Core/Src/FEB_Main.o
                0x00000000080012f0                FEB_Main_Task1_VT
 .text.FEB_Main_Task2_State
                0x0000000008001344        0xc ./Core/Src/FEB_Main.o
                0x0000000008001344                FEB_Main_Task2_State
 .text.FEB_Main_Task3_Charge
                0x0000000008001350        0xe ./Core/Src/FEB_Main.o
                0x0000000008001350                FEB_Main_Task3_Charge
 .text.FEB_Main_Task4_Balance
                0x000000000800135e        0xe ./Core/Src/FEB_Main.o
                0x000000000800135e                FEB_Main_Task4_Balance
 .text.FEB_Main_Task5_IVT
                0x000000000800136c        0xc ./Core/Src/FEB_Main.o
                0x000000000800136c                FEB_Main_Task5_IVT
 .text.FEB_Main_Task6_CAN
                0x0000000008001378        0xc ./Core/Src/FEB_Main.o
                0x0000000008001378                FEB_Main_Task6_CAN
 .text.FEB_Relay_Shutdown
                0x0000000008001384       0x48 ./Core/Src/FEB_Relay.o
 .text.FEB_Relay_Precharge
                0x00000000080013cc       0x34 ./Core/Src/FEB_Relay.o
 .text.FEB_Relay_Air_Plus
                0x0000000008001400       0x48 ./Core/Src/FEB_Relay.o
 .text.FEB_Relay_Init
                0x0000000008001448       0x24 ./Core/Src/FEB_Relay.o
                0x0000000008001448                FEB_Relay_Init
 .text.FEB_Relay_State_Precharge
                0x000000000800146c       0x30 ./Core/Src/FEB_Relay.o
                0x000000000800146c                FEB_Relay_State_Precharge
 .text.FEB_State_Set_Precharge
                0x000000000800149c       0x44 ./Core/Src/FEB_State.o
                0x000000000800149c                FEB_State_Set_Precharge
 .text.FEB_State_Init
                0x00000000080014e0        0xc ./Core/Src/FEB_State.o
                0x00000000080014e0                FEB_State_Init
 .text.HAL_UART_TxCpltCallback
                0x00000000080014ec       0x14 ./Core/Src/FEB_UART.o
                0x00000000080014ec                HAL_UART_TxCpltCallback
 .text.LTC6811_init_reg_limits
                0x0000000008001500       0x9a ./Core/Src/LTC6811.o
                0x0000000008001500                LTC6811_init_reg_limits
 .text.LTC6811_wrcfg
                0x000000000800159a       0x1e ./Core/Src/LTC6811.o
                0x000000000800159a                LTC6811_wrcfg
 .text.LTC6811_adcv
                0x00000000080015b8       0x26 ./Core/Src/LTC6811.o
                0x00000000080015b8                LTC6811_adcv
 .text.LTC6811_adax
                0x00000000080015de       0x24 ./Core/Src/LTC6811.o
                0x00000000080015de                LTC6811_adax
 .text.LTC6811_rdcv
                0x0000000008001602       0x2e ./Core/Src/LTC6811.o
                0x0000000008001602                LTC6811_rdcv
 .text.LTC6811_rdaux
                0x0000000008001630       0x2c ./Core/Src/LTC6811.o
                0x0000000008001630                LTC6811_rdaux
 .text.LTC6811_pollAdc
                0x000000000800165c        0xe ./Core/Src/LTC6811.o
                0x000000000800165c                LTC6811_pollAdc
 .text.LTC6811_reset_crc_count
                0x000000000800166a       0x1e ./Core/Src/LTC6811.o
                0x000000000800166a                LTC6811_reset_crc_count
 .text.LTC6811_init_cfg
                0x0000000008001688       0x1e ./Core/Src/LTC6811.o
                0x0000000008001688                LTC6811_init_cfg
 .text.LTC6811_set_cfgr
                0x00000000080016a6       0x42 ./Core/Src/LTC6811.o
                0x00000000080016a6                LTC6811_set_cfgr
 .text.wakeup_idle
                0x00000000080016e8       0x3a ./Core/Src/LTC681x.o
                0x00000000080016e8                wakeup_idle
 .text.wakeup_sleep
                0x0000000008001722       0x42 ./Core/Src/LTC681x.o
                0x0000000008001722                wakeup_sleep
 .text.cmd_68   0x0000000008001764       0x54 ./Core/Src/LTC681x.o
                0x0000000008001764                cmd_68
 .text.write_68
                0x00000000080017b8      0x118 ./Core/Src/LTC681x.o
                0x00000000080017b8                write_68
 .text.pec15_calc
                0x00000000080018d0       0x68 ./Core/Src/LTC681x.o
                0x00000000080018d0                pec15_calc
 .text.LTC681x_wrcfg
                0x0000000008001938       0xfe ./Core/Src/LTC681x.o
                0x0000000008001938                LTC681x_wrcfg
 .text.LTC681x_adcv
                0x0000000008001a36       0x56 ./Core/Src/LTC681x.o
                0x0000000008001a36                LTC681x_adcv
 .text.LTC681x_adax
                0x0000000008001a8c       0x4a ./Core/Src/LTC681x.o
                0x0000000008001a8c                LTC681x_adax
 .text.LTC681x_rdcv
                0x0000000008001ad6      0x168 ./Core/Src/LTC681x.o
                0x0000000008001ad6                LTC681x_rdcv
 .text.LTC681x_rdaux
                0x0000000008001c3e      0x150 ./Core/Src/LTC681x.o
                0x0000000008001c3e                LTC681x_rdaux
 .text.LTC681x_rdcv_reg
                0x0000000008001d8e       0xbc ./Core/Src/LTC681x.o
                0x0000000008001d8e                LTC681x_rdcv_reg
 .text.LTC681x_rdaux_reg
                0x0000000008001e4a       0xa6 ./Core/Src/LTC681x.o
                0x0000000008001e4a                LTC681x_rdaux_reg
 .text.parse_cells
                0x0000000008001ef0       0xe2 ./Core/Src/LTC681x.o
                0x0000000008001ef0                parse_cells
 *fill*         0x0000000008001fd2        0x2 
 .text.LTC681x_pollAdc
                0x0000000008001fd4       0x88 ./Core/Src/LTC681x.o
                0x0000000008001fd4                LTC681x_pollAdc
 .text.LTC681x_check_pec
                0x000000000800205c      0x348 ./Core/Src/LTC681x.o
                0x000000000800205c                LTC681x_check_pec
 .text.LTC681x_reset_crc_count
                0x00000000080023a4       0xcc ./Core/Src/LTC681x.o
                0x00000000080023a4                LTC681x_reset_crc_count
 .text.LTC681x_init_cfg
                0x0000000008002470       0x54 ./Core/Src/LTC681x.o
                0x0000000008002470                LTC681x_init_cfg
 .text.LTC681x_set_cfgr
                0x00000000080024c4       0x74 ./Core/Src/LTC681x.o
                0x00000000080024c4                LTC681x_set_cfgr
 .text.LTC681x_set_cfgr_refon
                0x0000000008002538       0x68 ./Core/Src/LTC681x.o
                0x0000000008002538                LTC681x_set_cfgr_refon
 .text.LTC681x_set_cfgr_adcopt
                0x00000000080025a0       0x68 ./Core/Src/LTC681x.o
                0x00000000080025a0                LTC681x_set_cfgr_adcopt
 .text.LTC681x_set_cfgr_gpio
                0x0000000008002608       0xa0 ./Core/Src/LTC681x.o
                0x0000000008002608                LTC681x_set_cfgr_gpio
 .text.LTC681x_set_cfgr_dis
                0x00000000080026a8      0x11e ./Core/Src/LTC681x.o
                0x00000000080026a8                LTC681x_set_cfgr_dis
 .text.LTC681x_set_cfgr_dcto
                0x00000000080027c6       0xa0 ./Core/Src/LTC681x.o
                0x00000000080027c6                LTC681x_set_cfgr_dcto
 .text.LTC681x_set_cfgr_uv
                0x0000000008002866       0x8c ./Core/Src/LTC681x.o
                0x0000000008002866                LTC681x_set_cfgr_uv
 .text.LTC681x_set_cfgr_ov
                0x00000000080028f2       0x84 ./Core/Src/LTC681x.o
                0x00000000080028f2                LTC681x_set_cfgr_ov
 .text.delay_u  0x0000000008002976       0x18 ./Core/Src/bms_hardware.o
                0x0000000008002976                delay_u
 *fill*         0x000000000800298e        0x2 
 .text.cs_low   0x0000000008002990       0x20 ./Core/Src/bms_hardware.o
                0x0000000008002990                cs_low
 .text.cs_high  0x00000000080029b0       0x20 ./Core/Src/bms_hardware.o
                0x00000000080029b0                cs_high
 .text.spi_write_array
                0x00000000080029d0       0x28 ./Core/Src/bms_hardware.o
                0x00000000080029d0                spi_write_array
 .text.spi_write_read
                0x00000000080029f8       0x6c ./Core/Src/bms_hardware.o
                0x00000000080029f8                spi_write_read
 .text.spi_read_byte
                0x0000000008002a64       0x28 ./Core/Src/bms_hardware.o
                0x0000000008002a64                spi_read_byte
 .text.main     0x0000000008002a8c       0xd8 ./Core/Src/main.o
                0x0000000008002a8c                main
 .text.SystemClock_Config
                0x0000000008002b64       0xe4 ./Core/Src/main.o
                0x0000000008002b64                SystemClock_Config
 .text.MX_CAN1_Init
                0x0000000008002c48       0x6c ./Core/Src/main.o
 .text.MX_SPI1_Init
                0x0000000008002cb4       0x6c ./Core/Src/main.o
 .text.MX_TIM4_Init
                0x0000000008002d20       0x9c ./Core/Src/main.o
 .text.MX_USART2_UART_Init
                0x0000000008002dbc       0x54 ./Core/Src/main.o
 .text.MX_GPIO_Init
                0x0000000008002e10       0x84 ./Core/Src/main.o
 .text.Start_Task1_VT
                0x0000000008002e94       0x14 ./Core/Src/main.o
                0x0000000008002e94                Start_Task1_VT
 .text.Start_Task2_State
                0x0000000008002ea8       0x14 ./Core/Src/main.o
                0x0000000008002ea8                Start_Task2_State
 .text.Start_Task3_Charge
                0x0000000008002ebc       0x14 ./Core/Src/main.o
                0x0000000008002ebc                Start_Task3_Charge
 .text.Start_Task4_Balance
                0x0000000008002ed0       0x14 ./Core/Src/main.o
                0x0000000008002ed0                Start_Task4_Balance
 .text.Start_Task5_IVT
                0x0000000008002ee4       0x14 ./Core/Src/main.o
                0x0000000008002ee4                Start_Task5_IVT
 .text.Start_Task6_CAN
                0x0000000008002ef8       0x14 ./Core/Src/main.o
                0x0000000008002ef8                Start_Task6_CAN
 .text.Error_Handler
                0x0000000008002f0c        0xa ./Core/Src/main.o
                0x0000000008002f0c                Error_Handler
 *fill*         0x0000000008002f16        0x2 
 .text.HAL_MspInit
                0x0000000008002f18       0x58 ./Core/Src/stm32f4xx_hal_msp.o
                0x0000000008002f18                HAL_MspInit
 .text.HAL_CAN_MspInit
                0x0000000008002f70       0x90 ./Core/Src/stm32f4xx_hal_msp.o
                0x0000000008002f70                HAL_CAN_MspInit
 .text.HAL_SPI_MspInit
                0x0000000008003000       0x90 ./Core/Src/stm32f4xx_hal_msp.o
                0x0000000008003000                HAL_SPI_MspInit
 .text.HAL_TIM_Base_MspInit
                0x0000000008003090       0x44 ./Core/Src/stm32f4xx_hal_msp.o
                0x0000000008003090                HAL_TIM_Base_MspInit
 .text.HAL_UART_MspInit
                0x00000000080030d4       0xa0 ./Core/Src/stm32f4xx_hal_msp.o
                0x00000000080030d4                HAL_UART_MspInit
 .text.NMI_Handler
                0x0000000008003174        0x6 ./Core/Src/stm32f4xx_it.o
                0x0000000008003174                NMI_Handler
 .text.HardFault_Handler
                0x000000000800317a        0x6 ./Core/Src/stm32f4xx_it.o
                0x000000000800317a                HardFault_Handler
 .text.MemManage_Handler
                0x0000000008003180        0x6 ./Core/Src/stm32f4xx_it.o
                0x0000000008003180                MemManage_Handler
 .text.BusFault_Handler
                0x0000000008003186        0x6 ./Core/Src/stm32f4xx_it.o
                0x0000000008003186                BusFault_Handler
 .text.UsageFault_Handler
                0x000000000800318c        0x6 ./Core/Src/stm32f4xx_it.o
                0x000000000800318c                UsageFault_Handler
 .text.DebugMon_Handler
                0x0000000008003192        0xe ./Core/Src/stm32f4xx_it.o
                0x0000000008003192                DebugMon_Handler
 .text.SysTick_Handler
                0x00000000080031a0       0x1a ./Core/Src/stm32f4xx_it.o
                0x00000000080031a0                SysTick_Handler
 *fill*         0x00000000080031ba        0x2 
 .text.USART2_IRQHandler
                0x00000000080031bc       0x14 ./Core/Src/stm32f4xx_it.o
                0x00000000080031bc                USART2_IRQHandler
 .text._getpid  0x00000000080031d0       0x10 ./Core/Src/syscalls.o
                0x00000000080031d0                _getpid
 .text._kill    0x00000000080031e0       0x20 ./Core/Src/syscalls.o
                0x00000000080031e0                _kill
 .text._exit    0x0000000008003200       0x14 ./Core/Src/syscalls.o
                0x0000000008003200                _exit
 .text._read    0x0000000008003214       0x3a ./Core/Src/syscalls.o
                0x0000000008003214                _read
 .text._write   0x000000000800324e       0x38 ./Core/Src/syscalls.o
                0x000000000800324e                _write
 .text._close   0x0000000008003286       0x18 ./Core/Src/syscalls.o
                0x0000000008003286                _close
 .text._fstat   0x000000000800329e       0x20 ./Core/Src/syscalls.o
                0x000000000800329e                _fstat
 .text._isatty  0x00000000080032be       0x16 ./Core/Src/syscalls.o
                0x00000000080032be                _isatty
 .text._lseek   0x00000000080032d4       0x1a ./Core/Src/syscalls.o
                0x00000000080032d4                _lseek
 *fill*         0x00000000080032ee        0x2 
 .text._sbrk    0x00000000080032f0       0x6c ./Core/Src/sysmem.o
                0x00000000080032f0                _sbrk
 .text.SystemInit
                0x000000000800335c       0x24 ./Core/Src/system_stm32f4xx.o
                0x000000000800335c                SystemInit
 .text.Reset_Handler
                0x0000000008003380       0x50 ./Core/Startup/startup_stm32f446retx.o
                0x0000000008003380                Reset_Handler
 .text.Default_Handler
                0x00000000080033d0        0x2 ./Core/Startup/startup_stm32f446retx.o
                0x00000000080033d0                DMA1_Stream3_IRQHandler
                0x00000000080033d0                EXTI2_IRQHandler
                0x00000000080033d0                TIM8_CC_IRQHandler
                0x00000000080033d0                FMPI2C1_EV_IRQHandler
                0x00000000080033d0                SPI4_IRQHandler
                0x00000000080033d0                TIM1_CC_IRQHandler
                0x00000000080033d0                DMA2_Stream5_IRQHandler
                0x00000000080033d0                DMA1_Stream5_IRQHandler
                0x00000000080033d0                PVD_IRQHandler
                0x00000000080033d0                SDIO_IRQHandler
                0x00000000080033d0                TAMP_STAMP_IRQHandler
                0x00000000080033d0                CAN2_RX1_IRQHandler
                0x00000000080033d0                EXTI3_IRQHandler
                0x00000000080033d0                TIM8_TRG_COM_TIM14_IRQHandler
                0x00000000080033d0                TIM1_UP_TIM10_IRQHandler
                0x00000000080033d0                TIM8_UP_TIM13_IRQHandler
                0x00000000080033d0                I2C3_ER_IRQHandler
                0x00000000080033d0                EXTI0_IRQHandler
                0x00000000080033d0                I2C2_EV_IRQHandler
                0x00000000080033d0                DMA1_Stream2_IRQHandler
                0x00000000080033d0                CAN1_RX0_IRQHandler
                0x00000000080033d0                FPU_IRQHandler
                0x00000000080033d0                OTG_HS_WKUP_IRQHandler
                0x00000000080033d0                CAN2_SCE_IRQHandler
                0x00000000080033d0                DMA2_Stream2_IRQHandler
                0x00000000080033d0                SPI1_IRQHandler
                0x00000000080033d0                TIM6_DAC_IRQHandler
                0x00000000080033d0                TIM1_BRK_TIM9_IRQHandler
                0x00000000080033d0                DCMI_IRQHandler
                0x00000000080033d0                CAN2_RX0_IRQHandler
                0x00000000080033d0                DMA2_Stream3_IRQHandler
                0x00000000080033d0                SAI2_IRQHandler
                0x00000000080033d0                USART6_IRQHandler
                0x00000000080033d0                USART3_IRQHandler
                0x00000000080033d0                CAN1_RX1_IRQHandler
                0x00000000080033d0                UART5_IRQHandler
                0x00000000080033d0                DMA2_Stream0_IRQHandler
                0x00000000080033d0                TIM4_IRQHandler
                0x00000000080033d0                QUADSPI_IRQHandler
                0x00000000080033d0                I2C1_EV_IRQHandler
                0x00000000080033d0                DMA1_Stream6_IRQHandler
                0x00000000080033d0                DMA1_Stream1_IRQHandler
                0x00000000080033d0                UART4_IRQHandler
                0x00000000080033d0                TIM3_IRQHandler
                0x00000000080033d0                RCC_IRQHandler
                0x00000000080033d0                TIM8_BRK_TIM12_IRQHandler
                0x00000000080033d0                Default_Handler
                0x00000000080033d0                CEC_IRQHandler
                0x00000000080033d0                EXTI15_10_IRQHandler
                0x00000000080033d0                ADC_IRQHandler
                0x00000000080033d0                DMA1_Stream7_IRQHandler
                0x00000000080033d0                TIM7_IRQHandler
                0x00000000080033d0                CAN2_TX_IRQHandler
                0x00000000080033d0                TIM5_IRQHandler
                0x00000000080033d0                DMA2_Stream7_IRQHandler
                0x00000000080033d0                I2C3_EV_IRQHandler
                0x00000000080033d0                EXTI9_5_IRQHandler
                0x00000000080033d0                RTC_WKUP_IRQHandler
                0x00000000080033d0                SPDIF_RX_IRQHandler
                0x00000000080033d0                SPI2_IRQHandler
                0x00000000080033d0                OTG_HS_EP1_IN_IRQHandler
                0x00000000080033d0                DMA1_Stream0_IRQHandler
                0x00000000080033d0                CAN1_TX_IRQHandler
                0x00000000080033d0                FMPI2C1_ER_IRQHandler
                0x00000000080033d0                EXTI4_IRQHandler
                0x00000000080033d0                OTG_HS_EP1_OUT_IRQHandler
                0x00000000080033d0                WWDG_IRQHandler
                0x00000000080033d0                TIM2_IRQHandler
                0x00000000080033d0                OTG_FS_WKUP_IRQHandler
                0x00000000080033d0                TIM1_TRG_COM_TIM11_IRQHandler
                0x00000000080033d0                OTG_HS_IRQHandler
                0x00000000080033d0                EXTI1_IRQHandler
                0x00000000080033d0                I2C2_ER_IRQHandler
                0x00000000080033d0                DMA2_Stream1_IRQHandler
                0x00000000080033d0                CAN1_SCE_IRQHandler
                0x00000000080033d0                FLASH_IRQHandler
                0x00000000080033d0                DMA2_Stream4_IRQHandler
                0x00000000080033d0                USART1_IRQHandler
                0x00000000080033d0                OTG_FS_IRQHandler
                0x00000000080033d0                SPI3_IRQHandler
                0x00000000080033d0                DMA1_Stream4_IRQHandler
                0x00000000080033d0                I2C1_ER_IRQHandler
                0x00000000080033d0                FMC_IRQHandler
                0x00000000080033d0                DMA2_Stream6_IRQHandler
                0x00000000080033d0                SAI1_IRQHandler
                0x00000000080033d0                RTC_Alarm_IRQHandler
 *fill*         0x00000000080033d2        0x2 
 .text.HAL_Init
                0x00000000080033d4       0x44 ./Drivers/STM32F4xx_HAL_Driver/Src/stm32f4xx_hal.o
                0x00000000080033d4                HAL_Init
 .text.HAL_InitTick
                0x0000000008003418       0x60 ./Drivers/STM32F4xx_HAL_Driver/Src/stm32f4xx_hal.o
                0x0000000008003418                HAL_InitTick
 .text.HAL_IncTick
                0x0000000008003478       0x28 ./Drivers/STM32F4xx_HAL_Driver/Src/stm32f4xx_hal.o
                0x0000000008003478                HAL_IncTick
 .text.HAL_GetTick
                0x00000000080034a0       0x18 ./Drivers/STM32F4xx_HAL_Driver/Src/stm32f4xx_hal.o
                0x00000000080034a0                HAL_GetTick
 .text.HAL_CAN_Init
                0x00000000080034b8      0x1f6 ./Drivers/STM32F4xx_HAL_Driver/Src/stm32f4xx_hal_can.o
                0x00000000080034b8                HAL_CAN_Init
 *fill*         0x00000000080036ae        0x2 
 .text.__NVIC_SetPriorityGrouping
                0x00000000080036b0       0x48 ./Drivers/STM32F4xx_HAL_Driver/Src/stm32f4xx_hal_cortex.o
 .text.__NVIC_GetPriorityGrouping
                0x00000000080036f8       0x1c ./Drivers/STM32F4xx_HAL_Driver/Src/stm32f4xx_hal_cortex.o
 .text.__NVIC_EnableIRQ
                0x0000000008003714       0x3c ./Drivers/STM32F4xx_HAL_Driver/Src/stm32f4xx_hal_cortex.o
 .text.__NVIC_SetPriority
                0x0000000008003750       0x54 ./Drivers/STM32F4xx_HAL_Driver/Src/stm32f4xx_hal_cortex.o
 .text.NVIC_EncodePriority
                0x00000000080037a4       0x66 ./Drivers/STM32F4xx_HAL_Driver/Src/stm32f4xx_hal_cortex.o
 *fill*         0x000000000800380a        0x2 
 .text.SysTick_Config
                0x000000000800380c       0x44 ./Drivers/STM32F4xx_HAL_Driver/Src/stm32f4xx_hal_cortex.o
 .text.HAL_NVIC_SetPriorityGrouping
                0x0000000008003850       0x16 ./Drivers/STM32F4xx_HAL_Driver/Src/stm32f4xx_hal_cortex.o
                0x0000000008003850                HAL_NVIC_SetPriorityGrouping
 .text.HAL_NVIC_SetPriority
                0x0000000008003866       0x38 ./Drivers/STM32F4xx_HAL_Driver/Src/stm32f4xx_hal_cortex.o
                0x0000000008003866                HAL_NVIC_SetPriority
 .text.HAL_NVIC_EnableIRQ
                0x000000000800389e       0x1c ./Drivers/STM32F4xx_HAL_Driver/Src/stm32f4xx_hal_cortex.o
                0x000000000800389e                HAL_NVIC_EnableIRQ
 .text.HAL_SYSTICK_Config
                0x00000000080038ba       0x18 ./Drivers/STM32F4xx_HAL_Driver/Src/stm32f4xx_hal_cortex.o
                0x00000000080038ba                HAL_SYSTICK_Config
 .text.HAL_DMA_Abort
                0x00000000080038d2       0xe0 ./Drivers/STM32F4xx_HAL_Driver/Src/stm32f4xx_hal_dma.o
                0x00000000080038d2                HAL_DMA_Abort
 .text.HAL_DMA_Abort_IT
                0x00000000080039b2       0x44 ./Drivers/STM32F4xx_HAL_Driver/Src/stm32f4xx_hal_dma.o
                0x00000000080039b2                HAL_DMA_Abort_IT
 *fill*         0x00000000080039f6        0x2 
 .text.HAL_GPIO_Init
                0x00000000080039f8      0x328 ./Drivers/STM32F4xx_HAL_Driver/Src/stm32f4xx_hal_gpio.o
                0x00000000080039f8                HAL_GPIO_Init
 .text.HAL_GPIO_WritePin
                0x0000000008003d20       0x32 ./Drivers/STM32F4xx_HAL_Driver/Src/stm32f4xx_hal_gpio.o
                0x0000000008003d20                HAL_GPIO_WritePin
 *fill*         0x0000000008003d52        0x2 
 .text.HAL_PWREx_EnableOverDrive
                0x0000000008003d54       0xa0 ./Drivers/STM32F4xx_HAL_Driver/Src/stm32f4xx_hal_pwr_ex.o
                0x0000000008003d54                HAL_PWREx_EnableOverDrive
 .text.HAL_RCC_ClockConfig
                0x0000000008003df4      0x1cc ./Drivers/STM32F4xx_HAL_Driver/Src/stm32f4xx_hal_rcc.o
                0x0000000008003df4                HAL_RCC_ClockConfig
 .text.HAL_RCC_GetHCLKFreq
                0x0000000008003fc0       0x18 ./Drivers/STM32F4xx_HAL_Driver/Src/stm32f4xx_hal_rcc.o
                0x0000000008003fc0                HAL_RCC_GetHCLKFreq
 .text.HAL_RCC_GetPCLK1Freq
                0x0000000008003fd8       0x28 ./Drivers/STM32F4xx_HAL_Driver/Src/stm32f4xx_hal_rcc.o
                0x0000000008003fd8                HAL_RCC_GetPCLK1Freq
 .text.HAL_RCC_GetPCLK2Freq
                0x0000000008004000       0x28 ./Drivers/STM32F4xx_HAL_Driver/Src/stm32f4xx_hal_rcc.o
                0x0000000008004000                HAL_RCC_GetPCLK2Freq
 .text.HAL_RCC_GetSysClockFreq
                0x0000000008004028      0x354 ./Drivers/STM32F4xx_HAL_Driver/Src/stm32f4xx_hal_rcc_ex.o
                0x0000000008004028                HAL_RCC_GetSysClockFreq
 .text.HAL_RCC_OscConfig
                0x000000000800437c      0x53c ./Drivers/STM32F4xx_HAL_Driver/Src/stm32f4xx_hal_rcc_ex.o
                0x000000000800437c                HAL_RCC_OscConfig
 .text.HAL_SPI_Init
                0x00000000080048b8      0x112 ./Drivers/STM32F4xx_HAL_Driver/Src/stm32f4xx_hal_spi.o
                0x00000000080048b8                HAL_SPI_Init
 .text.HAL_SPI_Transmit
                0x00000000080049ca      0x278 ./Drivers/STM32F4xx_HAL_Driver/Src/stm32f4xx_hal_spi.o
                0x00000000080049ca                HAL_SPI_Transmit
 .text.HAL_SPI_Receive
                0x0000000008004c42      0x222 ./Drivers/STM32F4xx_HAL_Driver/Src/stm32f4xx_hal_spi.o
                0x0000000008004c42                HAL_SPI_Receive
 .text.HAL_SPI_TransmitReceive
                0x0000000008004e64      0x344 ./Drivers/STM32F4xx_HAL_Driver/Src/stm32f4xx_hal_spi.o
                0x0000000008004e64                HAL_SPI_TransmitReceive
 .text.SPI_WaitFlagStateUntilTimeout
                0x00000000080051a8      0x110 ./Drivers/STM32F4xx_HAL_Driver/Src/stm32f4xx_hal_spi.o
 .text.SPI_EndRxTransaction
                0x00000000080052b8       0xca ./Drivers/STM32F4xx_HAL_Driver/Src/stm32f4xx_hal_spi.o
 *fill*         0x0000000008005382        0x2 
 .text.SPI_EndRxTxTransaction
                0x0000000008005384       0x84 ./Drivers/STM32F4xx_HAL_Driver/Src/stm32f4xx_hal_spi.o
 .text.HAL_TIM_Base_Init
                0x0000000008005408       0x9e ./Drivers/STM32F4xx_HAL_Driver/Src/stm32f4xx_hal_tim.o
                0x0000000008005408                HAL_TIM_Base_Init
 .text.HAL_TIM_ConfigClockSource
                0x00000000080054a6      0x18e ./Drivers/STM32F4xx_HAL_Driver/Src/stm32f4xx_hal_tim.o
                0x00000000080054a6                HAL_TIM_ConfigClockSource
 .text.TIM_Base_SetConfig
                0x0000000008005634      0x140 ./Drivers/STM32F4xx_HAL_Driver/Src/stm32f4xx_hal_tim.o
                0x0000000008005634                TIM_Base_SetConfig
 .text.TIM_TI1_ConfigInputStage
                0x0000000008005774       0x5e ./Drivers/STM32F4xx_HAL_Driver/Src/stm32f4xx_hal_tim.o
 .text.TIM_TI2_ConfigInputStage
                0x00000000080057d2       0x60 ./Drivers/STM32F4xx_HAL_Driver/Src/stm32f4xx_hal_tim.o
 .text.TIM_ITRx_SetConfig
                0x0000000008005832       0x36 ./Drivers/STM32F4xx_HAL_Driver/Src/stm32f4xx_hal_tim.o
 .text.TIM_ETR_SetConfig
                0x0000000008005868       0x40 ./Drivers/STM32F4xx_HAL_Driver/Src/stm32f4xx_hal_tim.o
                0x0000000008005868                TIM_ETR_SetConfig
 .text.HAL_TIMEx_MasterConfigSynchronization
                0x00000000080058a8       0xf8 ./Drivers/STM32F4xx_HAL_Driver/Src/stm32f4xx_hal_tim_ex.o
                0x00000000080058a8                HAL_TIMEx_MasterConfigSynchronization
 .text.HAL_UART_Init
                0x00000000080059a0       0x9a ./Drivers/STM32F4xx_HAL_Driver/Src/stm32f4xx_hal_uart.o
                0x00000000080059a0                HAL_UART_Init
 .text.HAL_UART_Transmit
                0x0000000008005a3a      0x124 ./Drivers/STM32F4xx_HAL_Driver/Src/stm32f4xx_hal_uart.o
                0x0000000008005a3a                HAL_UART_Transmit
 *fill*         0x0000000008005b5e        0x2 
 .text.HAL_UART_IRQHandler
                0x0000000008005b60      0x51c ./Drivers/STM32F4xx_HAL_Driver/Src/stm32f4xx_hal_uart.o
                0x0000000008005b60                HAL_UART_IRQHandler
 .text.HAL_UART_RxCpltCallback
                0x000000000800607c       0x14 ./Drivers/STM32F4xx_HAL_Driver/Src/stm32f4xx_hal_uart.o
                0x000000000800607c                HAL_UART_RxCpltCallback
 .text.HAL_UART_ErrorCallback
                0x0000000008006090       0x14 ./Drivers/STM32F4xx_HAL_Driver/Src/stm32f4xx_hal_uart.o
                0x0000000008006090                HAL_UART_ErrorCallback
 .text.HAL_UARTEx_RxEventCallback
                0x00000000080060a4       0x18 ./Drivers/STM32F4xx_HAL_Driver/Src/stm32f4xx_hal_uart.o
                0x00000000080060a4                HAL_UARTEx_RxEventCallback
 .text.UART_WaitOnFlagUntilTimeout
                0x00000000080060bc       0xdc ./Drivers/STM32F4xx_HAL_Driver/Src/stm32f4xx_hal_uart.o
 .text.UART_EndRxTransfer
                0x0000000008006198       0xc6 ./Drivers/STM32F4xx_HAL_Driver/Src/stm32f4xx_hal_uart.o
 .text.UART_DMAAbortOnError
                0x000000000800625e       0x28 ./Drivers/STM32F4xx_HAL_Driver/Src/stm32f4xx_hal_uart.o
 .text.UART_Transmit_IT
                0x0000000008006286       0xa0 ./Drivers/STM32F4xx_HAL_Driver/Src/stm32f4xx_hal_uart.o
 .text.UART_EndTransmit_IT
                0x0000000008006326       0x30 ./Drivers/STM32F4xx_HAL_Driver/Src/stm32f4xx_hal_uart.o
 .text.UART_Receive_IT
                0x0000000008006356      0x176 ./Drivers/STM32F4xx_HAL_Driver/Src/stm32f4xx_hal_uart.o
 .text.UART_SetConfig
                0x00000000080064cc      0x4e8 ./Drivers/STM32F4xx_HAL_Driver/Src/stm32f4xx_hal_uart.o
 .text.__NVIC_SetPriority
                0x00000000080069b4       0x54 ./Middlewares/Third_Party/FreeRTOS/Source/CMSIS_RTOS_V2/cmsis_os2.o
 .text.SVC_Setup
                0x0000000008006a08       0x12 ./Middlewares/Third_Party/FreeRTOS/Source/CMSIS_RTOS_V2/cmsis_os2.o
 *fill*         0x0000000008006a1a        0x2 
 .text.osKernelInitialize
                0x0000000008006a1c       0x48 ./Middlewares/Third_Party/FreeRTOS/Source/CMSIS_RTOS_V2/cmsis_os2.o
                0x0000000008006a1c                osKernelInitialize
 .text.osKernelStart
                0x0000000008006a64       0x4c ./Middlewares/Third_Party/FreeRTOS/Source/CMSIS_RTOS_V2/cmsis_os2.o
                0x0000000008006a64                osKernelStart
 .text.osThreadNew
                0x0000000008006ab0      0x124 ./Middlewares/Third_Party/FreeRTOS/Source/CMSIS_RTOS_V2/cmsis_os2.o
                0x0000000008006ab0                osThreadNew
 .text.osDelay  0x0000000008006bd4       0x36 ./Middlewares/Third_Party/FreeRTOS/Source/CMSIS_RTOS_V2/cmsis_os2.o
                0x0000000008006bd4                osDelay
 *fill*         0x0000000008006c0a        0x2 
 .text.vApplicationGetIdleTaskMemory
                0x0000000008006c0c       0x34 ./Middlewares/Third_Party/FreeRTOS/Source/CMSIS_RTOS_V2/cmsis_os2.o
                0x0000000008006c0c                vApplicationGetIdleTaskMemory
 .text.vApplicationGetTimerTaskMemory
                0x0000000008006c40       0x34 ./Middlewares/Third_Party/FreeRTOS/Source/CMSIS_RTOS_V2/cmsis_os2.o
                0x0000000008006c40                vApplicationGetTimerTaskMemory
 .text.vListInitialise
                0x0000000008006c74       0x40 ./Middlewares/Third_Party/FreeRTOS/Source/list.o
                0x0000000008006c74                vListInitialise
 .text.vListInitialiseItem
                0x0000000008006cb4       0x1a ./Middlewares/Third_Party/FreeRTOS/Source/list.o
                0x0000000008006cb4                vListInitialiseItem
 .text.vListInsertEnd
                0x0000000008006cce       0x48 ./Middlewares/Third_Party/FreeRTOS/Source/list.o
                0x0000000008006cce                vListInsertEnd
 .text.vListInsert
                0x0000000008006d16       0x72 ./Middlewares/Third_Party/FreeRTOS/Source/list.o
                0x0000000008006d16                vListInsert
 .text.uxListRemove
                0x0000000008006d88       0x54 ./Middlewares/Third_Party/FreeRTOS/Source/list.o
                0x0000000008006d88                uxListRemove
 .text.xQueueGenericReset
                0x0000000008006ddc       0xd0 ./Middlewares/Third_Party/FreeRTOS/Source/queue.o
                0x0000000008006ddc                xQueueGenericReset
 .text.xQueueGenericCreateStatic
                0x0000000008006eac       0xf0 ./Middlewares/Third_Party/FreeRTOS/Source/queue.o
                0x0000000008006eac                xQueueGenericCreateStatic
 .text.prvInitialiseNewQueue
                0x0000000008006f9c       0x46 ./Middlewares/Third_Party/FreeRTOS/Source/queue.o
 *fill*         0x0000000008006fe2        0x2 
 .text.xQueueGenericSend
                0x0000000008006fe4      0x1fc ./Middlewares/Third_Party/FreeRTOS/Source/queue.o
                0x0000000008006fe4                xQueueGenericSend
 .text.xQueueGenericSendFromISR
                0x00000000080071e0      0x136 ./Middlewares/Third_Party/FreeRTOS/Source/queue.o
                0x00000000080071e0                xQueueGenericSendFromISR
 *fill*         0x0000000008007316        0x2 
 .text.xQueueReceive
                0x0000000008007318      0x1c0 ./Middlewares/Third_Party/FreeRTOS/Source/queue.o
                0x0000000008007318                xQueueReceive
 .text.prvCopyDataToQueue
                0x00000000080074d8       0xd4 ./Middlewares/Third_Party/FreeRTOS/Source/queue.o
 .text.prvCopyDataFromQueue
                0x00000000080075ac       0x4c ./Middlewares/Third_Party/FreeRTOS/Source/queue.o
 .text.prvUnlockQueue
                0x00000000080075f8       0xa4 ./Middlewares/Third_Party/FreeRTOS/Source/queue.o
 .text.prvIsQueueEmpty
                0x000000000800769c       0x2c ./Middlewares/Third_Party/FreeRTOS/Source/queue.o
 .text.prvIsQueueFull
                0x00000000080076c8       0x30 ./Middlewares/Third_Party/FreeRTOS/Source/queue.o
 .text.vQueueAddToRegistry
                0x00000000080076f8       0x54 ./Middlewares/Third_Party/FreeRTOS/Source/queue.o
                0x00000000080076f8                vQueueAddToRegistry
 .text.vQueueWaitForMessageRestricted
                0x000000000800774c       0x68 ./Middlewares/Third_Party/FreeRTOS/Source/queue.o
                0x000000000800774c                vQueueWaitForMessageRestricted
 .text.xTaskCreateStatic
                0x00000000080077b4       0xba ./Middlewares/Third_Party/FreeRTOS/Source/tasks.o
                0x00000000080077b4                xTaskCreateStatic
 .text.xTaskCreate
                0x000000000800786e       0x8a ./Middlewares/Third_Party/FreeRTOS/Source/tasks.o
                0x000000000800786e                xTaskCreate
 .text.prvInitialiseNewTask
                0x00000000080078f8      0x14c ./Middlewares/Third_Party/FreeRTOS/Source/tasks.o
 .text.prvAddNewTaskToReadyList
                0x0000000008007a44       0xe0 ./Middlewares/Third_Party/FreeRTOS/Source/tasks.o
 .text.vTaskDelay
                0x0000000008007b24       0x68 ./Middlewares/Third_Party/FreeRTOS/Source/tasks.o
                0x0000000008007b24                vTaskDelay
 .text.vTaskStartScheduler
                0x0000000008007b8c       0xe0 ./Middlewares/Third_Party/FreeRTOS/Source/tasks.o
                0x0000000008007b8c                vTaskStartScheduler
 .text.vTaskSuspendAll
                0x0000000008007c6c       0x1c ./Middlewares/Third_Party/FreeRTOS/Source/tasks.o
                0x0000000008007c6c                vTaskSuspendAll
 .text.xTaskResumeAll
                0x0000000008007c88      0x13c ./Middlewares/Third_Party/FreeRTOS/Source/tasks.o
                0x0000000008007c88                xTaskResumeAll
 .text.xTaskGetTickCount
                0x0000000008007dc4       0x20 ./Middlewares/Third_Party/FreeRTOS/Source/tasks.o
                0x0000000008007dc4                xTaskGetTickCount
 .text.xTaskIncrementTick
                0x0000000008007de4      0x174 ./Middlewares/Third_Party/FreeRTOS/Source/tasks.o
                0x0000000008007de4                xTaskIncrementTick
 .text.vTaskSwitchContext
                0x0000000008007f58       0xc8 ./Middlewares/Third_Party/FreeRTOS/Source/tasks.o
                0x0000000008007f58                vTaskSwitchContext
 .text.vTaskPlaceOnEventList
                0x0000000008008020       0x48 ./Middlewares/Third_Party/FreeRTOS/Source/tasks.o
                0x0000000008008020                vTaskPlaceOnEventList
 .text.vTaskPlaceOnEventListRestricted
                0x0000000008008068       0x58 ./Middlewares/Third_Party/FreeRTOS/Source/tasks.o
                0x0000000008008068                vTaskPlaceOnEventListRestricted
 .text.xTaskRemoveFromEventList
                0x00000000080080c0       0xc8 ./Middlewares/Third_Party/FreeRTOS/Source/tasks.o
                0x00000000080080c0                xTaskRemoveFromEventList
 .text.vTaskInternalSetTimeOutState
                0x0000000008008188       0x2c ./Middlewares/Third_Party/FreeRTOS/Source/tasks.o
                0x0000000008008188                vTaskInternalSetTimeOutState
 .text.xTaskCheckForTimeOut
                0x00000000080081b4       0xc4 ./Middlewares/Third_Party/FreeRTOS/Source/tasks.o
                0x00000000080081b4                xTaskCheckForTimeOut
 .text.vTaskMissedYield
                0x0000000008008278       0x18 ./Middlewares/Third_Party/FreeRTOS/Source/tasks.o
                0x0000000008008278                vTaskMissedYield
 .text.prvIdleTask
                0x0000000008008290       0x30 ./Middlewares/Third_Party/FreeRTOS/Source/tasks.o
 .text.prvInitialiseTaskLists
                0x00000000080082c0       0x80 ./Middlewares/Third_Party/FreeRTOS/Source/tasks.o
 .text.prvCheckTasksWaitingTermination
                0x0000000008008340       0x5c ./Middlewares/Third_Party/FreeRTOS/Source/tasks.o
 .text.prvDeleteTCB
                0x000000000800839c       0x68 ./Middlewares/Third_Party/FreeRTOS/Source/tasks.o
 .text.prvResetNextTaskUnblockTime
                0x0000000008008404       0x40 ./Middlewares/Third_Party/FreeRTOS/Source/tasks.o
 .text.xTaskGetSchedulerState
                0x0000000008008444       0x3c ./Middlewares/Third_Party/FreeRTOS/Source/tasks.o
                0x0000000008008444                xTaskGetSchedulerState
 .text.xTaskPriorityDisinherit
                0x0000000008008480       0xdc ./Middlewares/Third_Party/FreeRTOS/Source/tasks.o
                0x0000000008008480                xTaskPriorityDisinherit
 .text.prvAddCurrentTaskToDelayedList
                0x000000000800855c       0xa8 ./Middlewares/Third_Party/FreeRTOS/Source/tasks.o
 .text.xTimerCreateTimerTask
                0x0000000008008604       0x90 ./Middlewares/Third_Party/FreeRTOS/Source/timers.o
                0x0000000008008604                xTimerCreateTimerTask
 .text.xTimerGenericCommand
                0x0000000008008694       0x9c ./Middlewares/Third_Party/FreeRTOS/Source/timers.o
                0x0000000008008694                xTimerGenericCommand
 .text.prvProcessExpiredTimer
                0x0000000008008730       0x98 ./Middlewares/Third_Party/FreeRTOS/Source/timers.o
 .text.prvTimerTask
                0x00000000080087c8       0x24 ./Middlewares/Third_Party/FreeRTOS/Source/timers.o
 .text.prvProcessTimerOrBlockTask
                0x00000000080087ec       0x9c ./Middlewares/Third_Party/FreeRTOS/Source/timers.o
 .text.prvGetNextExpireTime
                0x0000000008008888       0x48 ./Middlewares/Third_Party/FreeRTOS/Source/timers.o
 .text.prvSampleTimeNow
                0x00000000080088d0       0x40 ./Middlewares/Third_Party/FreeRTOS/Source/timers.o
 .text.prvInsertTimerInActiveList
                0x0000000008008910       0x84 ./Middlewares/Third_Party/FreeRTOS/Source/timers.o
 .text.prvProcessReceivedCommands
                0x0000000008008994      0x1c4 ./Middlewares/Third_Party/FreeRTOS/Source/timers.o
 .text.prvSwitchTimerLists
                0x0000000008008b58       0xc8 ./Middlewares/Third_Party/FreeRTOS/Source/timers.o
 .text.prvCheckForValidListAndQueue
                0x0000000008008c20       0x80 ./Middlewares/Third_Party/FreeRTOS/Source/timers.o
 .text.pxPortInitialiseStack
                0x0000000008008ca0       0x68 ./Middlewares/Third_Party/FreeRTOS/Source/portable/GCC/ARM_CM4F/port.o
                0x0000000008008ca0                pxPortInitialiseStack
 .text.prvTaskExitError
                0x0000000008008d08       0x58 ./Middlewares/Third_Party/FreeRTOS/Source/portable/GCC/ARM_CM4F/port.o
 .text.SVC_Handler
                0x0000000008008d60       0x28 ./Middlewares/Third_Party/FreeRTOS/Source/portable/GCC/ARM_CM4F/port.o
                0x0000000008008d60                SVC_Handler
 .text.prvPortStartFirstTask
                0x0000000008008d88       0x28 ./Middlewares/Third_Party/FreeRTOS/Source/portable/GCC/ARM_CM4F/port.o
 .text.xPortStartScheduler
                0x0000000008008db0      0x144 ./Middlewares/Third_Party/FreeRTOS/Source/portable/GCC/ARM_CM4F/port.o
                0x0000000008008db0                xPortStartScheduler
 .text.vPortEnterCritical
                0x0000000008008ef4       0x60 ./Middlewares/Third_Party/FreeRTOS/Source/portable/GCC/ARM_CM4F/port.o
                0x0000000008008ef4                vPortEnterCritical
 .text.vPortExitCritical
                0x0000000008008f54       0x54 ./Middlewares/Third_Party/FreeRTOS/Source/portable/GCC/ARM_CM4F/port.o
                0x0000000008008f54                vPortExitCritical
 *fill*         0x0000000008008fa8        0x8 
 .text.PendSV_Handler
                0x0000000008008fb0       0x68 ./Middlewares/Third_Party/FreeRTOS/Source/portable/GCC/ARM_CM4F/port.o
                0x0000000008008fb0                PendSV_Handler
 .text.xPortSysTickHandler
                0x0000000008009018       0x44 ./Middlewares/Third_Party/FreeRTOS/Source/portable/GCC/ARM_CM4F/port.o
                0x0000000008009018                xPortSysTickHandler
 .text.vPortSetupTimerInterrupt
                0x000000000800905c       0x48 ./Middlewares/Third_Party/FreeRTOS/Source/portable/GCC/ARM_CM4F/port.o
                0x000000000800905c                vPortSetupTimerInterrupt
 .text.vPortEnableVFP
                0x00000000080090a4       0x14 ./Middlewares/Third_Party/FreeRTOS/Source/portable/GCC/ARM_CM4F/port.o
 .text.vPortValidateInterruptPriority
                0x00000000080090b8       0x80 ./Middlewares/Third_Party/FreeRTOS/Source/portable/GCC/ARM_CM4F/port.o
                0x00000000080090b8                vPortValidateInterruptPriority
 .text.pvPortMalloc
                0x0000000008009138      0x198 ./Middlewares/Third_Party/FreeRTOS/Source/portable/MemMang/heap_4.o
                0x0000000008009138                pvPortMalloc
 .text.vPortFree
                0x00000000080092d0       0xc4 ./Middlewares/Third_Party/FreeRTOS/Source/portable/MemMang/heap_4.o
                0x00000000080092d0                vPortFree
 .text.prvHeapInit
                0x0000000008009394       0xc4 ./Middlewares/Third_Party/FreeRTOS/Source/portable/MemMang/heap_4.o
 .text.prvInsertBlockIntoFreeList
                0x0000000008009458       0xb4 ./Middlewares/Third_Party/FreeRTOS/Source/portable/MemMang/heap_4.o
 .text.__cvt    0x000000000800950c       0xc4 /Applications/STM32CubeIDE.app/Contents/Eclipse/plugins/com.st.stm32cube.ide.mcu.externaltools.gnu-tools-for-stm32.11.3.rel1.macos64_1.1.0.202305231506/tools/bin/../lib/gcc/arm-none-eabi/11.3.1/../../../../arm-none-eabi/lib/thumb/v7e-m+fp/hard/libc_nano.a(libc_a-nano-vfprintf_float.o)
                0x000000000800950c                __cvt
 .text.__exponent
                0x00000000080095d0       0x7c /Applications/STM32CubeIDE.app/Contents/Eclipse/plugins/com.st.stm32cube.ide.mcu.externaltools.gnu-tools-for-stm32.11.3.rel1.macos64_1.1.0.202305231506/tools/bin/../lib/gcc/arm-none-eabi/11.3.1/../../../../arm-none-eabi/lib/thumb/v7e-m+fp/hard/libc_nano.a(libc_a-nano-vfprintf_float.o)
                0x00000000080095d0                __exponent
 .text._printf_float
                0x000000000800964c      0x46c /Applications/STM32CubeIDE.app/Contents/Eclipse/plugins/com.st.stm32cube.ide.mcu.externaltools.gnu-tools-for-stm32.11.3.rel1.macos64_1.1.0.202305231506/tools/bin/../lib/gcc/arm-none-eabi/11.3.1/../../../../arm-none-eabi/lib/thumb/v7e-m+fp/hard/libc_nano.a(libc_a-nano-vfprintf_float.o)
                0x000000000800964c                _printf_float
 .text.malloc   0x0000000008009ab8       0x10 /Applications/STM32CubeIDE.app/Contents/Eclipse/plugins/com.st.stm32cube.ide.mcu.externaltools.gnu-tools-for-stm32.11.3.rel1.macos64_1.1.0.202305231506/tools/bin/../lib/gcc/arm-none-eabi/11.3.1/../../../../arm-none-eabi/lib/thumb/v7e-m+fp/hard/libc_nano.a(libc_a-malloc.o)
                0x0000000008009ab8                malloc
 .text.free     0x0000000008009ac8       0x10 /Applications/STM32CubeIDE.app/Contents/Eclipse/plugins/com.st.stm32cube.ide.mcu.externaltools.gnu-tools-for-stm32.11.3.rel1.macos64_1.1.0.202305231506/tools/bin/../lib/gcc/arm-none-eabi/11.3.1/../../../../arm-none-eabi/lib/thumb/v7e-m+fp/hard/libc_nano.a(libc_a-malloc.o)
                0x0000000008009ac8                free
 .text.sbrk_aligned
                0x0000000008009ad8       0x40 /Applications/STM32CubeIDE.app/Contents/Eclipse/plugins/com.st.stm32cube.ide.mcu.externaltools.gnu-tools-for-stm32.11.3.rel1.macos64_1.1.0.202305231506/tools/bin/../lib/gcc/arm-none-eabi/11.3.1/../../../../arm-none-eabi/lib/thumb/v7e-m+fp/hard/libc_nano.a(libc_a-mallocr.o)
 .text._malloc_r
                0x0000000008009b18      0x100 /Applications/STM32CubeIDE.app/Contents/Eclipse/plugins/com.st.stm32cube.ide.mcu.externaltools.gnu-tools-for-stm32.11.3.rel1.macos64_1.1.0.202305231506/tools/bin/../lib/gcc/arm-none-eabi/11.3.1/../../../../arm-none-eabi/lib/thumb/v7e-m+fp/hard/libc_nano.a(libc_a-mallocr.o)
                0x0000000008009b18                _malloc_r
 .text._printf_common
                0x0000000008009c18       0xda /Applications/STM32CubeIDE.app/Contents/Eclipse/plugins/com.st.stm32cube.ide.mcu.externaltools.gnu-tools-for-stm32.11.3.rel1.macos64_1.1.0.202305231506/tools/bin/../lib/gcc/arm-none-eabi/11.3.1/../../../../arm-none-eabi/lib/thumb/v7e-m+fp/hard/libc_nano.a(libc_a-nano-vfprintf_i.o)
                0x0000000008009c18                _printf_common
 *fill*         0x0000000008009cf2        0x2 
 .text._printf_i
                0x0000000008009cf4      0x244 /Applications/STM32CubeIDE.app/Contents/Eclipse/plugins/com.st.stm32cube.ide.mcu.externaltools.gnu-tools-for-stm32.11.3.rel1.macos64_1.1.0.202305231506/tools/bin/../lib/gcc/arm-none-eabi/11.3.1/../../../../arm-none-eabi/lib/thumb/v7e-m+fp/hard/libc_nano.a(libc_a-nano-vfprintf_i.o)
                0x0000000008009cf4                _printf_i
 .text.__malloc_lock
                0x0000000008009f38        0xc /Applications/STM32CubeIDE.app/Contents/Eclipse/plugins/com.st.stm32cube.ide.mcu.externaltools.gnu-tools-for-stm32.11.3.rel1.macos64_1.1.0.202305231506/tools/bin/../lib/gcc/arm-none-eabi/11.3.1/../../../../arm-none-eabi/lib/thumb/v7e-m+fp/hard/libc_nano.a(libc_a-mlock.o)
                0x0000000008009f38                __malloc_lock
 .text.__malloc_unlock
                0x0000000008009f44        0xc /Applications/STM32CubeIDE.app/Contents/Eclipse/plugins/com.st.stm32cube.ide.mcu.externaltools.gnu-tools-for-stm32.11.3.rel1.macos64_1.1.0.202305231506/tools/bin/../lib/gcc/arm-none-eabi/11.3.1/../../../../arm-none-eabi/lib/thumb/v7e-m+fp/hard/libc_nano.a(libc_a-mlock.o)
                0x0000000008009f44                __malloc_unlock
 .text.sprintf  0x0000000008009f50       0x40 /Applications/STM32CubeIDE.app/Contents/Eclipse/plugins/com.st.stm32cube.ide.mcu.externaltools.gnu-tools-for-stm32.11.3.rel1.macos64_1.1.0.202305231506/tools/bin/../lib/gcc/arm-none-eabi/11.3.1/../../../../arm-none-eabi/lib/thumb/v7e-m+fp/hard/libc_nano.a(libc_a-sprintf.o)
                0x0000000008009f50                sprintf
                0x0000000008009f50                siprintf
 .text.std      0x0000000008009f90       0x48 /Applications/STM32CubeIDE.app/Contents/Eclipse/plugins/com.st.stm32cube.ide.mcu.externaltools.gnu-tools-for-stm32.11.3.rel1.macos64_1.1.0.202305231506/tools/bin/../lib/gcc/arm-none-eabi/11.3.1/../../../../arm-none-eabi/lib/thumb/v7e-m+fp/hard/libc_nano.a(libc_a-findfp.o)
 .text.stdio_exit_handler
                0x0000000008009fd8       0x18 /Applications/STM32CubeIDE.app/Contents/Eclipse/plugins/com.st.stm32cube.ide.mcu.externaltools.gnu-tools-for-stm32.11.3.rel1.macos64_1.1.0.202305231506/tools/bin/../lib/gcc/arm-none-eabi/11.3.1/../../../../arm-none-eabi/lib/thumb/v7e-m+fp/hard/libc_nano.a(libc_a-findfp.o)
 .text.cleanup_stdio
                0x0000000008009ff0       0x40 /Applications/STM32CubeIDE.app/Contents/Eclipse/plugins/com.st.stm32cube.ide.mcu.externaltools.gnu-tools-for-stm32.11.3.rel1.macos64_1.1.0.202305231506/tools/bin/../lib/gcc/arm-none-eabi/11.3.1/../../../../arm-none-eabi/lib/thumb/v7e-m+fp/hard/libc_nano.a(libc_a-findfp.o)
 .text.global_stdio_init.part.0
                0x000000000800a030       0x3c /Applications/STM32CubeIDE.app/Contents/Eclipse/plugins/com.st.stm32cube.ide.mcu.externaltools.gnu-tools-for-stm32.11.3.rel1.macos64_1.1.0.202305231506/tools/bin/../lib/gcc/arm-none-eabi/11.3.1/../../../../arm-none-eabi/lib/thumb/v7e-m+fp/hard/libc_nano.a(libc_a-findfp.o)
 .text.__sfp_lock_acquire
                0x000000000800a06c        0xc /Applications/STM32CubeIDE.app/Contents/Eclipse/plugins/com.st.stm32cube.ide.mcu.externaltools.gnu-tools-for-stm32.11.3.rel1.macos64_1.1.0.202305231506/tools/bin/../lib/gcc/arm-none-eabi/11.3.1/../../../../arm-none-eabi/lib/thumb/v7e-m+fp/hard/libc_nano.a(libc_a-findfp.o)
                0x000000000800a06c                __sfp_lock_acquire
 .text.__sfp_lock_release
                0x000000000800a078        0xc /Applications/STM32CubeIDE.app/Contents/Eclipse/plugins/com.st.stm32cube.ide.mcu.externaltools.gnu-tools-for-stm32.11.3.rel1.macos64_1.1.0.202305231506/tools/bin/../lib/gcc/arm-none-eabi/11.3.1/../../../../arm-none-eabi/lib/thumb/v7e-m+fp/hard/libc_nano.a(libc_a-findfp.o)
                0x000000000800a078                __sfp_lock_release
 .text.__sinit  0x000000000800a084       0x30 /Applications/STM32CubeIDE.app/Contents/Eclipse/plugins/com.st.stm32cube.ide.mcu.externaltools.gnu-tools-for-stm32.11.3.rel1.macos64_1.1.0.202305231506/tools/bin/../lib/gcc/arm-none-eabi/11.3.1/../../../../arm-none-eabi/lib/thumb/v7e-m+fp/hard/libc_nano.a(libc_a-findfp.o)
                0x000000000800a084                __sinit
 .text._fwalk_sglue
                0x000000000800a0b4       0x3c /Applications/STM32CubeIDE.app/Contents/Eclipse/plugins/com.st.stm32cube.ide.mcu.externaltools.gnu-tools-for-stm32.11.3.rel1.macos64_1.1.0.202305231506/tools/bin/../lib/gcc/arm-none-eabi/11.3.1/../../../../arm-none-eabi/lib/thumb/v7e-m+fp/hard/libc_nano.a(libc_a-fwalk.o)
                0x000000000800a0b4                _fwalk_sglue
 .text.memset   0x000000000800a0f0       0x10 /Applications/STM32CubeIDE.app/Contents/Eclipse/plugins/com.st.stm32cube.ide.mcu.externaltools.gnu-tools-for-stm32.11.3.rel1.macos64_1.1.0.202305231506/tools/bin/../lib/gcc/arm-none-eabi/11.3.1/../../../../arm-none-eabi/lib/thumb/v7e-m+fp/hard/libc_nano.a(libc_a-memset.o)
                0x000000000800a0f0                memset
 .text._localeconv_r
                0x000000000800a100        0x8 /Applications/STM32CubeIDE.app/Contents/Eclipse/plugins/com.st.stm32cube.ide.mcu.externaltools.gnu-tools-for-stm32.11.3.rel1.macos64_1.1.0.202305231506/tools/bin/../lib/gcc/arm-none-eabi/11.3.1/../../../../arm-none-eabi/lib/thumb/v7e-m+fp/hard/libc_nano.a(libc_a-localeconv.o)
                0x000000000800a100                _localeconv_r
 .text._reclaim_reent
                0x000000000800a108       0xac /Applications/STM32CubeIDE.app/Contents/Eclipse/plugins/com.st.stm32cube.ide.mcu.externaltools.gnu-tools-for-stm32.11.3.rel1.macos64_1.1.0.202305231506/tools/bin/../lib/gcc/arm-none-eabi/11.3.1/../../../../arm-none-eabi/lib/thumb/v7e-m+fp/hard/libc_nano.a(libc_a-reent.o)
                0x000000000800a108                _reclaim_reent
 .text._sbrk_r  0x000000000800a1b4       0x20 /Applications/STM32CubeIDE.app/Contents/Eclipse/plugins/com.st.stm32cube.ide.mcu.externaltools.gnu-tools-for-stm32.11.3.rel1.macos64_1.1.0.202305231506/tools/bin/../lib/gcc/arm-none-eabi/11.3.1/../../../../arm-none-eabi/lib/thumb/v7e-m+fp/hard/libc_nano.a(libc_a-sbrkr.o)
                0x000000000800a1b4                _sbrk_r
 .text.__errno  0x000000000800a1d4        0xc /Applications/STM32CubeIDE.app/Contents/Eclipse/plugins/com.st.stm32cube.ide.mcu.externaltools.gnu-tools-for-stm32.11.3.rel1.macos64_1.1.0.202305231506/tools/bin/../lib/gcc/arm-none-eabi/11.3.1/../../../../arm-none-eabi/lib/thumb/v7e-m+fp/hard/libc_nano.a(libc_a-errno.o)
                0x000000000800a1d4                __errno
 .text.__libc_init_array
                0x000000000800a1e0       0x48 /Applications/STM32CubeIDE.app/Contents/Eclipse/plugins/com.st.stm32cube.ide.mcu.externaltools.gnu-tools-for-stm32.11.3.rel1.macos64_1.1.0.202305231506/tools/bin/../lib/gcc/arm-none-eabi/11.3.1/../../../../arm-none-eabi/lib/thumb/v7e-m+fp/hard/libc_nano.a(libc_a-init.o)
                0x000000000800a1e0                __libc_init_array
 .text.__retarget_lock_acquire_recursive
                0x000000000800a228        0x2 /Applications/STM32CubeIDE.app/Contents/Eclipse/plugins/com.st.stm32cube.ide.mcu.externaltools.gnu-tools-for-stm32.11.3.rel1.macos64_1.1.0.202305231506/tools/bin/../lib/gcc/arm-none-eabi/11.3.1/../../../../arm-none-eabi/lib/thumb/v7e-m+fp/hard/libc_nano.a(libc_a-lock.o)
                0x000000000800a228                __retarget_lock_acquire_recursive
 .text.__retarget_lock_release_recursive
                0x000000000800a22a        0x2 /Applications/STM32CubeIDE.app/Contents/Eclipse/plugins/com.st.stm32cube.ide.mcu.externaltools.gnu-tools-for-stm32.11.3.rel1.macos64_1.1.0.202305231506/tools/bin/../lib/gcc/arm-none-eabi/11.3.1/../../../../arm-none-eabi/lib/thumb/v7e-m+fp/hard/libc_nano.a(libc_a-lock.o)
                0x000000000800a22a                __retarget_lock_release_recursive
 .text.memcpy   0x000000000800a22c       0x1c /Applications/STM32CubeIDE.app/Contents/Eclipse/plugins/com.st.stm32cube.ide.mcu.externaltools.gnu-tools-for-stm32.11.3.rel1.macos64_1.1.0.202305231506/tools/bin/../lib/gcc/arm-none-eabi/11.3.1/../../../../arm-none-eabi/lib/thumb/v7e-m+fp/hard/libc_nano.a(libc_a-memcpy-stub.o)
                0x000000000800a22c                memcpy
 .text.quorem   0x000000000800a248      0x110 /Applications/STM32CubeIDE.app/Contents/Eclipse/plugins/com.st.stm32cube.ide.mcu.externaltools.gnu-tools-for-stm32.11.3.rel1.macos64_1.1.0.202305231506/tools/bin/../lib/gcc/arm-none-eabi/11.3.1/../../../../arm-none-eabi/lib/thumb/v7e-m+fp/hard/libc_nano.a(libc_a-dtoa.o)
 .text._dtoa_r  0x000000000800a358      0xbe4 /Applications/STM32CubeIDE.app/Contents/Eclipse/plugins/com.st.stm32cube.ide.mcu.externaltools.gnu-tools-for-stm32.11.3.rel1.macos64_1.1.0.202305231506/tools/bin/../lib/gcc/arm-none-eabi/11.3.1/../../../../arm-none-eabi/lib/thumb/v7e-m+fp/hard/libc_nano.a(libc_a-dtoa.o)
                0x000000000800a358                _dtoa_r
 .text._free_r  0x000000000800af3c       0x98 /Applications/STM32CubeIDE.app/Contents/Eclipse/plugins/com.st.stm32cube.ide.mcu.externaltools.gnu-tools-for-stm32.11.3.rel1.macos64_1.1.0.202305231506/tools/bin/../lib/gcc/arm-none-eabi/11.3.1/../../../../arm-none-eabi/lib/thumb/v7e-m+fp/hard/libc_nano.a(libc_a-freer.o)
                0x000000000800af3c                _free_r
 .text.__ssputs_r
                0x000000000800afd4       0xb4 /Applications/STM32CubeIDE.app/Contents/Eclipse/plugins/com.st.stm32cube.ide.mcu.externaltools.gnu-tools-for-stm32.11.3.rel1.macos64_1.1.0.202305231506/tools/bin/../lib/gcc/arm-none-eabi/11.3.1/../../../../arm-none-eabi/lib/thumb/v7e-m+fp/hard/libc_nano.a(libc_a-nano-svfprintf.o)
                0x000000000800afd4                __ssputs_r
 .text._svfprintf_r
                0x000000000800b088      0x1fc /Applications/STM32CubeIDE.app/Contents/Eclipse/plugins/com.st.stm32cube.ide.mcu.externaltools.gnu-tools-for-stm32.11.3.rel1.macos64_1.1.0.202305231506/tools/bin/../lib/gcc/arm-none-eabi/11.3.1/../../../../arm-none-eabi/lib/thumb/v7e-m+fp/hard/libc_nano.a(libc_a-nano-svfprintf.o)
                0x000000000800b088                _svfprintf_r
                0x000000000800b088                _svfiprintf_r
 .text.__sflush_r
                0x000000000800b284      0x10c /Applications/STM32CubeIDE.app/Contents/Eclipse/plugins/com.st.stm32cube.ide.mcu.externaltools.gnu-tools-for-stm32.11.3.rel1.macos64_1.1.0.202305231506/tools/bin/../lib/gcc/arm-none-eabi/11.3.1/../../../../arm-none-eabi/lib/thumb/v7e-m+fp/hard/libc_nano.a(libc_a-fflush.o)
                0x000000000800b284                __sflush_r
 .text._fflush_r
                0x000000000800b390       0x50 /Applications/STM32CubeIDE.app/Contents/Eclipse/plugins/com.st.stm32cube.ide.mcu.externaltools.gnu-tools-for-stm32.11.3.rel1.macos64_1.1.0.202305231506/tools/bin/../lib/gcc/arm-none-eabi/11.3.1/../../../../arm-none-eabi/lib/thumb/v7e-m+fp/hard/libc_nano.a(libc_a-fflush.o)
                0x000000000800b390                _fflush_r
 .text._Balloc  0x000000000800b3e0       0x80 /Applications/STM32CubeIDE.app/Contents/Eclipse/plugins/com.st.stm32cube.ide.mcu.externaltools.gnu-tools-for-stm32.11.3.rel1.macos64_1.1.0.202305231506/tools/bin/../lib/gcc/arm-none-eabi/11.3.1/../../../../arm-none-eabi/lib/thumb/v7e-m+fp/hard/libc_nano.a(libc_a-mprec.o)
                0x000000000800b3e0                _Balloc
 .text._Bfree   0x000000000800b460       0x44 /Applications/STM32CubeIDE.app/Contents/Eclipse/plugins/com.st.stm32cube.ide.mcu.externaltools.gnu-tools-for-stm32.11.3.rel1.macos64_1.1.0.202305231506/tools/bin/../lib/gcc/arm-none-eabi/11.3.1/../../../../arm-none-eabi/lib/thumb/v7e-m+fp/hard/libc_nano.a(libc_a-mprec.o)
                0x000000000800b460                _Bfree
 .text.__multadd
                0x000000000800b4a4       0x8c /Applications/STM32CubeIDE.app/Contents/Eclipse/plugins/com.st.stm32cube.ide.mcu.externaltools.gnu-tools-for-stm32.11.3.rel1.macos64_1.1.0.202305231506/tools/bin/../lib/gcc/arm-none-eabi/11.3.1/../../../../arm-none-eabi/lib/thumb/v7e-m+fp/hard/libc_nano.a(libc_a-mprec.o)
                0x000000000800b4a4                __multadd
 .text.__hi0bits
                0x000000000800b530       0x40 /Applications/STM32CubeIDE.app/Contents/Eclipse/plugins/com.st.stm32cube.ide.mcu.externaltools.gnu-tools-for-stm32.11.3.rel1.macos64_1.1.0.202305231506/tools/bin/../lib/gcc/arm-none-eabi/11.3.1/../../../../arm-none-eabi/lib/thumb/v7e-m+fp/hard/libc_nano.a(libc_a-mprec.o)
                0x000000000800b530                __hi0bits
 .text.__lo0bits
                0x000000000800b570       0x5a /Applications/STM32CubeIDE.app/Contents/Eclipse/plugins/com.st.stm32cube.ide.mcu.externaltools.gnu-tools-for-stm32.11.3.rel1.macos64_1.1.0.202305231506/tools/bin/../lib/gcc/arm-none-eabi/11.3.1/../../../../arm-none-eabi/lib/thumb/v7e-m+fp/hard/libc_nano.a(libc_a-mprec.o)
                0x000000000800b570                __lo0bits
 *fill*         0x000000000800b5ca        0x2 
 .text.__i2b    0x000000000800b5cc       0x2c /Applications/STM32CubeIDE.app/Contents/Eclipse/plugins/com.st.stm32cube.ide.mcu.externaltools.gnu-tools-for-stm32.11.3.rel1.macos64_1.1.0.202305231506/tools/bin/../lib/gcc/arm-none-eabi/11.3.1/../../../../arm-none-eabi/lib/thumb/v7e-m+fp/hard/libc_nano.a(libc_a-mprec.o)
                0x000000000800b5cc                __i2b
 .text.__multiply
                0x000000000800b5f8      0x154 /Applications/STM32CubeIDE.app/Contents/Eclipse/plugins/com.st.stm32cube.ide.mcu.externaltools.gnu-tools-for-stm32.11.3.rel1.macos64_1.1.0.202305231506/tools/bin/../lib/gcc/arm-none-eabi/11.3.1/../../../../arm-none-eabi/lib/thumb/v7e-m+fp/hard/libc_nano.a(libc_a-mprec.o)
                0x000000000800b5f8                __multiply
 .text.__pow5mult
                0x000000000800b74c       0xb4 /Applications/STM32CubeIDE.app/Contents/Eclipse/plugins/com.st.stm32cube.ide.mcu.externaltools.gnu-tools-for-stm32.11.3.rel1.macos64_1.1.0.202305231506/tools/bin/../lib/gcc/arm-none-eabi/11.3.1/../../../../arm-none-eabi/lib/thumb/v7e-m+fp/hard/libc_nano.a(libc_a-mprec.o)
                0x000000000800b74c                __pow5mult
 .text.__lshift
                0x000000000800b800       0xd8 /Applications/STM32CubeIDE.app/Contents/Eclipse/plugins/com.st.stm32cube.ide.mcu.externaltools.gnu-tools-for-stm32.11.3.rel1.macos64_1.1.0.202305231506/tools/bin/../lib/gcc/arm-none-eabi/11.3.1/../../../../arm-none-eabi/lib/thumb/v7e-m+fp/hard/libc_nano.a(libc_a-mprec.o)
                0x000000000800b800                __lshift
 .text.__mcmp   0x000000000800b8d8       0x38 /Applications/STM32CubeIDE.app/Contents/Eclipse/plugins/com.st.stm32cube.ide.mcu.externaltools.gnu-tools-for-stm32.11.3.rel1.macos64_1.1.0.202305231506/tools/bin/../lib/gcc/arm-none-eabi/11.3.1/../../../../arm-none-eabi/lib/thumb/v7e-m+fp/hard/libc_nano.a(libc_a-mprec.o)
                0x000000000800b8d8                __mcmp
 .text.__mdiff  0x000000000800b910      0x114 /Applications/STM32CubeIDE.app/Contents/Eclipse/plugins/com.st.stm32cube.ide.mcu.externaltools.gnu-tools-for-stm32.11.3.rel1.macos64_1.1.0.202305231506/tools/bin/../lib/gcc/arm-none-eabi/11.3.1/../../../../arm-none-eabi/lib/thumb/v7e-m+fp/hard/libc_nano.a(libc_a-mprec.o)
                0x000000000800b910                __mdiff
 .text.__d2b    0x000000000800ba24       0xb4 /Applications/STM32CubeIDE.app/Contents/Eclipse/plugins/com.st.stm32cube.ide.mcu.externaltools.gnu-tools-for-stm32.11.3.rel1.macos64_1.1.0.202305231506/tools/bin/../lib/gcc/arm-none-eabi/11.3.1/../../../../arm-none-eabi/lib/thumb/v7e-m+fp/hard/libc_nano.a(libc_a-mprec.o)
                0x000000000800ba24                __d2b
 .text.__sread  0x000000000800bad8       0x22 /Applications/STM32CubeIDE.app/Contents/Eclipse/plugins/com.st.stm32cube.ide.mcu.externaltools.gnu-tools-for-stm32.11.3.rel1.macos64_1.1.0.202305231506/tools/bin/../lib/gcc/arm-none-eabi/11.3.1/../../../../arm-none-eabi/lib/thumb/v7e-m+fp/hard/libc_nano.a(libc_a-stdio.o)
                0x000000000800bad8                __sread
 .text.__swrite
                0x000000000800bafa       0x38 /Applications/STM32CubeIDE.app/Contents/Eclipse/plugins/com.st.stm32cube.ide.mcu.externaltools.gnu-tools-for-stm32.11.3.rel1.macos64_1.1.0.202305231506/tools/bin/../lib/gcc/arm-none-eabi/11.3.1/../../../../arm-none-eabi/lib/thumb/v7e-m+fp/hard/libc_nano.a(libc_a-stdio.o)
                0x000000000800bafa                __swrite
 .text.__sseek  0x000000000800bb32       0x24 /Applications/STM32CubeIDE.app/Contents/Eclipse/plugins/com.st.stm32cube.ide.mcu.externaltools.gnu-tools-for-stm32.11.3.rel1.macos64_1.1.0.202305231506/tools/bin/../lib/gcc/arm-none-eabi/11.3.1/../../../../arm-none-eabi/lib/thumb/v7e-m+fp/hard/libc_nano.a(libc_a-stdio.o)
                0x000000000800bb32                __sseek
 .text.__sclose
                0x000000000800bb56        0x8 /Applications/STM32CubeIDE.app/Contents/Eclipse/plugins/com.st.stm32cube.ide.mcu.externaltools.gnu-tools-for-stm32.11.3.rel1.macos64_1.1.0.202305231506/tools/bin/../lib/gcc/arm-none-eabi/11.3.1/../../../../arm-none-eabi/lib/thumb/v7e-m+fp/hard/libc_nano.a(libc_a-stdio.o)
                0x000000000800bb56                __sclose
 .text._realloc_r
                0x000000000800bb5e       0x5e /Applications/STM32CubeIDE.app/Contents/Eclipse/plugins/com.st.stm32cube.ide.mcu.externaltools.gnu-tools-for-stm32.11.3.rel1.macos64_1.1.0.202305231506/tools/bin/../lib/gcc/arm-none-eabi/11.3.1/../../../../arm-none-eabi/lib/thumb/v7e-m+fp/hard/libc_nano.a(libc_a-reallocr.o)
                0x000000000800bb5e                _realloc_r
 .text.memmove  0x000000000800bbbc       0x34 /Applications/STM32CubeIDE.app/Contents/Eclipse/plugins/com.st.stm32cube.ide.mcu.externaltools.gnu-tools-for-stm32.11.3.rel1.macos64_1.1.0.202305231506/tools/bin/../lib/gcc/arm-none-eabi/11.3.1/../../../../arm-none-eabi/lib/thumb/v7e-m+fp/hard/libc_nano.a(libc_a-memmove.o)
                0x000000000800bbbc                memmove
 .text._close_r
                0x000000000800bbf0       0x20 /Applications/STM32CubeIDE.app/Contents/Eclipse/plugins/com.st.stm32cube.ide.mcu.externaltools.gnu-tools-for-stm32.11.3.rel1.macos64_1.1.0.202305231506/tools/bin/../lib/gcc/arm-none-eabi/11.3.1/../../../../arm-none-eabi/lib/thumb/v7e-m+fp/hard/libc_nano.a(libc_a-closer.o)
                0x000000000800bbf0                _close_r
 .text._lseek_r
                0x000000000800bc10       0x24 /Applications/STM32CubeIDE.app/Contents/Eclipse/plugins/com.st.stm32cube.ide.mcu.externaltools.gnu-tools-for-stm32.11.3.rel1.macos64_1.1.0.202305231506/tools/bin/../lib/gcc/arm-none-eabi/11.3.1/../../../../arm-none-eabi/lib/thumb/v7e-m+fp/hard/libc_nano.a(libc_a-lseekr.o)
                0x000000000800bc10                _lseek_r
 .text._read_r  0x000000000800bc34       0x24 /Applications/STM32CubeIDE.app/Contents/Eclipse/plugins/com.st.stm32cube.ide.mcu.externaltools.gnu-tools-for-stm32.11.3.rel1.macos64_1.1.0.202305231506/tools/bin/../lib/gcc/arm-none-eabi/11.3.1/../../../../arm-none-eabi/lib/thumb/v7e-m+fp/hard/libc_nano.a(libc_a-readr.o)
                0x000000000800bc34                _read_r
 .text._write_r
                0x000000000800bc58       0x24 /Applications/STM32CubeIDE.app/Contents/Eclipse/plugins/com.st.stm32cube.ide.mcu.externaltools.gnu-tools-for-stm32.11.3.rel1.macos64_1.1.0.202305231506/tools/bin/../lib/gcc/arm-none-eabi/11.3.1/../../../../arm-none-eabi/lib/thumb/v7e-m+fp/hard/libc_nano.a(libc_a-writer.o)
                0x000000000800bc58                _write_r
 .text.__assert_func
                0x000000000800bc7c       0x3c /Applications/STM32CubeIDE.app/Contents/Eclipse/plugins/com.st.stm32cube.ide.mcu.externaltools.gnu-tools-for-stm32.11.3.rel1.macos64_1.1.0.202305231506/tools/bin/../lib/gcc/arm-none-eabi/11.3.1/../../../../arm-none-eabi/lib/thumb/v7e-m+fp/hard/libc_nano.a(libc_a-assert.o)
                0x000000000800bc7c                __assert_func
 .text._calloc_r
                0x000000000800bcb8       0x2c /Applications/STM32CubeIDE.app/Contents/Eclipse/plugins/com.st.stm32cube.ide.mcu.externaltools.gnu-tools-for-stm32.11.3.rel1.macos64_1.1.0.202305231506/tools/bin/../lib/gcc/arm-none-eabi/11.3.1/../../../../arm-none-eabi/lib/thumb/v7e-m+fp/hard/libc_nano.a(libc_a-callocr.o)
                0x000000000800bcb8                _calloc_r
 .text.__ascii_mbtowc
                0x000000000800bce4       0x24 /Applications/STM32CubeIDE.app/Contents/Eclipse/plugins/com.st.stm32cube.ide.mcu.externaltools.gnu-tools-for-stm32.11.3.rel1.macos64_1.1.0.202305231506/tools/bin/../lib/gcc/arm-none-eabi/11.3.1/../../../../arm-none-eabi/lib/thumb/v7e-m+fp/hard/libc_nano.a(libc_a-mbtowc_r.o)
                0x000000000800bce4                __ascii_mbtowc
 .text._malloc_usable_size_r
                0x000000000800bd08       0x10 /Applications/STM32CubeIDE.app/Contents/Eclipse/plugins/com.st.stm32cube.ide.mcu.externaltools.gnu-tools-for-stm32.11.3.rel1.macos64_1.1.0.202305231506/tools/bin/../lib/gcc/arm-none-eabi/11.3.1/../../../../arm-none-eabi/lib/thumb/v7e-m+fp/hard/libc_nano.a(libc_a-msizer.o)
                0x000000000800bd08                _malloc_usable_size_r
 .text.fprintf  0x000000000800bd18       0x24 /Applications/STM32CubeIDE.app/Contents/Eclipse/plugins/com.st.stm32cube.ide.mcu.externaltools.gnu-tools-for-stm32.11.3.rel1.macos64_1.1.0.202305231506/tools/bin/../lib/gcc/arm-none-eabi/11.3.1/../../../../arm-none-eabi/lib/thumb/v7e-m+fp/hard/libc_nano.a(libc_a-fprintf.o)
                0x000000000800bd18                fprintf
                0x000000000800bd18                fiprintf
 .text.__ascii_wctomb
                0x000000000800bd3c       0x1a /Applications/STM32CubeIDE.app/Contents/Eclipse/plugins/com.st.stm32cube.ide.mcu.externaltools.gnu-tools-for-stm32.11.3.rel1.macos64_1.1.0.202305231506/tools/bin/../lib/gcc/arm-none-eabi/11.3.1/../../../../arm-none-eabi/lib/thumb/v7e-m+fp/hard/libc_nano.a(libc_a-wctomb_r.o)
                0x000000000800bd3c                __ascii_wctomb
 .text.abort    0x000000000800bd56        0xe /Applications/STM32CubeIDE.app/Contents/Eclipse/plugins/com.st.stm32cube.ide.mcu.externaltools.gnu-tools-for-stm32.11.3.rel1.macos64_1.1.0.202305231506/tools/bin/../lib/gcc/arm-none-eabi/11.3.1/../../../../arm-none-eabi/lib/thumb/v7e-m+fp/hard/libc_nano.a(libc_a-abort.o)
                0x000000000800bd56                abort
 .text.__sfputc_r
                0x000000000800bd64       0x2e /Applications/STM32CubeIDE.app/Contents/Eclipse/plugins/com.st.stm32cube.ide.mcu.externaltools.gnu-tools-for-stm32.11.3.rel1.macos64_1.1.0.202305231506/tools/bin/../lib/gcc/arm-none-eabi/11.3.1/../../../../arm-none-eabi/lib/thumb/v7e-m+fp/hard/libc_nano.a(libc_a-nano-vfprintf.o)
 .text.__sfputs_r
                0x000000000800bd92       0x24 /Applications/STM32CubeIDE.app/Contents/Eclipse/plugins/com.st.stm32cube.ide.mcu.externaltools.gnu-tools-for-stm32.11.3.rel1.macos64_1.1.0.202305231506/tools/bin/../lib/gcc/arm-none-eabi/11.3.1/../../../../arm-none-eabi/lib/thumb/v7e-m+fp/hard/libc_nano.a(libc_a-nano-vfprintf.o)
                0x000000000800bd92                __sfputs_r
 *fill*         0x000000000800bdb6        0x2 
 .text._vfprintf_r
                0x000000000800bdb8      0x234 /Applications/STM32CubeIDE.app/Contents/Eclipse/plugins/com.st.stm32cube.ide.mcu.externaltools.gnu-tools-for-stm32.11.3.rel1.macos64_1.1.0.202305231506/tools/bin/../lib/gcc/arm-none-eabi/11.3.1/../../../../arm-none-eabi/lib/thumb/v7e-m+fp/hard/libc_nano.a(libc_a-nano-vfprintf.o)
                0x000000000800bdb8                _vfiprintf_r
                0x000000000800bdb8                _vfprintf_r
 .text.__swbuf_r
                0x000000000800bfec       0x7a /Applications/STM32CubeIDE.app/Contents/Eclipse/plugins/com.st.stm32cube.ide.mcu.externaltools.gnu-tools-for-stm32.11.3.rel1.macos64_1.1.0.202305231506/tools/bin/../lib/gcc/arm-none-eabi/11.3.1/../../../../arm-none-eabi/lib/thumb/v7e-m+fp/hard/libc_nano.a(libc_a-wbuf.o)
                0x000000000800bfec                __swbuf_r
 *fill*         0x000000000800c066        0x2 
 .text.__swsetup_r
                0x000000000800c068       0xb0 /Applications/STM32CubeIDE.app/Contents/Eclipse/plugins/com.st.stm32cube.ide.mcu.externaltools.gnu-tools-for-stm32.11.3.rel1.macos64_1.1.0.202305231506/tools/bin/../lib/gcc/arm-none-eabi/11.3.1/../../../../arm-none-eabi/lib/thumb/v7e-m+fp/hard/libc_nano.a(libc_a-wsetup.o)
                0x000000000800c068                __swsetup_r
 .text.__swhatbuf_r
                0x000000000800c118       0x4c /Applications/STM32CubeIDE.app/Contents/Eclipse/plugins/com.st.stm32cube.ide.mcu.externaltools.gnu-tools-for-stm32.11.3.rel1.macos64_1.1.0.202305231506/tools/bin/../lib/gcc/arm-none-eabi/11.3.1/../../../../arm-none-eabi/lib/thumb/v7e-m+fp/hard/libc_nano.a(libc_a-makebuf.o)
                0x000000000800c118                __swhatbuf_r
 .text.__smakebuf_r
                0x000000000800c164       0x78 /Applications/STM32CubeIDE.app/Contents/Eclipse/plugins/com.st.stm32cube.ide.mcu.externaltools.gnu-tools-for-stm32.11.3.rel1.macos64_1.1.0.202305231506/tools/bin/../lib/gcc/arm-none-eabi/11.3.1/../../../../arm-none-eabi/lib/thumb/v7e-m+fp/hard/libc_nano.a(libc_a-makebuf.o)
                0x000000000800c164                __smakebuf_r
 .text._fstat_r
                0x000000000800c1dc       0x24 /Applications/STM32CubeIDE.app/Contents/Eclipse/plugins/com.st.stm32cube.ide.mcu.externaltools.gnu-tools-for-stm32.11.3.rel1.macos64_1.1.0.202305231506/tools/bin/../lib/gcc/arm-none-eabi/11.3.1/../../../../arm-none-eabi/lib/thumb/v7e-m+fp/hard/libc_nano.a(libc_a-fstatr.o)
                0x000000000800c1dc                _fstat_r
 .text._isatty_r
                0x000000000800c200       0x20 /Applications/STM32CubeIDE.app/Contents/Eclipse/plugins/com.st.stm32cube.ide.mcu.externaltools.gnu-tools-for-stm32.11.3.rel1.macos64_1.1.0.202305231506/tools/bin/../lib/gcc/arm-none-eabi/11.3.1/../../../../arm-none-eabi/lib/thumb/v7e-m+fp/hard/libc_nano.a(libc_a-isattyr.o)
                0x000000000800c200                _isatty_r
 .text._raise_r
                0x000000000800c220       0x50 /Applications/STM32CubeIDE.app/Contents/Eclipse/plugins/com.st.stm32cube.ide.mcu.externaltools.gnu-tools-for-stm32.11.3.rel1.macos64_1.1.0.202305231506/tools/bin/../lib/gcc/arm-none-eabi/11.3.1/../../../../arm-none-eabi/lib/thumb/v7e-m+fp/hard/libc_nano.a(libc_a-signal.o)
                0x000000000800c220                _raise_r
 .text.raise    0x000000000800c270       0x10 /Applications/STM32CubeIDE.app/Contents/Eclipse/plugins/com.st.stm32cube.ide.mcu.externaltools.gnu-tools-for-stm32.11.3.rel1.macos64_1.1.0.202305231506/tools/bin/../lib/gcc/arm-none-eabi/11.3.1/../../../../arm-none-eabi/lib/thumb/v7e-m+fp/hard/libc_nano.a(libc_a-signal.o)
                0x000000000800c270                raise
 .text._kill_r  0x000000000800c280       0x24 /Applications/STM32CubeIDE.app/Contents/Eclipse/plugins/com.st.stm32cube.ide.mcu.externaltools.gnu-tools-for-stm32.11.3.rel1.macos64_1.1.0.202305231506/tools/bin/../lib/gcc/arm-none-eabi/11.3.1/../../../../arm-none-eabi/lib/thumb/v7e-m+fp/hard/libc_nano.a(libc_a-signalr.o)
                0x000000000800c280                _kill_r
 .text._getpid_r
                0x000000000800c2a4        0x4 /Applications/STM32CubeIDE.app/Contents/Eclipse/plugins/com.st.stm32cube.ide.mcu.externaltools.gnu-tools-for-stm32.11.3.rel1.macos64_1.1.0.202305231506/tools/bin/../lib/gcc/arm-none-eabi/11.3.1/../../../../arm-none-eabi/lib/thumb/v7e-m+fp/hard/libc_nano.a(libc_a-signalr.o)
                0x000000000800c2a4                _getpid_r
 *(.glue_7)
 .glue_7        0x000000000800c2a8        0x0 linker stubs
 *(.glue_7t)
 .glue_7t       0x000000000800c2a8        0x0 linker stubs
 *(.eh_frame)
 .eh_frame      0x000000000800c2a8        0x0 /Applications/STM32CubeIDE.app/Contents/Eclipse/plugins/com.st.stm32cube.ide.mcu.externaltools.gnu-tools-for-stm32.11.3.rel1.macos64_1.1.0.202305231506/tools/bin/../lib/gcc/arm-none-eabi/11.3.1/thumb/v7e-m+fp/hard/crtbegin.o
 *(.init)
 .init          0x000000000800c2a8        0x4 /Applications/STM32CubeIDE.app/Contents/Eclipse/plugins/com.st.stm32cube.ide.mcu.externaltools.gnu-tools-for-stm32.11.3.rel1.macos64_1.1.0.202305231506/tools/bin/../lib/gcc/arm-none-eabi/11.3.1/thumb/v7e-m+fp/hard/crti.o
                0x000000000800c2a8                _init
 .init          0x000000000800c2ac        0x8 /Applications/STM32CubeIDE.app/Contents/Eclipse/plugins/com.st.stm32cube.ide.mcu.externaltools.gnu-tools-for-stm32.11.3.rel1.macos64_1.1.0.202305231506/tools/bin/../lib/gcc/arm-none-eabi/11.3.1/thumb/v7e-m+fp/hard/crtn.o
 *(.fini)
 .fini          0x000000000800c2b4        0x4 /Applications/STM32CubeIDE.app/Contents/Eclipse/plugins/com.st.stm32cube.ide.mcu.externaltools.gnu-tools-for-stm32.11.3.rel1.macos64_1.1.0.202305231506/tools/bin/../lib/gcc/arm-none-eabi/11.3.1/thumb/v7e-m+fp/hard/crti.o
                0x000000000800c2b4                _fini
 .fini          0x000000000800c2b8        0x8 /Applications/STM32CubeIDE.app/Contents/Eclipse/plugins/com.st.stm32cube.ide.mcu.externaltools.gnu-tools-for-stm32.11.3.rel1.macos64_1.1.0.202305231506/tools/bin/../lib/gcc/arm-none-eabi/11.3.1/thumb/v7e-m+fp/hard/crtn.o
                0x000000000800c2c0                . = ALIGN (0x4)
                0x000000000800c2c0                _etext = .

.vfp11_veneer   0x000000000800c2c0        0x0
 .vfp11_veneer  0x000000000800c2c0        0x0 linker stubs

.v4_bx          0x000000000800c2c0        0x0
 .v4_bx         0x000000000800c2c0        0x0 linker stubs

.iplt           0x000000000800c2c0        0x0
 .iplt          0x000000000800c2c0        0x0 /Applications/STM32CubeIDE.app/Contents/Eclipse/plugins/com.st.stm32cube.ide.mcu.externaltools.gnu-tools-for-stm32.11.3.rel1.macos64_1.1.0.202305231506/tools/bin/../lib/gcc/arm-none-eabi/11.3.1/thumb/v7e-m+fp/hard/crtbegin.o

.rodata         0x000000000800c2c0      0x6dc
                0x000000000800c2c0                . = ALIGN (0x4)
 *(.rodata)
 .rodata        0x000000000800c2c0       0x12 ./Core/Src/FEB_Main.o
 *fill*         0x000000000800c2d2        0x2 
 .rodata        0x000000000800c2d4       0x4e ./Core/Src/main.o
 *fill*         0x000000000800c322        0x2 
 .rodata        0x000000000800c324        0x5 ./Middlewares/Third_Party/FreeRTOS/Source/tasks.o
 *fill*         0x000000000800c329        0x3 
 .rodata        0x000000000800c32c        0xd ./Middlewares/Third_Party/FreeRTOS/Source/timers.o
 *(.rodata*)
 *fill*         0x000000000800c339        0x3 
 .rodata.crc15Table
                0x000000000800c33c      0x200 ./Core/Src/LTC681x.o
                0x000000000800c33c                crc15Table
 .rodata.Task1_VT_attributes
                0x000000000800c53c       0x24 ./Core/Src/main.o
                0x000000000800c53c                Task1_VT_attributes
 .rodata.Task2_State_attributes
                0x000000000800c560       0x24 ./Core/Src/main.o
                0x000000000800c560                Task2_State_attributes
 .rodata.Task3_Charge_attributes
                0x000000000800c584       0x24 ./Core/Src/main.o
                0x000000000800c584                Task3_Charge_attributes
 .rodata.Task4_Balance_attributes
                0x000000000800c5a8       0x24 ./Core/Src/main.o
                0x000000000800c5a8                Task4_Balance_attributes
 .rodata.Task5_IVT_attributes
                0x000000000800c5cc       0x24 ./Core/Src/main.o
                0x000000000800c5cc                Task5_IVT_attributes
 .rodata.Task6_CAN_attributes
                0x000000000800c5f0       0x24 ./Core/Src/main.o
                0x000000000800c5f0                Task6_CAN_attributes
 .rodata.AHBPrescTable
                0x000000000800c614       0x10 ./Core/Src/system_stm32f4xx.o
                0x000000000800c614                AHBPrescTable
 .rodata.APBPrescTable
                0x000000000800c624        0x8 ./Core/Src/system_stm32f4xx.o
                0x000000000800c624                APBPrescTable
 .rodata._printf_float.str1.1
                0x000000000800c62c       0x12 /Applications/STM32CubeIDE.app/Contents/Eclipse/plugins/com.st.stm32cube.ide.mcu.externaltools.gnu-tools-for-stm32.11.3.rel1.macos64_1.1.0.202305231506/tools/bin/../lib/gcc/arm-none-eabi/11.3.1/../../../../arm-none-eabi/lib/thumb/v7e-m+fp/hard/libc_nano.a(libc_a-nano-vfprintf_float.o)
 .rodata._printf_i.str1.1