../Core/Src/FEB_CAN_RMS.c:32:6:FEB_CAN_RMS_Setup	4	static
../Core/Src/FEB_CAN_RMS.c:37:6:FEB_CAN_RMS_Process	4	static
../Core/Src/FEB_CAN_RMS.c:44:6:FEB_CAN_RMS_Disable	4	static
../Core/Src/FEB_CAN_RMS.c:63:7:FEB_getElecMaxRegenTorque	24	static
../Core/Src/FEB_CAN_RMS.c:72:7:FEB_regen_filter_Speed	24	static
../Core/Src/FEB_CAN_RMS.c:87:7:FEB_regen_filter_SOC	40	static
../Core/Src/FEB_CAN_RMS.c:110:7:FEB_regen_filter_Temp	40	static
../Core/Src/FEB_CAN_RMS.c:123:7:FEB_regen_filter	24	static
../Core/Src/FEB_CAN_RMS.c:134:7:FEB_CAN_RMS_getFilteredTorque_Regen	16	static
../Core/Src/FEB_CAN_RMS.c:140:7:FEB_CAN_RMS_getMaxTorque	24	static
../Core/Src/FEB_CAN_RMS.c:152:6:FEB_CAN_RMS_Torque	32	static
../Core/Src/FEB_CAN_RMS.c:196:6:FEB_CAN_RMS_Init	16	static
../Core/Src/FEB_CAN_RMS.c:209:6:FEB_CAN_RMS_Transmit_updateTorque	8	static
../Core/Src/FEB_CAN_RMS.c:239:9:FEB_CAN_RMS_Filter_Config	64	static
../Core/Src/FEB_CAN_RMS.c:268:6:FEB_CAN_RMS_Transmit_paramSafety	16	static
../Core/Src/FEB_CAN_RMS.c:307:6:FEB_CAN_RMS_Transmit_commDisable	8	static
../Core/Src/FEB_CAN_RMS.c:346:6:FEB_CAN_RMS_Transmit_paramBroadcast	16	static
../Core/Src/FEB_CAN_RMS.c:382:6:FEB_CAN_RMS_Store_Msg	16	static
