../Core/Src/FEB_CAN_RMS.c:31:6:FEB_CAN_RMS_Setup	4	static
../Core/Src/FEB_CAN_RMS.c:36:6:FEB_CAN_RMS_Process	8	static
../Core/Src/FEB_CAN_RMS.c:43:6:FEB_CAN_RMS_Disable	4	static
../Core/Src/FEB_CAN_RMS.c:47:9:min	16	static
../Core/Src/FEB_CAN_RMS.c:110:10:FEB_CAN_RMS_getMaxTorque	4	static
../Core/Src/FEB_CAN_RMS.c:123:6:FEB_CAN_RMS_Torque	16	static
../Core/Src/FEB_CAN_RMS.c:129:6:FEB_CAN_RMS_Init	16	static
../Core/Src/FEB_CAN_RMS.c:142:6:FEB_CAN_RMS_Transmit_updateTorque	8	static
../Core/Src/FEB_CAN_RMS.c:172:9:FEB_CAN_RMS_Filter_Config	64	static
../Core/Src/FEB_CAN_RMS.c:201:6:FEB_CAN_RMS_Transmit_paramSafety	16	static
../Core/Src/FEB_CAN_RMS.c:240:6:FEB_CAN_RMS_Transmit_commDisable	8	static
../Core/Src/FEB_CAN_RMS.c:279:6:FEB_CAN_RMS_Transmit_paramBroadcast	16	static
../Core/Src/FEB_CAN_RMS.c:315:6:FEB_CAN_RMS_Store_Msg	16	static
