../Core/Src/FEB_CAN_RMS.c:32:6:FEB_CAN_RMS_Setup	4	static
../Core/Src/FEB_CAN_RMS.c:37:6:FEB_CAN_RMS_Process	8	static
../Core/Src/FEB_CAN_RMS.c:44:6:FEB_CAN_RMS_Disable	4	static
../Core/Src/FEB_CAN_RMS.c:48:9:min	16	static
../Core/Src/FEB_CAN_RMS.c:54:10:FEB_CAN_RMS_getMaxTorque	16	static
../Core/Src/FEB_CAN_RMS.c:66:6:FEB_CAN_RMS_Torque	16	static
../Core/Src/FEB_CAN_RMS.c:72:6:FEB_CAN_RMS_Transmit_updateTorque	8	static
../Core/Src/FEB_CAN_RMS.c:99:6:FEB_CAN_RMS_torqueTransmit	8	static
../Core/Src/FEB_CAN_RMS.c:108:6:FEB_CAN_RMS_Init	16	static
../Core/Src/FEB_CAN_RMS.c:122:9:FEB_CAN_RMS_Filter_Config	64	static
../Core/Src/FEB_CAN_RMS.c:150:6:FEB_CAN_RMS_Store_Msg	16	static
../Core/Src/FEB_CAN_RMS.c:163:6:FEB_CAN_RMS_Transmit_paramSafety	16	static
../Core/Src/FEB_CAN_RMS.c:202:6:FEB_CAN_RMS_Transmit_commDisable	16	static
../Core/Src/FEB_CAN_RMS.c:245:6:FEB_CAN_RMS_Transmit_paramBroadcast	16	static
