../Core/Src/FEB_Normalized.c:30:10:FEB_Read_ADC	32	static
../Core/Src/FEB_Normalized.c:47:7:FEB_Normalized_getAcc	4	static
../Core/Src/FEB_Normalized.c:51:6:FEB_Normalized_setAcc0	4	static
../Core/Src/FEB_Normalized.c:55:6:FEB_Normalized_updateAcc	8	static
../Core/Src/FEB_Normalized.c:60:6:FEB_Normalized_Test_Acc	16	static
../Core/Src/FEB_Normalized.c:65:7:FEB_Normalized_Acc_Pedals	160	static
../Core/Src/FEB_Normalized.c:116:7:FEB_Normalized_getBrake	4	static
../Core/Src/FEB_Normalized.c:120:7:FEB_Normalized_Brake_Pedals	144	static
../Core/Src/FEB_Normalized.c:138:6:FEB_Normalized_CAN_sendBrake	8	static
