../Core/Src/FEB_Hardware.c:6:6:FEB_Peripherals_Control	8	static
../Core/Src/FEB_Hardware.c:39:6:FEB_Brake_Light_Control	8	static
../Core/Src/FEB_Hardware.c:47:6:Enable_Coolant_Pump	8	static
../Core/Src/FEB_Hardware.c:51:6:Disable_Coolant_Pump	8	static
../Core/Src/FEB_Hardware.c:55:6:Enable_Accumulator_Fans	8	static
../Core/Src/FEB_Hardware.c:59:6:Disable_Accumulator_Fans	8	static
../Core/Src/FEB_Hardware.c:63:6:Enable_Extra	8	static
../Core/Src/FEB_Hardware.c:67:6:Disable_Extra	8	static
../Core/Src/FEB_Hardware.c:71:6:Enable_Shutdown_Source	8	static
../Core/Src/FEB_Hardware.c:75:6:Disable_Shutdown_Source	8	static
