../Core/Src/FEB_State.c:18:6:FEB_State_Set_Balance	8	static
../Core/Src/FEB_State.c:28:6:FEB_State_Set_Charge	8	static
../Core/Src/FEB_State.c:38:6:FEB_State_Set_Debug	4	static
../Core/Src/FEB_State.c:42:6:FEB_State_Reset_Debug	4	static
../Core/Src/FEB_State.c:46:6:FEB_State_Set_Drive	8	static
../Core/Src/FEB_State.c:55:6:FEB_State_Set_Precharge	8	static
../Core/Src/FEB_State.c:65:6:FEB_State_Set_Shutdown	144	static
../Core/Src/FEB_State.c:91:6:FEB_State_Init	8	static
../Core/Src/FEB_State.c:95:6:FEB_State_Process	16	static
../Core/Src/FEB_State.c:102:6:FEB_State_UART_Transmit	48	static
