../Core/Src/FEB_Relay.c:25:13:FEB_Relay_Shutdown	16	static
../Core/Src/FEB_Relay.c:36:13:FEB_Relay_Precharge	16	static
../Core/Src/FEB_Relay.c:46:13:FEB_Relay_Air_Plus	16	static
../Core/Src/FEB_Relay.c:58:6:FEB_Relay_Init	8	static
../Core/Src/FEB_Relay.c:67:6:FEB_Relay_State_Balance	8	static
../Core/Src/FEB_Relay.c:75:6:FEB_Relay_State_Charge	8	static
../Core/Src/FEB_Relay.c:83:6:FEB_Relay_State_Drive	8	static
../Core/Src/FEB_Relay.c:90:6:FEB_Relay_State_Precharge	8	static
../Core/Src/FEB_Relay.c:98:6:FEB_Relay_State_Shutdown	8	static
../Core/Src/FEB_Relay.c:106:6:FEB_Relay_UART_Transmit	48	static
