../Core/Src/FEB_CAN_Charger.c:23:9:FEB_CAN_Charger_Filter_Config	56	static
../Core/Src/FEB_CAN_Charger.c:44:6:FEB_CAN_Charger_Transmit	8	static
../Core/Src/FEB_CAN_Charger.c:71:6:FEB_CAN_Charger_Store_Msg	16	static
../Core/Src/FEB_CAN_Charger.c:86:6:FEB_CAN_Charger_Validate_Status	24	static
../Core/Src/FEB_CAN_Charger.c:107:6:FEB_CAN_Charger_Process	16	static
../Core/Src/FEB_CAN_Charger.c:111:6:FEB_CAN_Charger_Charge	8	static
../Core/Src/FEB_CAN_Charger.c:118:6:FEB_CAN_Charger_Stop_Charge	8	static
