../Core/Src/FEB_LTC6811.c:33:6:FEB_LTC6811_Init	48	static
../Core/Src/FEB_LTC6811.c:42:9:FEB_LTC6811_Get_IC	16	static
../Core/Src/FEB_LTC6811.c:50:9:FEB_LTC6811_Get_Cell_Id	16	static
../Core/Src/FEB_LTC6811.c:56:6:FEB_LTC6811_Poll_Voltage	8	static
../Core/Src/FEB_LTC6811.c:62:6:FEB_LTC6811_Start_Cell_ADC_Measurement	8	static
../Core/Src/FEB_LTC6811.c:68:6:FEB_LTC6811_Read_Cell_Voltage_Registers	8	static
../Core/Src/FEB_LTC6811.c:73:6:FEB_LTC6811_Store_Voltage	24	static
../Core/Src/FEB_LTC6811.c:87:6:FEB_LTC6811_Validate_Voltage	16	static
../Core/Src/FEB_LTC6811.c:105:6:FEB_LTC6811_UART_Transmit_Voltage	1296	static
../Core/Src/FEB_LTC6811.c:123:7:FEB_LTC6811_Total_Voltage	4	static
../Core/Src/FEB_LTC6811.c:129:6:FEB_LTC6811_Poll_Temperature	16	static
../Core/Src/FEB_LTC6811.c:138:6:FEB_LTC6811_Update_GPIO	56	static
../Core/Src/FEB_LTC6811.c:153:6:FEB_LTC6811_Start_GPIO_ADC_Measurement	8	static
../Core/Src/FEB_LTC6811.c:159:6:FEB_LTC6811_Read_Aux_Voltages	8	static
../Core/Src/FEB_LTC6811.c:164:6:FEB_LTC6811_Store_Temperature	32	static
../Core/Src/FEB_LTC6811.c:200:7:FEB_LTC6811_Convert_Temperature	16	static
../Core/Src/FEB_LTC6811.c:209:6:FEB_LTC6811_Validate_Temperature	16	static
../Core/Src/FEB_LTC6811.c:229:6:FEB_LTC6811_UART_Transmit_Temperature	1296	static
../Core/Src/FEB_LTC6811.c:248:6:FEB_LTC6811_CAN_Transmit_Temperature	16	static
