../Core/Src/FEB_CAN_Charger.c:25:9:FEB_CAN_Charger_Filter_Config	56	static
../Core/Src/FEB_CAN_Charger.c:46:6:FEB_CAN_Charger_Transmit	8	static
../Core/Src/FEB_CAN_Charger.c:73:6:FEB_CAN_Charger_Store_Msg	16	static
../Core/Src/FEB_CAN_Charger.c:88:6:FEB_CAN_Charger_Validate_Status	24	static
../Core/Src/FEB_CAN_Charger.c:109:6:FEB_CAN_Charger_Process	16	static
../Core/Src/FEB_CAN_Charger.c:113:6:FEB_CAN_Charger_Charge	8	static
../Core/Src/FEB_CAN_Charger.c:120:6:FEB_CAN_Charger_Stop_Charge	8	static
