../Core/Src/FEB_Relay.c:27:13:FEB_Relay_Shutdown	16	static
../Core/Src/FEB_Relay.c:38:13:FEB_Relay_Precharge	16	static
../Core/Src/FEB_Relay.c:48:13:FEB_Relay_Air_Plus	16	static
../Core/Src/FEB_Relay.c:60:6:FEB_Relay_Init	8	static
../Core/Src/FEB_Relay.c:69:6:FEB_Relay_State_Balance	8	static
../Core/Src/FEB_Relay.c:77:6:FEB_Relay_State_Charge	8	static
../Core/Src/FEB_Relay.c:85:6:FEB_Relay_State_Drive	8	static
../Core/Src/FEB_Relay.c:94:6:FEB_Relay_State_Precharge	8	static
../Core/Src/FEB_Relay.c:102:6:FEB_Relay_State_Shutdown	8	static
../Core/Src/FEB_Relay.c:110:6:FEB_Relay_UART_Transmit	48	static
