../Core/Src/main.c:125:5:main	8	static
../Core/Src/main.c:224:6:SystemClock_Config	88	static
../Core/Src/main.c:279:13:MX_CAN1_Init	8	static
../Core/Src/main.c:316:13:MX_SPI1_Init	8	static
../Core/Src/main.c:354:13:MX_TIM4_Init	32	static
../Core/Src/main.c:399:13:MX_USART2_UART_Init	8	static
../Core/Src/main.c:432:13:MX_GPIO_Init	40	static
../Core/Src/main.c:467:6:Start_Task1_VT	16	static
../Core/Src/main.c:482:6:Start_Task2_State	16	static
../Core/Src/main.c:497:6:Start_Task3_Charge	16	static
../Core/Src/main.c:512:6:Start_Task4_Balance	16	static
../Core/Src/main.c:527:6:Start_Task5_IVT	16	static
../Core/Src/main.c:542:6:Start_Task6_CAN	16	static
../Core/Src/main.c:554:6:Error_Handler	4	static,ignoring_inline_asm
