../Core/Src/FEB_Fan.c:33:6:FEB_Fan_Init	8	static
../Core/Src/FEB_Fan.c:59:6:FEB_Test_PWM	8	static
../Core/Src/FEB_Fan.c:68:10:FEB_Get_Fan_Setpoint	8	static
../Core/Src/FEB_Fan.c:79:10:FEB_Get_Fan_1_Setpoint	8	static
../Core/Src/FEB_Fan.c:89:10:FEB_Get_Fan_2_Setpoint	8	static
../Core/Src/FEB_Fan.c:99:10:FEB_Get_Fan_3_Setpoint	8	static
../Core/Src/FEB_Fan.c:109:10:FEB_Get_Fan_4_Setpoint	8	static
../Core/Src/FEB_Fan.c:119:10:FEB_Get_Fan_5_Setpoint	8	static
../Core/Src/FEB_Fan.c:131:6:FEB_PID_Init_All	8	static
../Core/Src/FEB_Fan.c:139:6:FEB_Update_PWM_All_Fans	8	static
../Core/Src/FEB_Fan.c:147:6:FEB_Update_PWM_Fan_1	32	static
../Core/Src/FEB_Fan.c:154:6:FEB_Update_PWM_Fan_2	32	static
../Core/Src/FEB_Fan.c:161:6:FEB_Update_PWM_Fan_3	32	static
../Core/Src/FEB_Fan.c:168:6:FEB_Update_PWM_Fan_4	32	static
../Core/Src/FEB_Fan.c:175:6:FEB_Update_PWM_Fan_5	32	static
../Core/Src/FEB_Fan.c:183:6:FEB_Fan_PWM_Init	8	static
../Core/Src/FEB_Fan.c:191:6:FEB_Fan_All_Speed_Set	16	static
../Core/Src/FEB_Fan.c:199:6:FEB_Fan_1_Speed_Set	16	static
../Core/Src/FEB_Fan.c:204:6:FEB_Fan_2_Speed_Set	16	static
../Core/Src/FEB_Fan.c:209:6:FEB_Fan_3_Speed_Set	16	static
../Core/Src/FEB_Fan.c:214:6:FEB_Fan_4_Speed_Set	16	static
../Core/Src/FEB_Fan.c:219:6:FEB_Fan_5_Speed_Set	16	static
