../Core/Src/FEB_Fan.c:33:6:FEB_Fan_Init	8	static
../Core/Src/FEB_Fan.c:56:6:FEB_Test_PWM	8	static
../Core/Src/FEB_Fan.c:65:10:FEB_Get_Fan_Setpoint	8	static
../Core/Src/FEB_Fan.c:76:10:FEB_Get_Fan_1_Setpoint	8	static
../Core/Src/FEB_Fan.c:86:10:FEB_Get_Fan_2_Setpoint	8	static
../Core/Src/FEB_Fan.c:96:10:FEB_Get_Fan_3_Setpoint	8	static
../Core/Src/FEB_Fan.c:106:10:FEB_Get_Fan_4_Setpoint	8	static
../Core/Src/FEB_Fan.c:116:10:FEB_Get_Fan_5_Setpoint	8	static
../Core/Src/FEB_Fan.c:128:6:FEB_PID_Init_All	8	static
../Core/Src/FEB_Fan.c:136:6:FEB_Update_PWM_All_Fans	8	static
../Core/Src/FEB_Fan.c:144:6:FEB_Update_PWM_Fan_1	32	static
../Core/Src/FEB_Fan.c:151:6:FEB_Update_PWM_Fan_2	32	static
../Core/Src/FEB_Fan.c:158:6:FEB_Update_PWM_Fan_3	32	static
../Core/Src/FEB_Fan.c:165:6:FEB_Update_PWM_Fan_4	32	static
../Core/Src/FEB_Fan.c:172:6:FEB_Update_PWM_Fan_5	32	static
../Core/Src/FEB_Fan.c:180:6:FEB_Fan_PWM_Init	8	static
../Core/Src/FEB_Fan.c:188:6:FEB_Fan_All_Speed_Set	16	static
../Core/Src/FEB_Fan.c:196:6:FEB_Fan_1_Speed_Set	16	static
../Core/Src/FEB_Fan.c:201:6:FEB_Fan_2_Speed_Set	16	static
../Core/Src/FEB_Fan.c:206:6:FEB_Fan_3_Speed_Set	16	static
../Core/Src/FEB_Fan.c:211:6:FEB_Fan_4_Speed_Set	16	static
../Core/Src/FEB_Fan.c:216:6:FEB_Fan_5_Speed_Set	16	static
