../Core/Src/FEB_Fan.c:12:6:FEB_Fan_Init	8	static
../Core/Src/FEB_Fan.c:19:6:FEB_Fan_CAN_Msg_Process	16	static
../Core/Src/FEB_Fan.c:28:6:FEB_Fan_PWM_Init	8	static
../Core/Src/FEB_Fan.c:36:6:FEB_Fan_All_Speed_Set	16	static
../Core/Src/FEB_Fan.c:44:6:FEB_Fan_1_Speed_Set	16	static
../Core/Src/FEB_Fan.c:48:6:FEB_Fan_2_Speed_Set	16	static
../Core/Src/FEB_Fan.c:52:6:FEB_Fan_3_Speed_Set	16	static
../Core/Src/FEB_Fan.c:56:6:FEB_Fan_4_Speed_Set	16	static
../Core/Src/FEB_Fan.c:60:6:FEB_Fan_5_Speed_Set	16	static
