../Core/Src/main.c:93:5:main	8	static
../Core/Src/main.c:155:6:SystemClock_Config	88	static
../Core/Src/main.c:193:13:MX_ADC_Init	24	static
../Core/Src/main.c:271:13:MX_CAN_Init	8	static
../Core/Src/main.c:308:13:MX_TIM1_Init	96	static
../Core/Src/main.c:391:13:MX_TIM2_Init	64	static
../Core/Src/main.c:454:13:MX_TIM3_Init	48	static
../Core/Src/main.c:517:13:MX_USART2_UART_Init	8	static
../Core/Src/main.c:553:13:MX_GPIO_Init	24	static
../Core/Src/main.c:568:6:HAL_TIM_IC_CaptureCallback	16	static
../Core/Src/main.c:598:6:HAL_TIM_PeriodElapsedCallback	16	static
../Core/Src/main.c:610:6:Error_Handler	8	static,ignoring_inline_asm
