../Core/Src/main.c:92:5:main	8	static
../Core/Src/main.c:171:6:SystemClock_Config	88	static
../Core/Src/main.c:208:13:MX_CAN_Init	8	static
../Core/Src/main.c:245:13:MX_TIM1_Init	96	static
../Core/Src/main.c:328:13:MX_TIM2_Init	48	static
../Core/Src/main.c:390:13:MX_TIM3_Init	80	static
../Core/Src/main.c:470:13:MX_TIM14_Init	24	static
../Core/Src/main.c:515:13:MX_USART2_UART_Init	8	static
../Core/Src/main.c:551:13:MX_GPIO_Init	24	static
../Core/Src/main.c:566:6:HAL_TIM_IC_CaptureCallback	16	static
../Core/Src/main.c:696:6:HAL_TIM_PeriodElapsedCallback	16	static
../Core/Src/main.c:708:6:Error_Handler	8	static,ignoring_inline_asm
