14:50:14 **** Build of configuration Debug for project SWDB ****
make -j7 all 
arm-none-eabi-gcc "../Drivers/STM32F4xx_HAL_Driver/Src/stm32f4xx_hal.c" -mcpu=cortex-m4 -std=gnu11 -g3 -DDEBUG -DUSE_HAL_DRIVER -DSTM32F446xx -c -I../Core/Inc -I../Drivers/STM32F4xx_HAL_Driver/Inc -I../Drivers/STM32F4xx_HAL_Driver/Inc/Legacy -I../Drivers/CMSIS/Device/ST/STM32F4xx/Include -I../Drivers/CMSIS/Include -O0 -ffunction-sections -fdata-sections -Wall -fstack-usage -fcyclomatic-complexity -MMD -MP -MF"Drivers/STM32F4xx_HAL_Driver/Src/stm32f4xx_hal.d" -MT"Drivers/STM32F4xx_HAL_Driver/Src/stm32f4xx_hal.o" --specs=nano.specs -mfpu=fpv4-sp-d16 -mfloat-abi=hard -mthumb -o "Drivers/STM32F4xx_HAL_Driver/Src/stm32f4xx_hal.o"
arm-none-eabi-gcc "../Drivers/STM32F4xx_HAL_Driver/Src/stm32f4xx_hal_can.c" -mcpu=cortex-m4 -std=gnu11 -g3 -DDEBUG -DUSE_HAL_DRIVER -DSTM32F446xx -c -I../Core/Inc -I../Drivers/STM32F4xx_HAL_Driver/Inc -I../Drivers/STM32F4xx_HAL_Driver/Inc/Legacy -I../Drivers/CMSIS/Device/ST/STM32F4xx/Include -I../Drivers/CMSIS/Include -O0 -ffunction-sections -fdata-sections -Wall -fstack-usage -fcyclomatic-complexity -MMD -MP -MF"Drivers/STM32F4xx_HAL_Driver/Src/stm32f4xx_hal_can.d" -MT"Drivers/STM32F4xx_HAL_Driver/Src/stm32f4xx_hal_can.o" --specs=nano.specs -mfpu=fpv4-sp-d16 -mfloat-abi=hard -mthumb -o "Drivers/STM32F4xx_HAL_Driver/Src/stm32f4xx_hal_can.o"
arm-none-eabi-gcc "../Drivers/STM32F4xx_HAL_Driver/Src/stm32f4xx_hal_cortex.c" -mcpu=cortex-m4 -std=gnu11 -g3 -DDEBUG -DUSE_HAL_DRIVER -DSTM32F446xx -c -I../Core/Inc -I../Drivers/STM32F4xx_HAL_Driver/Inc -I../Drivers/STM32F4xx_HAL_Driver/Inc/Legacy -I../Drivers/CMSIS/Device/ST/STM32F4xx/Include -I../Drivers/CMSIS/Include -O0 -ffunction-sections -fdata-sections -Wall -fstack-usage -fcyclomatic-complexity -MMD -MP -MF"Drivers/STM32F4xx_HAL_Driver/Src/stm32f4xx_hal_cortex.d" -MT"Drivers/STM32F4xx_HAL_Driver/Src/stm32f4xx_hal_cortex.o" --specs=nano.specs -mfpu=fpv4-sp-d16 -mfloat-abi=hard -mthumb -o "Drivers/STM32F4xx_HAL_Driver/Src/stm32f4xx_hal_cortex.o"
arm-none-eabi-gcc "../Drivers/STM32F4xx_HAL_Driver/Src/stm32f4xx_hal_dma.c" -mcpu=cortex-m4 -std=gnu11 -g3 -DDEBUG -DUSE_HAL_DRIVER -DSTM32F446xx -c -I../Core/Inc -I../Drivers/STM32F4xx_HAL_Driver/Inc -I../Drivers/STM32F4xx_HAL_Driver/Inc/Legacy -I../Drivers/CMSIS/Device/ST/STM32F4xx/Include -I../Drivers/CMSIS/Include -O0 -ffunction-sections -fdata-sections -Wall -fstack-usage -fcyclomatic-complexity -MMD -MP -MF"Drivers/STM32F4xx_HAL_Driver/Src/stm32f4xx_hal_dma.d" -MT"Drivers/STM32F4xx_HAL_Driver/Src/stm32f4xx_hal_dma.o" --specs=nano.specs -mfpu=fpv4-sp-d16 -mfloat-abi=hard -mthumb -o "Drivers/STM32F4xx_HAL_Driver/Src/stm32f4xx_hal_dma.o"
arm-none-eabi-gcc "../Drivers/STM32F4xx_HAL_Driver/Src/stm32f4xx_hal_dma_ex.c" -mcpu=cortex-m4 -std=gnu11 -g3 -DDEBUG -DUSE_HAL_DRIVER -DSTM32F446xx -c -I../Core/Inc -I../Drivers/STM32F4xx_HAL_Driver/Inc -I../Drivers/STM32F4xx_HAL_Driver/Inc/Legacy -I../Drivers/CMSIS/Device/ST/STM32F4xx/Include -I../Drivers/CMSIS/Include -O0 -ffunction-sections -fdata-sections -Wall -fstack-usage -fcyclomatic-complexity -MMD -MP -MF"Drivers/STM32F4xx_HAL_Driver/Src/stm32f4xx_hal_dma_ex.d" -MT"Drivers/STM32F4xx_HAL_Driver/Src/stm32f4xx_hal_dma_ex.o" --specs=nano.specs -mfpu=fpv4-sp-d16 -mfloat-abi=hard -mthumb -o "Drivers/STM32F4xx_HAL_Driver/Src/stm32f4xx_hal_dma_ex.o"
arm-none-eabi-gcc "../Drivers/STM32F4xx_HAL_Driver/Src/stm32f4xx_hal_exti.c" -mcpu=cortex-m4 -std=gnu11 -g3 -DDEBUG -DUSE_HAL_DRIVER -DSTM32F446xx -c -I../Core/Inc -I../Drivers/STM32F4xx_HAL_Driver/Inc -I../Drivers/STM32F4xx_HAL_Driver/Inc/Legacy -I../Drivers/CMSIS/Device/ST/STM32F4xx/Include -I../Drivers/CMSIS/Include -O0 -ffunction-sections -fdata-sections -Wall -fstack-usage -fcyclomatic-complexity -MMD -MP -MF"Drivers/STM32F4xx_HAL_Driver/Src/stm32f4xx_hal_exti.d" -MT"Drivers/STM32F4xx_HAL_Driver/Src/stm32f4xx_hal_exti.o" --specs=nano.specs -mfpu=fpv4-sp-d16 -mfloat-abi=hard -mthumb -o "Drivers/STM32F4xx_HAL_Driver/Src/stm32f4xx_hal_exti.o"
arm-none-eabi-gcc "../Drivers/STM32F4xx_HAL_Driver/Src/stm32f4xx_hal_flash.c" -mcpu=cortex-m4 -std=gnu11 -g3 -DDEBUG -DUSE_HAL_DRIVER -DSTM32F446xx -c -I../Core/Inc -I../Drivers/STM32F4xx_HAL_Driver/Inc -I../Drivers/STM32F4xx_HAL_Driver/Inc/Legacy -I../Drivers/CMSIS/Device/ST/STM32F4xx/Include -I../Drivers/CMSIS/Include -O0 -ffunction-sections -fdata-sections -Wall -fstack-usage -fcyclomatic-complexity -MMD -MP -MF"Drivers/STM32F4xx_HAL_Driver/Src/stm32f4xx_hal_flash.d" -MT"Drivers/STM32F4xx_HAL_Driver/Src/stm32f4xx_hal_flash.o" --specs=nano.specs -mfpu=fpv4-sp-d16 -mfloat-abi=hard -mthumb -o "Drivers/STM32F4xx_HAL_Driver/Src/stm32f4xx_hal_flash.o"
arm-none-eabi-gcc "../Drivers/STM32F4xx_HAL_Driver/Src/stm32f4xx_hal_flash_ex.c" -mcpu=cortex-m4 -std=gnu11 -g3 -DDEBUG -DUSE_HAL_DRIVER -DSTM32F446xx -c -I../Core/Inc -I../Drivers/STM32F4xx_HAL_Driver/Inc -I../Drivers/STM32F4xx_HAL_Driver/Inc/Legacy -I../Drivers/CMSIS/Device/ST/STM32F4xx/Include -I../Drivers/CMSIS/Include -O0 -ffunction-sections -fdata-sections -Wall -fstack-usage -fcyclomatic-complexity -MMD -MP -MF"Drivers/STM32F4xx_HAL_Driver/Src/stm32f4xx_hal_flash_ex.d" -MT"Drivers/STM32F4xx_HAL_Driver/Src/stm32f4xx_hal_flash_ex.o" --specs=nano.specs -mfpu=fpv4-sp-d16 -mfloat-abi=hard -mthumb -o "Drivers/STM32F4xx_HAL_Driver/Src/stm32f4xx_hal_flash_ex.o"
arm-none-eabi-gcc "../Drivers/STM32F4xx_HAL_Driver/Src/stm32f4xx_hal_flash_ramfunc.c" -mcpu=cortex-m4 -std=gnu11 -g3 -DDEBUG -DUSE_HAL_DRIVER -DSTM32F446xx -c -I../Core/Inc -I../Drivers/STM32F4xx_HAL_Driver/Inc -I../Drivers/STM32F4xx_HAL_Driver/Inc/Legacy -I../Drivers/CMSIS/Device/ST/STM32F4xx/Include -I../Drivers/CMSIS/Include -O0 -ffunction-sections -fdata-sections -Wall -fstack-usage -fcyclomatic-complexity -MMD -MP -MF"Drivers/STM32F4xx_HAL_Driver/Src/stm32f4xx_hal_flash_ramfunc.d" -MT"Drivers/STM32F4xx_HAL_Driver/Src/stm32f4xx_hal_flash_ramfunc.o" --specs=nano.specs -mfpu=fpv4-sp-d16 -mfloat-abi=hard -mthumb -o "Drivers/STM32F4xx_HAL_Driver/Src/stm32f4xx_hal_flash_ramfunc.o"
arm-none-eabi-gcc "../Drivers/STM32F4xx_HAL_Driver/Src/stm32f4xx_hal_gpio.c" -mcpu=cortex-m4 -std=gnu11 -g3 -DDEBUG -DUSE_HAL_DRIVER -DSTM32F446xx -c -I../Core/Inc -I../Drivers/STM32F4xx_HAL_Driver/Inc -I../Drivers/STM32F4xx_HAL_Driver/Inc/Legacy -I../Drivers/CMSIS/Device/ST/STM32F4xx/Include -I../Drivers/CMSIS/Include -O0 -ffunction-sections -fdata-sections -Wall -fstack-usage -fcyclomatic-complexity -MMD -MP -MF"Drivers/STM32F4xx_HAL_Driver/Src/stm32f4xx_hal_gpio.d" -MT"Drivers/STM32F4xx_HAL_Driver/Src/stm32f4xx_hal_gpio.o" --specs=nano.specs -mfpu=fpv4-sp-d16 -mfloat-abi=hard -mthumb -o "Drivers/STM32F4xx_HAL_Driver/Src/stm32f4xx_hal_gpio.o"
arm-none-eabi-gcc "../Drivers/STM32F4xx_HAL_Driver/Src/stm32f4xx_hal_i2c.c" -mcpu=cortex-m4 -std=gnu11 -g3 -DDEBUG -DUSE_HAL_DRIVER -DSTM32F446xx -c -I../Core/Inc -I../Drivers/STM32F4xx_HAL_Driver/Inc -I../Drivers/STM32F4xx_HAL_Driver/Inc/Legacy -I../Drivers/CMSIS/Device/ST/STM32F4xx/Include -I../Drivers/CMSIS/Include -O0 -ffunction-sections -fdata-sections -Wall -fstack-usage -fcyclomatic-complexity -MMD -MP -MF"Drivers/STM32F4xx_HAL_Driver/Src/stm32f4xx_hal_i2c.d" -MT"Drivers/STM32F4xx_HAL_Driver/Src/stm32f4xx_hal_i2c.o" --specs=nano.specs -mfpu=fpv4-sp-d16 -mfloat-abi=hard -mthumb -o "Drivers/STM32F4xx_HAL_Driver/Src/stm32f4xx_hal_i2c.o"
arm-none-eabi-gcc "../Drivers/STM32F4xx_HAL_Driver/Src/stm32f4xx_hal_i2c_ex.c" -mcpu=cortex-m4 -std=gnu11 -g3 -DDEBUG -DUSE_HAL_DRIVER -DSTM32F446xx -c -I../Core/Inc -I../Drivers/STM32F4xx_HAL_Driver/Inc -I../Drivers/STM32F4xx_HAL_Driver/Inc/Legacy -I../Drivers/CMSIS/Device/ST/STM32F4xx/Include -I../Drivers/CMSIS/Include -O0 -ffunction-sections -fdata-sections -Wall -fstack-usage -fcyclomatic-complexity -MMD -MP -MF"Drivers/STM32F4xx_HAL_Driver/Src/stm32f4xx_hal_i2c_ex.d" -MT"Drivers/STM32F4xx_HAL_Driver/Src/stm32f4xx_hal_i2c_ex.o" --specs=nano.specs -mfpu=fpv4-sp-d16 -mfloat-abi=hard -mthumb -o "Drivers/STM32F4xx_HAL_Driver/Src/stm32f4xx_hal_i2c_ex.o"
arm-none-eabi-gcc "../Drivers/STM32F4xx_HAL_Driver/Src/stm32f4xx_hal_pwr.c" -mcpu=cortex-m4 -std=gnu11 -g3 -DDEBUG -DUSE_HAL_DRIVER -DSTM32F446xx -c -I../Core/Inc -I../Drivers/STM32F4xx_HAL_Driver/Inc -I../Drivers/STM32F4xx_HAL_Driver/Inc/Legacy -I../Drivers/CMSIS/Device/ST/STM32F4xx/Include -I../Drivers/CMSIS/Include -O0 -ffunction-sections -fdata-sections -Wall -fstack-usage -fcyclomatic-complexity -MMD -MP -MF"Drivers/STM32F4xx_HAL_Driver/Src/stm32f4xx_hal_pwr.d" -MT"Drivers/STM32F4xx_HAL_Driver/Src/stm32f4xx_hal_pwr.o" --specs=nano.specs -mfpu=fpv4-sp-d16 -mfloat-abi=hard -mthumb -o "Drivers/STM32F4xx_HAL_Driver/Src/stm32f4xx_hal_pwr.o"
arm-none-eabi-gcc "../Drivers/STM32F4xx_HAL_Driver/Src/stm32f4xx_hal_pwr_ex.c" -mcpu=cortex-m4 -std=gnu11 -g3 -DDEBUG -DUSE_HAL_DRIVER -DSTM32F446xx -c -I../Core/Inc -I../Drivers/STM32F4xx_HAL_Driver/Inc -I../Drivers/STM32F4xx_HAL_Driver/Inc/Legacy -I../Drivers/CMSIS/Device/ST/STM32F4xx/Include -I../Drivers/CMSIS/Include -O0 -ffunction-sections -fdata-sections -Wall -fstack-usage -fcyclomatic-complexity -MMD -MP -MF"Drivers/STM32F4xx_HAL_Driver/Src/stm32f4xx_hal_pwr_ex.d" -MT"Drivers/STM32F4xx_HAL_Driver/Src/stm32f4xx_hal_pwr_ex.o" --specs=nano.specs -mfpu=fpv4-sp-d16 -mfloat-abi=hard -mthumb -o "Drivers/STM32F4xx_HAL_Driver/Src/stm32f4xx_hal_pwr_ex.o"
arm-none-eabi-gcc "../Drivers/STM32F4xx_HAL_Driver/Src/stm32f4xx_hal_rcc.c" -mcpu=cortex-m4 -std=gnu11 -g3 -DDEBUG -DUSE_HAL_DRIVER -DSTM32F446xx -c -I../Core/Inc -I../Drivers/STM32F4xx_HAL_Driver/Inc -I../Drivers/STM32F4xx_HAL_Driver/Inc/Legacy -I../Drivers/CMSIS/Device/ST/STM32F4xx/Include -I../Drivers/CMSIS/Include -O0 -ffunction-sections -fdata-sections -Wall -fstack-usage -fcyclomatic-complexity -MMD -MP -MF"Drivers/STM32F4xx_HAL_Driver/Src/stm32f4xx_hal_rcc.d" -MT"Drivers/STM32F4xx_HAL_Driver/Src/stm32f4xx_hal_rcc.o" --specs=nano.specs -mfpu=fpv4-sp-d16 -mfloat-abi=hard -mthumb -o "Drivers/STM32F4xx_HAL_Driver/Src/stm32f4xx_hal_rcc.o"
arm-none-eabi-gcc "../Drivers/STM32F4xx_HAL_Driver/Src/stm32f4xx_hal_rcc_ex.c" -mcpu=cortex-m4 -std=gnu11 -g3 -DDEBUG -DUSE_HAL_DRIVER -DSTM32F446xx -c -I../Core/Inc -I../Drivers/STM32F4xx_HAL_Driver/Inc -I../Drivers/STM32F4xx_HAL_Driver/Inc/Legacy -I../Drivers/CMSIS/Device/ST/STM32F4xx/Include -I../Drivers/CMSIS/Include -O0 -ffunction-sections -fdata-sections -Wall -fstack-usage -fcyclomatic-complexity -MMD -MP -MF"Drivers/STM32F4xx_HAL_Driver/Src/stm32f4xx_hal_rcc_ex.d" -MT"Drivers/STM32F4xx_HAL_Driver/Src/stm32f4xx_hal_rcc_ex.o" --specs=nano.specs -mfpu=fpv4-sp-d16 -mfloat-abi=hard -mthumb -o "Drivers/STM32F4xx_HAL_Driver/Src/stm32f4xx_hal_rcc_ex.o"
arm-none-eabi-gcc "../Drivers/STM32F4xx_HAL_Driver/Src/stm32f4xx_hal_tim.c" -mcpu=cortex-m4 -std=gnu11 -g3 -DDEBUG -DUSE_HAL_DRIVER -DSTM32F446xx -c -I../Core/Inc -I../Drivers/STM32F4xx_HAL_Driver/Inc -I../Drivers/STM32F4xx_HAL_Driver/Inc/Legacy -I../Drivers/CMSIS/Device/ST/STM32F4xx/Include -I../Drivers/CMSIS/Include -O0 -ffunction-sections -fdata-sections -Wall -fstack-usage -fcyclomatic-complexity -MMD -MP -MF"Drivers/STM32F4xx_HAL_Driver/Src/stm32f4xx_hal_tim.d" -MT"Drivers/STM32F4xx_HAL_Driver/Src/stm32f4xx_hal_tim.o" --specs=nano.specs -mfpu=fpv4-sp-d16 -mfloat-abi=hard -mthumb -o "Drivers/STM32F4xx_HAL_Driver/Src/stm32f4xx_hal_tim.o"
arm-none-eabi-gcc "../Drivers/STM32F4xx_HAL_Driver/Src/stm32f4xx_hal_tim_ex.c" -mcpu=cortex-m4 -std=gnu11 -g3 -DDEBUG -DUSE_HAL_DRIVER -DSTM32F446xx -c -I../Core/Inc -I../Drivers/STM32F4xx_HAL_Driver/Inc -I../Drivers/STM32F4xx_HAL_Driver/Inc/Legacy -I../Drivers/CMSIS/Device/ST/STM32F4xx/Include -I../Drivers/CMSIS/Include -O0 -ffunction-sections -fdata-sections -Wall -fstack-usage -fcyclomatic-complexity -MMD -MP -MF"Drivers/STM32F4xx_HAL_Driver/Src/stm32f4xx_hal_tim_ex.d" -MT"Drivers/STM32F4xx_HAL_Driver/Src/stm32f4xx_hal_tim_ex.o" --specs=nano.specs -mfpu=fpv4-sp-d16 -mfloat-abi=hard -mthumb -o "Drivers/STM32F4xx_HAL_Driver/Src/stm32f4xx_hal_tim_ex.o"
arm-none-eabi-gcc "../Drivers/STM32F4xx_HAL_Driver/Src/stm32f4xx_hal_uart.c" -mcpu=cortex-m4 -std=gnu11 -g3 -DDEBUG -DUSE_HAL_DRIVER -DSTM32F446xx -c -I../Core/Inc -I../Drivers/STM32F4xx_HAL_Driver/Inc -I../Drivers/STM32F4xx_HAL_Driver/Inc/Legacy -I../Drivers/CMSIS/Device/ST/STM32F4xx/Include -I../Drivers/CMSIS/Include -O0 -ffunction-sections -fdata-sections -Wall -fstack-usage -fcyclomatic-complexity -MMD -MP -MF"Drivers/STM32F4xx_HAL_Driver/Src/stm32f4xx_hal_uart.d" -MT"Drivers/STM32F4xx_HAL_Driver/Src/stm32f4xx_hal_uart.o" --specs=nano.specs -mfpu=fpv4-sp-d16 -mfloat-abi=hard -mthumb -o "Drivers/STM32F4xx_HAL_Driver/Src/stm32f4xx_hal_uart.o"
arm-none-eabi-gcc -mcpu=cortex-m4 -g3 -DDEBUG -c -x assembler-with-cpp -MMD -MP -MF"Core/Startup/startup_stm32f446retx.d" -MT"Core/Startup/startup_stm32f446retx.o" --specs=nano.specs -mfpu=fpv4-sp-d16 -mfloat-abi=hard -mthumb -o "Core/Startup/startup_stm32f446retx.o" "../Core/Startup/startup_stm32f446retx.s"
arm-none-eabi-gcc "../Core/Src/FEB_CAN.c" -mcpu=cortex-m4 -std=gnu11 -g3 -DDEBUG -DUSE_HAL_DRIVER -DSTM32F446xx -c -I../Core/Inc -I../Drivers/STM32F4xx_HAL_Driver/Inc -I../Drivers/STM32F4xx_HAL_Driver/Inc/Legacy -I../Drivers/CMSIS/Device/ST/STM32F4xx/Include -I../Drivers/CMSIS/Include -O0 -ffunction-sections -fdata-sections -Wall -fstack-usage -fcyclomatic-complexity -MMD -MP -MF"Core/Src/FEB_CAN.d" -MT"Core/Src/FEB_CAN.o" --specs=nano.specs -mfpu=fpv4-sp-d16 -mfloat-abi=hard -mthumb -o "Core/Src/FEB_CAN.o"
../Core/Src/FEB_CAN.c: In function 'FEB_CAN_Filter_Config':
../Core/Src/FEB_CAN.c:28:17: warning: unused variable 'filter_bank' [-Wunused-variable]
   28 |         uint8_t filter_bank = 0;
      |                 ^~~~~~~~~~~
arm-none-eabi-gcc "../Core/Src/FEB_Main.c" -mcpu=cortex-m4 -std=gnu11 -g3 -DDEBUG -DUSE_HAL_DRIVER -DSTM32F446xx -c -I../Core/Inc -I../Drivers/STM32F4xx_HAL_Driver/Inc -I../Drivers/STM32F4xx_HAL_Driver/Inc/Legacy -I../Drivers/CMSIS/Device/ST/STM32F4xx/Include -I../Drivers/CMSIS/Include -O0 -ffunction-sections -fdata-sections -Wall -fstack-usage -fcyclomatic-complexity -MMD -MP -MF"Core/Src/FEB_Main.d" -MT"Core/Src/FEB_Main.o" --specs=nano.specs -mfpu=fpv4-sp-d16 -mfloat-abi=hard -mthumb -o "Core/Src/FEB_Main.o"
arm-none-eabi-gcc "../Core/Src/main.c" -mcpu=cortex-m4 -std=gnu11 -g3 -DDEBUG -DUSE_HAL_DRIVER -DSTM32F446xx -c -I../Core/Inc -I../Drivers/STM32F4xx_HAL_Driver/Inc -I../Drivers/STM32F4xx_HAL_Driver/Inc/Legacy -I../Drivers/CMSIS/Device/ST/STM32F4xx/Include -I../Drivers/CMSIS/Include -O0 -ffunction-sections -fdata-sections -Wall -fstack-usage -fcyclomatic-complexity -MMD -MP -MF"Core/Src/main.d" -MT"Core/Src/main.o" --specs=nano.specs -mfpu=fpv4-sp-d16 -mfloat-abi=hard -mthumb -o "Core/Src/main.o"
../Core/Src/FEB_Main.c: In function 'FEB_Main_User2':
../Core/Src/FEB_Main.c:56:32: error: 'SW_ID' undeclared (first use in this function)
   56 |           FEB_CAN_Init(&hcan1, SW_ID);
      |                                ^~~~~
../Core/Src/FEB_Main.c:56:32: note: each undeclared identifier is reported only once for each function it appears in
../Core/Src/FEB_Main.c:56:11: error: too many arguments to function 'FEB_CAN_Init'
   56 |           FEB_CAN_Init(&hcan1, SW_ID);
      |           ^~~~~~~~~~~~
In file included from ../Core/Inc/FEB_Main.h:14,
                 from ../Core/Src/FEB_Main.c:9:
../Core/Inc/FEB_CAN.h:10:6: note: declared here
   10 | void FEB_CAN_Init(void);
      |      ^~~~~~~~~~~~
../Core/Src/FEB_Main.c: In function 'FEB_Main_While':
../Core/Src/FEB_Main.c:97:27: warning: implicit declaration of function 'FEB_CAN_Transmit'; did you mean 'FEB_CAN_Init'? [-Wimplicit-function-declaration]
   97 |                           FEB_CAN_Transmit(&hcan1, FEB_CAN_ID_SW_COOLANT_PUMP, (uint8_t *) &coolant_pump, 1);
      |                           ^~~~~~~~~~~~~~~~
      |                           FEB_CAN_Init
At top level:
../Core/Src/FEB_Main.c:189:14: warning: 'HAL_TIM_PeriodElapsedCallback' defined but not used [-Wunused-function]
  189 |         void HAL_TIM_PeriodElapsedCallback(TIM_HandleTypeDef *htim)
      |              ^~~~~~~~~~~~~~~~~~~~~~~~~~~~~
make: *** [Core/Src/subdir.mk:40: Core/Src/FEB_Main.o] Error 1
make: *** Waiting for unfinished jobs....
../Core/Src/main.c:435:1: warning: data definition has no type or storage class
  435 | FEB_Main_User4();
      | ^~~~~~~~~~~~~~
../Core/Src/main.c:435:1: warning: type defaults to 'int' in declaration of 'FEB_Main_User4' [-Wimplicit-int]
../Core/Src/main.c:435:1: error: conflicting types for 'FEB_Main_User4'; have 'int()'
In file included from ../Core/Inc/main.h:34,
                 from ../Core/Src/main.c:20:
../Core/Inc/FEB_Main.h:29:6: note: previous declaration of 'FEB_Main_User4' with type 'void(void)'
   29 | void FEB_Main_User4(void);
      |      ^~~~~~~~~~~~~~
make: *** [Core/Src/subdir.mk:40: Core/Src/main.o] Error 1
"make -j7 all" terminated with exit code 2. Build might be incomplete.
14:51:03 **** Incremental Build of configuration Debug for project SWDB ****
make -j7 all 
arm-none-eabi-gcc "../Core/Src/FEB_Main.c" -mcpu=cortex-m4 -std=gnu11 -g3 -DDEBUG -DUSE_HAL_DRIVER -DSTM32F446xx -c -I../Core/Inc -I../Drivers/STM32F4xx_HAL_Driver/Inc -I../Drivers/STM32F4xx_HAL_Driver/Inc/Legacy -I../Drivers/CMSIS/Device/ST/STM32F4xx/Include -I../Drivers/CMSIS/Include -O0 -ffunction-sections -fdata-sections -Wall -fstack-usage -fcyclomatic-complexity -MMD -MP -MF"Core/Src/FEB_Main.d" -MT"Core/Src/FEB_Main.o" --specs=nano.specs -mfpu=fpv4-sp-d16 -mfloat-abi=hard -mthumb -o "Core/Src/FEB_Main.o"
arm-none-eabi-gcc "../Core/Src/main.c" -mcpu=cortex-m4 -std=gnu11 -g3 -DDEBUG -DUSE_HAL_DRIVER -DSTM32F446xx -c -I../Core/Inc -I../Drivers/STM32F4xx_HAL_Driver/Inc -I../Drivers/STM32F4xx_HAL_Driver/Inc/Legacy -I../Drivers/CMSIS/Device/ST/STM32F4xx/Include -I../Drivers/CMSIS/Include -O0 -ffunction-sections -fdata-sections -Wall -fstack-usage -fcyclomatic-complexity -MMD -MP -MF"Core/Src/main.d" -MT"Core/Src/main.o" --specs=nano.specs -mfpu=fpv4-sp-d16 -mfloat-abi=hard -mthumb -o "Core/Src/main.o"
arm-none-eabi-gcc "../Core/Src/stm32f4xx_hal_msp.c" -mcpu=cortex-m4 -std=gnu11 -g3 -DDEBUG -DUSE_HAL_DRIVER -DSTM32F446xx -c -I../Core/Inc -I../Drivers/STM32F4xx_HAL_Driver/Inc -I../Drivers/STM32F4xx_HAL_Driver/Inc/Legacy -I../Drivers/CMSIS/Device/ST/STM32F4xx/Include -I../Drivers/CMSIS/Include -O0 -ffunction-sections -fdata-sections -Wall -fstack-usage -fcyclomatic-complexity -MMD -MP -MF"Core/Src/stm32f4xx_hal_msp.d" -MT"Core/Src/stm32f4xx_hal_msp.o" --specs=nano.specs -mfpu=fpv4-sp-d16 -mfloat-abi=hard -mthumb -o "Core/Src/stm32f4xx_hal_msp.o"
arm-none-eabi-gcc "../Core/Src/stm32f4xx_it.c" -mcpu=cortex-m4 -std=gnu11 -g3 -DDEBUG -DUSE_HAL_DRIVER -DSTM32F446xx -c -I../Core/Inc -I../Drivers/STM32F4xx_HAL_Driver/Inc -I../Drivers/STM32F4xx_HAL_Driver/Inc/Legacy -I../Drivers/CMSIS/Device/ST/STM32F4xx/Include -I../Drivers/CMSIS/Include -O0 -ffunction-sections -fdata-sections -Wall -fstack-usage -fcyclomatic-complexity -MMD -MP -MF"Core/Src/stm32f4xx_it.d" -MT"Core/Src/stm32f4xx_it.o" --specs=nano.specs -mfpu=fpv4-sp-d16 -mfloat-abi=hard -mthumb -o "Core/Src/stm32f4xx_it.o"
arm-none-eabi-gcc "../Core/Src/syscalls.c" -mcpu=cortex-m4 -std=gnu11 -g3 -DDEBUG -DUSE_HAL_DRIVER -DSTM32F446xx -c -I../Core/Inc -I../Drivers/STM32F4xx_HAL_Driver/Inc -I../Drivers/STM32F4xx_HAL_Driver/Inc/Legacy -I../Drivers/CMSIS/Device/ST/STM32F4xx/Include -I../Drivers/CMSIS/Include -O0 -ffunction-sections -fdata-sections -Wall -fstack-usage -fcyclomatic-complexity -MMD -MP -MF"Core/Src/syscalls.d" -MT"Core/Src/syscalls.o" --specs=nano.specs -mfpu=fpv4-sp-d16 -mfloat-abi=hard -mthumb -o "Core/Src/syscalls.o"
arm-none-eabi-gcc "../Core/Src/sysmem.c" -mcpu=cortex-m4 -std=gnu11 -g3 -DDEBUG -DUSE_HAL_DRIVER -DSTM32F446xx -c -I../Core/Inc -I../Drivers/STM32F4xx_HAL_Driver/Inc -I../Drivers/STM32F4xx_HAL_Driver/Inc/Legacy -I../Drivers/CMSIS/Device/ST/STM32F4xx/Include -I../Drivers/CMSIS/Include -O0 -ffunction-sections -fdata-sections -Wall -fstack-usage -fcyclomatic-complexity -MMD -MP -MF"Core/Src/sysmem.d" -MT"Core/Src/sysmem.o" --specs=nano.specs -mfpu=fpv4-sp-d16 -mfloat-abi=hard -mthumb -o "Core/Src/sysmem.o"
arm-none-eabi-gcc "../Core/Src/system_stm32f4xx.c" -mcpu=cortex-m4 -std=gnu11 -g3 -DDEBUG -DUSE_HAL_DRIVER -DSTM32F446xx -c -I../Core/Inc -I../Drivers/STM32F4xx_HAL_Driver/Inc -I../Drivers/STM32F4xx_HAL_Driver/Inc/Legacy -I../Drivers/CMSIS/Device/ST/STM32F4xx/Include -I../Drivers/CMSIS/Include -O0 -ffunction-sections -fdata-sections -Wall -fstack-usage -fcyclomatic-complexity -MMD -MP -MF"Core/Src/system_stm32f4xx.d" -MT"Core/Src/system_stm32f4xx.o" --specs=nano.specs -mfpu=fpv4-sp-d16 -mfloat-abi=hard -mthumb -o "Core/Src/system_stm32f4xx.o"
../Core/Src/FEB_Main.c: In function 'FEB_Main_User2':
../Core/Src/FEB_Main.c:56:32: error: 'SW_ID' undeclared (first use in this function)
   56 |           FEB_CAN_Init(&hcan1, SW_ID);
      |                                ^~~~~
../Core/Src/FEB_Main.c:56:32: note: each undeclared identifier is reported only once for each function it appears in
../Core/Src/FEB_Main.c:56:11: error: too many arguments to function 'FEB_CAN_Init'
   56 |           FEB_CAN_Init(&hcan1, SW_ID);
      |           ^~~~~~~~~~~~
In file included from ../Core/Inc/FEB_Main.h:14,
                 from ../Core/Src/FEB_Main.c:9:
../Core/Inc/FEB_CAN.h:10:6: note: declared here
   10 | void FEB_CAN_Init(void);
      |      ^~~~~~~~~~~~
../Core/Src/main.c:435:1: warning: data definition has no type or storage class
  435 | FEB_Main_User4();
      | ^~~~~~~~~~~~~~
../Core/Src/main.c:435:1: warning: type defaults to 'int' in declaration of 'FEB_Main_User4' [-Wimplicit-int]
../Core/Src/main.c:435:1: error: conflicting types for 'FEB_Main_User4'; have 'int()'
In file included from ../Core/Inc/main.h:34,
                 from ../Core/Src/main.c:20:
../Core/Inc/FEB_Main.h:29:6: note: previous declaration of 'FEB_Main_User4' with type 'void()'
   29 | void FEB_Main_User4();
      |      ^~~~~~~~~~~~~~
make: *** [Core/Src/subdir.mk:40: Core/Src/main.o] Error 1
make: *** Waiting for unfinished jobs....
../Core/Src/FEB_Main.c: In function 'FEB_Main_While':
../Core/Src/FEB_Main.c:97:27: warning: implicit declaration of function 'FEB_CAN_Transmit'; did you mean 'FEB_CAN_Init'? [-Wimplicit-function-declaration]
   97 |                           FEB_CAN_Transmit(&hcan1, FEB_CAN_ID_SW_COOLANT_PUMP, (uint8_t *) &coolant_pump, 1);
      |                           ^~~~~~~~~~~~~~~~
      |                           FEB_CAN_Init
At top level:
../Core/Src/FEB_Main.c:189:14: warning: 'HAL_TIM_PeriodElapsedCallback' defined but not used [-Wunused-function]
  189 |         void HAL_TIM_PeriodElapsedCallback(TIM_HandleTypeDef *htim)
      |              ^~~~~~~~~~~~~~~~~~~~~~~~~~~~~
make: *** [Core/Src/subdir.mk:40: Core/Src/FEB_Main.o] Error 1
"make -j7 all" terminated with exit code 2. Build might be incomplete.
14:51:18 **** Incremental Build of configuration Debug for project SWDB ****
make -j7 all 
arm-none-eabi-gcc "../Core/Src/FEB_Main.c" -mcpu=cortex-m4 -std=gnu11 -g3 -DDEBUG -DUSE_HAL_DRIVER -DSTM32F446xx -c -I../Core/Inc -I../Drivers/STM32F4xx_HAL_Driver/Inc -I../Drivers/STM32F4xx_HAL_Driver/Inc/Legacy -I../Drivers/CMSIS/Device/ST/STM32F4xx/Include -I../Drivers/CMSIS/Include -O0 -ffunction-sections -fdata-sections -Wall -fstack-usage -fcyclomatic-complexity -MMD -MP -MF"Core/Src/FEB_Main.d" -MT"Core/Src/FEB_Main.o" --specs=nano.specs -mfpu=fpv4-sp-d16 -mfloat-abi=hard -mthumb -o "Core/Src/FEB_Main.o"
arm-none-eabi-gcc "../Core/Src/main.c" -mcpu=cortex-m4 -std=gnu11 -g3 -DDEBUG -DUSE_HAL_DRIVER -DSTM32F446xx -c -I../Core/Inc -I../Drivers/STM32F4xx_HAL_Driver/Inc -I../Drivers/STM32F4xx_HAL_Driver/Inc/Legacy -I../Drivers/CMSIS/Device/ST/STM32F4xx/Include -I../Drivers/CMSIS/Include -O0 -ffunction-sections -fdata-sections -Wall -fstack-usage -fcyclomatic-complexity -MMD -MP -MF"Core/Src/main.d" -MT"Core/Src/main.o" --specs=nano.specs -mfpu=fpv4-sp-d16 -mfloat-abi=hard -mthumb -o "Core/Src/main.o"
../Core/Src/main.c:435:1: warning: data definition has no type or storage class
  435 | FEB_Main_User4();
      | ^~~~~~~~~~~~~~
../Core/Src/main.c:435:1: warning: type defaults to 'int' in declaration of 'FEB_Main_User4' [-Wimplicit-int]
../Core/Src/main.c:435:1: error: conflicting types for 'FEB_Main_User4'; have 'int()'
In file included from ../Core/Inc/main.h:34,
                 from ../Core/Src/main.c:20:
../Core/Inc/FEB_Main.h:29:6: note: previous declaration of 'FEB_Main_User4' with type 'void()'
   29 | void FEB_Main_User4();
      |      ^~~~~~~~~~~~~~
../Core/Src/FEB_Main.c: In function 'FEB_Main_User2':
../Core/Src/FEB_Main.c:56:32: error: 'FEB_CAN_SW_ID' undeclared (first use in this function); did you mean 'FEB_CAN_ID_SW_ID'?
   56 |           FEB_CAN_Init(&hcan1, FEB_CAN_SW_ID);
      |                                ^~~~~~~~~~~~~
      |                                FEB_CAN_ID_SW_ID
../Core/Src/FEB_Main.c:56:32: note: each undeclared identifier is reported only once for each function it appears in
../Core/Src/FEB_Main.c:56:11: error: too many arguments to function 'FEB_CAN_Init'
   56 |           FEB_CAN_Init(&hcan1, FEB_CAN_SW_ID);
      |           ^~~~~~~~~~~~
In file included from ../Core/Inc/FEB_Main.h:14,
                 from ../Core/Src/FEB_Main.c:9:
../Core/Inc/FEB_CAN.h:10:6: note: declared here
   10 | void FEB_CAN_Init(void);
      |      ^~~~~~~~~~~~
make: *** [Core/Src/subdir.mk:40: Core/Src/main.o] Error 1
make: *** Waiting for unfinished jobs....
../Core/Src/FEB_Main.c: In function 'FEB_Main_While':
../Core/Src/FEB_Main.c:97:27: warning: implicit declaration of function 'FEB_CAN_Transmit'; did you mean 'FEB_CAN_Init'? [-Wimplicit-function-declaration]
   97 |                           FEB_CAN_Transmit(&hcan1, FEB_CAN_ID_SW_COOLANT_PUMP, (uint8_t *) &coolant_pump, 1);
      |                           ^~~~~~~~~~~~~~~~
      |                           FEB_CAN_Init
At top level:
../Core/Src/FEB_Main.c:189:14: warning: 'HAL_TIM_PeriodElapsedCallback' defined but not used [-Wunused-function]
  189 |         void HAL_TIM_PeriodElapsedCallback(TIM_HandleTypeDef *htim)
      |              ^~~~~~~~~~~~~~~~~~~~~~~~~~~~~
make: *** [Core/Src/subdir.mk:40: Core/Src/FEB_Main.o] Error 1
"make -j7 all" terminated with exit code 2. Build might be incomplete.
14:53:20 **** Incremental Build of configuration Debug for project SWDB ****
make -j7 all 
arm-none-eabi-gcc "../Core/Src/FEB_Main.c" -mcpu=cortex-m4 -std=gnu11 -g3 -DDEBUG -DUSE_HAL_DRIVER -DSTM32F446xx -c -I../Core/Inc -I../Drivers/STM32F4xx_HAL_Driver/Inc -I../Drivers/STM32F4xx_HAL_Driver/Inc/Legacy -I../Drivers/CMSIS/Device/ST/STM32F4xx/Include -I../Drivers/CMSIS/Include -O0 -ffunction-sections -fdata-sections -Wall -fstack-usage -fcyclomatic-complexity -MMD -MP -MF"Core/Src/FEB_Main.d" -MT"Core/Src/FEB_Main.o" --specs=nano.specs -mfpu=fpv4-sp-d16 -mfloat-abi=hard -mthumb -o "Core/Src/FEB_Main.o"
arm-none-eabi-gcc "../Core/Src/main.c" -mcpu=cortex-m4 -std=gnu11 -g3 -DDEBUG -DUSE_HAL_DRIVER -DSTM32F446xx -c -I../Core/Inc -I../Drivers/STM32F4xx_HAL_Driver/Inc -I../Drivers/STM32F4xx_HAL_Driver/Inc/Legacy -I../Drivers/CMSIS/Device/ST/STM32F4xx/Include -I../Drivers/CMSIS/Include -O0 -ffunction-sections -fdata-sections -Wall -fstack-usage -fcyclomatic-complexity -MMD -MP -MF"Core/Src/main.d" -MT"Core/Src/main.o" --specs=nano.specs -mfpu=fpv4-sp-d16 -mfloat-abi=hard -mthumb -o "Core/Src/main.o"
../Core/Src/FEB_Main.c: In function 'FEB_Main_User2':
../Core/Src/FEB_Main.c:56:11: error: too many arguments to function 'FEB_CAN_Init'
   56 |           FEB_CAN_Init(&hcan1, FEB_CAN_ID_SW_ID);
      |           ^~~~~~~~~~~~
In file included from ../Core/Inc/FEB_Main.h:14,
                 from ../Core/Src/FEB_Main.c:9:
../Core/Inc/FEB_CAN.h:10:6: note: declared here
   10 | void FEB_CAN_Init(void);
      |      ^~~~~~~~~~~~
../Core/Src/main.c:435:1: warning: data definition has no type or storage class
  435 | FEB_Main_User4();
      | ^~~~~~~~~~~~~~
../Core/Src/main.c:435:1: warning: type defaults to 'int' in declaration of 'FEB_Main_User4' [-Wimplicit-int]
../Core/Src/main.c:435:1: error: conflicting types for 'FEB_Main_User4'; have 'int()'
In file included from ../Core/Inc/main.h:34,
                 from ../Core/Src/main.c:20:
../Core/Inc/FEB_Main.h:29:6: note: previous declaration of 'FEB_Main_User4' with type 'void()'
   29 | void FEB_Main_User4();
      |      ^~~~~~~~~~~~~~
../Core/Src/FEB_Main.c: In function 'FEB_Main_While':
../Core/Src/FEB_Main.c:97:27: warning: implicit declaration of function 'FEB_CAN_Transmit'; did you mean 'FEB_CAN_Init'? [-Wimplicit-function-declaration]
   97 |                           FEB_CAN_Transmit(&hcan1, FEB_CAN_ID_SW_COOLANT_PUMP, (uint8_t *) &coolant_pump, 1);
      |                           ^~~~~~~~~~~~~~~~
      |                           FEB_CAN_Init
make: *** [Core/Src/subdir.mk:40: Core/Src/main.o] Error 1
make: *** Waiting for unfinished jobs....
At top level:
../Core/Src/FEB_Main.c:189:14: warning: 'HAL_TIM_PeriodElapsedCallback' defined but not used [-Wunused-function]
  189 |         void HAL_TIM_PeriodElapsedCallback(TIM_HandleTypeDef *htim)
      |              ^~~~~~~~~~~~~~~~~~~~~~~~~~~~~
make: *** [Core/Src/subdir.mk:40: Core/Src/FEB_Main.o] Error 1
"make -j7 all" terminated with exit code 2. Build might be incomplete.
14:56:47 **** Incremental Build of configuration Debug for project SWDB ****
make -j7 all 
arm-none-eabi-gcc "../Core/Src/FEB_CAN.c" -mcpu=cortex-m4 -std=gnu11 -g3 -DDEBUG -DUSE_HAL_DRIVER -DSTM32F446xx -c -I../Core/Inc -I../Drivers/STM32F4xx_HAL_Driver/Inc -I../Drivers/STM32F4xx_HAL_Driver/Inc/Legacy -I../Drivers/CMSIS/Device/ST/STM32F4xx/Include -I../Drivers/CMSIS/Include -O0 -ffunction-sections -fdata-sections -Wall -fstack-usage -fcyclomatic-complexity -MMD -MP -MF"Core/Src/FEB_CAN.d" -MT"Core/Src/FEB_CAN.o" --specs=nano.specs -mfpu=fpv4-sp-d16 -mfloat-abi=hard -mthumb -o "Core/Src/FEB_CAN.o"
arm-none-eabi-gcc "../Core/Src/FEB_Main.c" -mcpu=cortex-m4 -std=gnu11 -g3 -DDEBUG -DUSE_HAL_DRIVER -DSTM32F446xx -c -I../Core/Inc -I../Drivers/STM32F4xx_HAL_Driver/Inc -I../Drivers/STM32F4xx_HAL_Driver/Inc/Legacy -I../Drivers/CMSIS/Device/ST/STM32F4xx/Include -I../Drivers/CMSIS/Include -O0 -ffunction-sections -fdata-sections -Wall -fstack-usage -fcyclomatic-complexity -MMD -MP -MF"Core/Src/FEB_Main.d" -MT"Core/Src/FEB_Main.o" --specs=nano.specs -mfpu=fpv4-sp-d16 -mfloat-abi=hard -mthumb -o "Core/Src/FEB_Main.o"
arm-none-eabi-gcc "../Core/Src/main.c" -mcpu=cortex-m4 -std=gnu11 -g3 -DDEBUG -DUSE_HAL_DRIVER -DSTM32F446xx -c -I../Core/Inc -I../Drivers/STM32F4xx_HAL_Driver/Inc -I../Drivers/STM32F4xx_HAL_Driver/Inc/Legacy -I../Drivers/CMSIS/Device/ST/STM32F4xx/Include -I../Drivers/CMSIS/Include -O0 -ffunction-sections -fdata-sections -Wall -fstack-usage -fcyclomatic-complexity -MMD -MP -MF"Core/Src/main.d" -MT"Core/Src/main.o" --specs=nano.specs -mfpu=fpv4-sp-d16 -mfloat-abi=hard -mthumb -o "Core/Src/main.o"
arm-none-eabi-gcc "../Core/Src/stm32f4xx_hal_msp.c" -mcpu=cortex-m4 -std=gnu11 -g3 -DDEBUG -DUSE_HAL_DRIVER -DSTM32F446xx -c -I../Core/Inc -I../Drivers/STM32F4xx_HAL_Driver/Inc -I../Drivers/STM32F4xx_HAL_Driver/Inc/Legacy -I../Drivers/CMSIS/Device/ST/STM32F4xx/Include -I../Drivers/CMSIS/Include -O0 -ffunction-sections -fdata-sections -Wall -fstack-usage -fcyclomatic-complexity -MMD -MP -MF"Core/Src/stm32f4xx_hal_msp.d" -MT"Core/Src/stm32f4xx_hal_msp.o" --specs=nano.specs -mfpu=fpv4-sp-d16 -mfloat-abi=hard -mthumb -o "Core/Src/stm32f4xx_hal_msp.o"
arm-none-eabi-gcc "../Core/Src/stm32f4xx_it.c" -mcpu=cortex-m4 -std=gnu11 -g3 -DDEBUG -DUSE_HAL_DRIVER -DSTM32F446xx -c -I../Core/Inc -I../Drivers/STM32F4xx_HAL_Driver/Inc -I../Drivers/STM32F4xx_HAL_Driver/Inc/Legacy -I../Drivers/CMSIS/Device/ST/STM32F4xx/Include -I../Drivers/CMSIS/Include -O0 -ffunction-sections -fdata-sections -Wall -fstack-usage -fcyclomatic-complexity -MMD -MP -MF"Core/Src/stm32f4xx_it.d" -MT"Core/Src/stm32f4xx_it.o" --specs=nano.specs -mfpu=fpv4-sp-d16 -mfloat-abi=hard -mthumb -o "Core/Src/stm32f4xx_it.o"
../Core/Src/FEB_CAN.c: In function 'FEB_CAN_Filter_Config':
../Core/Src/FEB_CAN.c:28:17: warning: unused variable 'filter_bank' [-Wunused-variable]
   28 |         uint8_t filter_bank = 0;
      |                 ^~~~~~~~~~~
../Core/Src/FEB_CAN.c: At top level:
../Core/Src/FEB_CAN.c:80:6: error: conflicting types for 'FEB_CAN_Transmit'; have 'void(CAN_HandleTypeDef *)' {aka 'void(struct __CAN_HandleTypeDef *)'}
   80 | void FEB_CAN_Transmit(CAN_HandleTypeDef* hcan) {
      |      ^~~~~~~~~~~~~~~~
In file included from ../Core/Src/FEB_CAN.c:3:
../Core/Inc/FEB_CAN.h:13:6: note: previous declaration of 'FEB_CAN_Transmit' with type 'void(void)'
   13 | void FEB_CAN_Transmit(void);
      |      ^~~~~~~~~~~~~~~~
../Core/Src/FEB_Main.c: In function 'FEB_Main_User2':
../Core/Src/FEB_Main.c:56:11: error: too many arguments to function 'FEB_CAN_Init'
   56 |           FEB_CAN_Init(&hcan1, FEB_CAN_ID_SW_ID);
      |           ^~~~~~~~~~~~
In file included from ../Core/Inc/FEB_Main.h:14,
                 from ../Core/Src/FEB_Main.c:9:
../Core/Inc/FEB_CAN.h:10:6: note: declared here
   10 | void FEB_CAN_Init(void);
      |      ^~~~~~~~~~~~
../Core/Src/FEB_Main.c: In function 'FEB_Main_While':
../Core/Src/FEB_Main.c:97:27: error: too many arguments to function 'FEB_CAN_Transmit'
   97 |                           FEB_CAN_Transmit(&hcan1, FEB_CAN_ID_SW_COOLANT_PUMP, (uint8_t *) &coolant_pump, 1);
      |                           ^~~~~~~~~~~~~~~~
In file included from ../Core/Inc/FEB_Main.h:14,
                 from ../Core/Src/FEB_Main.c:9:
../Core/Inc/FEB_CAN.h:13:6: note: declared here
   13 | void FEB_CAN_Transmit(void);
      |      ^~~~~~~~~~~~~~~~
../Core/Src/FEB_Main.c:111:27: error: too many arguments to function 'FEB_CAN_Transmit'
  111 |                           FEB_CAN_Transmit(&hcan1, FEB_CAN_ID_SW_ACUMULATOR_FANS, (uint8_t *) &accumulator_fans, 1);
      |                           ^~~~~~~~~~~~~~~~
In file included from ../Core/Inc/FEB_Main.h:14,
                 from ../Core/Src/FEB_Main.c:9:
../Core/Inc/FEB_CAN.h:13:6: note: declared here
   13 | void FEB_CAN_Transmit(void);
      |      ^~~~~~~~~~~~~~~~
../Core/Src/FEB_Main.c:125:27: error: too many arguments to function 'FEB_CAN_Transmit'
  125 |                           FEB_CAN_Transmit(&hcan1, FEB_CAN_ID_SW_EXTRA, (uint8_t *) &extra, 1);
      |                           ^~~~~~~~~~~~~~~~
In file included from ../Core/Inc/FEB_Main.h:14,
                 from ../Core/Src/FEB_Main.c:9:
../Core/Inc/FEB_CAN.h:13:6: note: declared here
   13 | void FEB_CAN_Transmit(void);
      |      ^~~~~~~~~~~~~~~~
../Core/Src/FEB_Main.c:161:27: error: too many arguments to function 'FEB_CAN_Transmit'
  161 |                           FEB_CAN_Transmit(&hcan1, FEB_CAN_ID_SW_READY_TO_DRIVE, (uint8_t *) &ready_to_drive, 1);
      |                           ^~~~~~~~~~~~~~~~
In file included from ../Core/Inc/FEB_Main.h:14,
                 from ../Core/Src/FEB_Main.c:9:
../Core/Inc/FEB_CAN.h:13:6: note: declared here
   13 | void FEB_CAN_Transmit(void);
      |      ^~~~~~~~~~~~~~~~
../Core/Src/main.c:435:1: warning: data definition has no type or storage class
  435 | FEB_Main_User4();
      | ^~~~~~~~~~~~~~
../Core/Src/main.c:435:1: warning: type defaults to 'int' in declaration of 'FEB_Main_User4' [-Wimplicit-int]
../Core/Src/main.c:435:1: error: conflicting types for 'FEB_Main_User4'; have 'int()'
In file included from ../Core/Inc/main.h:34,
                 from ../Core/Src/main.c:20:
../Core/Inc/FEB_Main.h:29:6: note: previous declaration of 'FEB_Main_User4' with type 'void(void)'
   29 | void FEB_Main_User4(void);
      |      ^~~~~~~~~~~~~~
At top level:
../Core/Src/FEB_Main.c:189:14: warning: 'HAL_TIM_PeriodElapsedCallback' defined but not used [-Wunused-function]
  189 |         void HAL_TIM_PeriodElapsedCallback(TIM_HandleTypeDef *htim)
      |              ^~~~~~~~~~~~~~~~~~~~~~~~~~~~~
make: *** [Core/Src/subdir.mk:40: Core/Src/FEB_Main.o] Error 1
make: *** Waiting for unfinished jobs....
make: *** [Core/Src/subdir.mk:40: Core/Src/FEB_CAN.o] Error 1
make: *** [Core/Src/subdir.mk:40: Core/Src/main.o] Error 1
"make -j7 all" terminated with exit code 2. Build might be incomplete.
14:57:02 **** Incremental Build of configuration Debug for project SWDB ****
make -j7 all 
arm-none-eabi-gcc "../Core/Src/FEB_CAN.c" -mcpu=cortex-m4 -std=gnu11 -g3 -DDEBUG -DUSE_HAL_DRIVER -DSTM32F446xx -c -I../Core/Inc -I../Drivers/STM32F4xx_HAL_Driver/Inc -I../Drivers/STM32F4xx_HAL_Driver/Inc/Legacy -I../Drivers/CMSIS/Device/ST/STM32F4xx/Include -I../Drivers/CMSIS/Include -O0 -ffunction-sections -fdata-sections -Wall -fstack-usage -fcyclomatic-complexity -MMD -MP -MF"Core/Src/FEB_CAN.d" -MT"Core/Src/FEB_CAN.o" --specs=nano.specs -mfpu=fpv4-sp-d16 -mfloat-abi=hard -mthumb -o "Core/Src/FEB_CAN.o"
arm-none-eabi-gcc "../Core/Src/FEB_Main.c" -mcpu=cortex-m4 -std=gnu11 -g3 -DDEBUG -DUSE_HAL_DRIVER -DSTM32F446xx -c -I../Core/Inc -I../Drivers/STM32F4xx_HAL_Driver/Inc -I../Drivers/STM32F4xx_HAL_Driver/Inc/Legacy -I../Drivers/CMSIS/Device/ST/STM32F4xx/Include -I../Drivers/CMSIS/Include -O0 -ffunction-sections -fdata-sections -Wall -fstack-usage -fcyclomatic-complexity -MMD -MP -MF"Core/Src/FEB_Main.d" -MT"Core/Src/FEB_Main.o" --specs=nano.specs -mfpu=fpv4-sp-d16 -mfloat-abi=hard -mthumb -o "Core/Src/FEB_Main.o"
arm-none-eabi-gcc "../Core/Src/main.c" -mcpu=cortex-m4 -std=gnu11 -g3 -DDEBUG -DUSE_HAL_DRIVER -DSTM32F446xx -c -I../Core/Inc -I../Drivers/STM32F4xx_HAL_Driver/Inc -I../Drivers/STM32F4xx_HAL_Driver/Inc/Legacy -I../Drivers/CMSIS/Device/ST/STM32F4xx/Include -I../Drivers/CMSIS/Include -O0 -ffunction-sections -fdata-sections -Wall -fstack-usage -fcyclomatic-complexity -MMD -MP -MF"Core/Src/main.d" -MT"Core/Src/main.o" --specs=nano.specs -mfpu=fpv4-sp-d16 -mfloat-abi=hard -mthumb -o "Core/Src/main.o"
arm-none-eabi-gcc "../Core/Src/stm32f4xx_hal_msp.c" -mcpu=cortex-m4 -std=gnu11 -g3 -DDEBUG -DUSE_HAL_DRIVER -DSTM32F446xx -c -I../Core/Inc -I../Drivers/STM32F4xx_HAL_Driver/Inc -I../Drivers/STM32F4xx_HAL_Driver/Inc/Legacy -I../Drivers/CMSIS/Device/ST/STM32F4xx/Include -I../Drivers/CMSIS/Include -O0 -ffunction-sections -fdata-sections -Wall -fstack-usage -fcyclomatic-complexity -MMD -MP -MF"Core/Src/stm32f4xx_hal_msp.d" -MT"Core/Src/stm32f4xx_hal_msp.o" --specs=nano.specs -mfpu=fpv4-sp-d16 -mfloat-abi=hard -mthumb -o "Core/Src/stm32f4xx_hal_msp.o"
arm-none-eabi-gcc "../Core/Src/stm32f4xx_it.c" -mcpu=cortex-m4 -std=gnu11 -g3 -DDEBUG -DUSE_HAL_DRIVER -DSTM32F446xx -c -I../Core/Inc -I../Drivers/STM32F4xx_HAL_Driver/Inc -I../Drivers/STM32F4xx_HAL_Driver/Inc/Legacy -I../Drivers/CMSIS/Device/ST/STM32F4xx/Include -I../Drivers/CMSIS/Include -O0 -ffunction-sections -fdata-sections -Wall -fstack-usage -fcyclomatic-complexity -MMD -MP -MF"Core/Src/stm32f4xx_it.d" -MT"Core/Src/stm32f4xx_it.o" --specs=nano.specs -mfpu=fpv4-sp-d16 -mfloat-abi=hard -mthumb -o "Core/Src/stm32f4xx_it.o"
../Core/Src/FEB_CAN.c: In function 'FEB_CAN_Filter_Config':
../Core/Src/FEB_CAN.c:28:17: warning: unused variable 'filter_bank' [-Wunused-variable]
   28 |         uint8_t filter_bank = 0;
      |                 ^~~~~~~~~~~
../Core/Src/FEB_Main.c: In function 'FEB_Main_User2':
../Core/Src/FEB_Main.c:56:11: error: too many arguments to function 'FEB_CAN_Init'
   56 |           FEB_CAN_Init(&hcan1, FEB_CAN_ID_SW_ID);
      |           ^~~~~~~~~~~~
In file included from ../Core/Inc/FEB_Main.h:14,
                 from ../Core/Src/FEB_Main.c:9:
../Core/Inc/FEB_CAN.h:10:6: note: declared here
   10 | void FEB_CAN_Init(void);
      |      ^~~~~~~~~~~~
../Core/Src/main.c:435:1: warning: data definition has no type or storage class
  435 | FEB_Main_User4();
      | ^~~~~~~~~~~~~~
../Core/Src/main.c:435:1: warning: type defaults to 'int' in declaration of 'FEB_Main_User4' [-Wimplicit-int]
../Core/Src/main.c:435:1: error: conflicting types for 'FEB_Main_User4'; have 'int()'
In file included from ../Core/Inc/main.h:34,
                 from ../Core/Src/main.c:20:
../Core/Inc/FEB_Main.h:29:6: note: previous declaration of 'FEB_Main_User4' with type 'void(void)'
   29 | void FEB_Main_User4(void);
      |      ^~~~~~~~~~~~~~
make: *** [Core/Src/subdir.mk:40: Core/Src/main.o] Error 1
make: *** Waiting for unfinished jobs....
../Core/Src/FEB_Main.c: In function 'FEB_Main_While':
../Core/Src/FEB_Main.c:97:27: warning: implicit declaration of function 'FEB_CAN_Transmit'; did you mean 'FEB_CAN_Init'? [-Wimplicit-function-declaration]
   97 |                           FEB_CAN_Transmit(&hcan1, FEB_CAN_ID_SW_COOLANT_PUMP, (uint8_t *) &coolant_pump, 1);
      |                           ^~~~~~~~~~~~~~~~
      |                           FEB_CAN_Init
At top level:
../Core/Src/FEB_Main.c:189:14: warning: 'HAL_TIM_PeriodElapsedCallback' defined but not used [-Wunused-function]
  189 |         void HAL_TIM_PeriodElapsedCallback(TIM_HandleTypeDef *htim)
      |              ^~~~~~~~~~~~~~~~~~~~~~~~~~~~~
make: *** [Core/Src/subdir.mk:40: Core/Src/FEB_Main.o] Error 1
"make -j7 all" terminated with exit code 2. Build might be incomplete.
14:58:39 **** Incremental Build of configuration Debug for project SWDB ****
make -j7 all 
arm-none-eabi-gcc "../Core/Src/FEB_CAN.c" -mcpu=cortex-m4 -std=gnu11 -g3 -DDEBUG -DUSE_HAL_DRIVER -DSTM32F446xx -c -I../Core/Inc -I../Drivers/STM32F4xx_HAL_Driver/Inc -I../Drivers/STM32F4xx_HAL_Driver/Inc/Legacy -I../Drivers/CMSIS/Device/ST/STM32F4xx/Include -I../Drivers/CMSIS/Include -O0 -ffunction-sections -fdata-sections -Wall -fstack-usage -fcyclomatic-complexity -MMD -MP -MF"Core/Src/FEB_CAN.d" -MT"Core/Src/FEB_CAN.o" --specs=nano.specs -mfpu=fpv4-sp-d16 -mfloat-abi=hard -mthumb -o "Core/Src/FEB_CAN.o"
arm-none-eabi-gcc "../Core/Src/FEB_Main.c" -mcpu=cortex-m4 -std=gnu11 -g3 -DDEBUG -DUSE_HAL_DRIVER -DSTM32F446xx -c -I../Core/Inc -I../Drivers/STM32F4xx_HAL_Driver/Inc -I../Drivers/STM32F4xx_HAL_Driver/Inc/Legacy -I../Drivers/CMSIS/Device/ST/STM32F4xx/Include -I../Drivers/CMSIS/Include -O0 -ffunction-sections -fdata-sections -Wall -fstack-usage -fcyclomatic-complexity -MMD -MP -MF"Core/Src/FEB_Main.d" -MT"Core/Src/FEB_Main.o" --specs=nano.specs -mfpu=fpv4-sp-d16 -mfloat-abi=hard -mthumb -o "Core/Src/FEB_Main.o"
arm-none-eabi-gcc "../Core/Src/main.c" -mcpu=cortex-m4 -std=gnu11 -g3 -DDEBUG -DUSE_HAL_DRIVER -DSTM32F446xx -c -I../Core/Inc -I../Drivers/STM32F4xx_HAL_Driver/Inc -I../Drivers/STM32F4xx_HAL_Driver/Inc/Legacy -I../Drivers/CMSIS/Device/ST/STM32F4xx/Include -I../Drivers/CMSIS/Include -O0 -ffunction-sections -fdata-sections -Wall -fstack-usage -fcyclomatic-complexity -MMD -MP -MF"Core/Src/main.d" -MT"Core/Src/main.o" --specs=nano.specs -mfpu=fpv4-sp-d16 -mfloat-abi=hard -mthumb -o "Core/Src/main.o"
arm-none-eabi-gcc "../Core/Src/stm32f4xx_hal_msp.c" -mcpu=cortex-m4 -std=gnu11 -g3 -DDEBUG -DUSE_HAL_DRIVER -DSTM32F446xx -c -I../Core/Inc -I../Drivers/STM32F4xx_HAL_Driver/Inc -I../Drivers/STM32F4xx_HAL_Driver/Inc/Legacy -I../Drivers/CMSIS/Device/ST/STM32F4xx/Include -I../Drivers/CMSIS/Include -O0 -ffunction-sections -fdata-sections -Wall -fstack-usage -fcyclomatic-complexity -MMD -MP -MF"Core/Src/stm32f4xx_hal_msp.d" -MT"Core/Src/stm32f4xx_hal_msp.o" --specs=nano.specs -mfpu=fpv4-sp-d16 -mfloat-abi=hard -mthumb -o "Core/Src/stm32f4xx_hal_msp.o"
arm-none-eabi-gcc "../Core/Src/stm32f4xx_it.c" -mcpu=cortex-m4 -std=gnu11 -g3 -DDEBUG -DUSE_HAL_DRIVER -DSTM32F446xx -c -I../Core/Inc -I../Drivers/STM32F4xx_HAL_Driver/Inc -I../Drivers/STM32F4xx_HAL_Driver/Inc/Legacy -I../Drivers/CMSIS/Device/ST/STM32F4xx/Include -I../Drivers/CMSIS/Include -O0 -ffunction-sections -fdata-sections -Wall -fstack-usage -fcyclomatic-complexity -MMD -MP -MF"Core/Src/stm32f4xx_it.d" -MT"Core/Src/stm32f4xx_it.o" --specs=nano.specs -mfpu=fpv4-sp-d16 -mfloat-abi=hard -mthumb -o "Core/Src/stm32f4xx_it.o"
../Core/Src/FEB_CAN.c: In function 'FEB_CAN_Filter_Config':
../Core/Src/FEB_CAN.c:28:17: warning: unused variable 'filter_bank' [-Wunused-variable]
   28 |         uint8_t filter_bank = 0;
      |                 ^~~~~~~~~~~
../Core/Src/FEB_Main.c: In function 'FEB_Main_User2':
../Core/Src/FEB_Main.c:56:11: error: too many arguments to function 'FEB_CAN_Init'
   56 |           FEB_CAN_Init(&hcan1, FEB_CAN_ID_SW_ID);
      |           ^~~~~~~~~~~~
In file included from ../Core/Inc/FEB_Main.h:14,
                 from ../Core/Src/FEB_Main.c:9:
../Core/Inc/FEB_CAN.h:10:6: note: declared here
   10 | void FEB_CAN_Init(void);
      |      ^~~~~~~~~~~~
../Core/Src/FEB_Main.c: In function 'FEB_Main_While':
../Core/Src/FEB_Main.c:97:27: error: too many arguments to function 'FEB_CAN_Transmit'
   97 |                           FEB_CAN_Transmit(&hcan1, FEB_CAN_ID_SW_COOLANT_PUMP, (uint8_t *) &coolant_pump, 1);
      |                           ^~~~~~~~~~~~~~~~
In file included from ../Core/Inc/FEB_Main.h:14,
                 from ../Core/Src/FEB_Main.c:9:
../Core/Inc/FEB_CAN.h:13:6: note: declared here
   13 | void FEB_CAN_Transmit(CAN_HandleTypeDef* hcan);
      |      ^~~~~~~~~~~~~~~~
../Core/Src/FEB_Main.c:111:27: error: too many arguments to function 'FEB_CAN_Transmit'
  111 |                           FEB_CAN_Transmit(&hcan1, FEB_CAN_ID_SW_ACUMULATOR_FANS, (uint8_t *) &accumulator_fans, 1);
      |                           ^~~~~~~~~~~~~~~~
In file included from ../Core/Inc/FEB_Main.h:14,
                 from ../Core/Src/FEB_Main.c:9:
../Core/Inc/FEB_CAN.h:13:6: note: declared here
   13 | void FEB_CAN_Transmit(CAN_HandleTypeDef* hcan);
      |      ^~~~~~~~~~~~~~~~
../Core/Src/FEB_Main.c:125:27: error: too many arguments to function 'FEB_CAN_Transmit'
  125 |                           FEB_CAN_Transmit(&hcan1, FEB_CAN_ID_SW_EXTRA, (uint8_t *) &extra, 1);
      |                           ^~~~~~~~~~~~~~~~
In file included from ../Core/Inc/FEB_Main.h:14,
                 from ../Core/Src/FEB_Main.c:9:
../Core/Inc/FEB_CAN.h:13:6: note: declared here
   13 | void FEB_CAN_Transmit(CAN_HandleTypeDef* hcan);
      |      ^~~~~~~~~~~~~~~~
../Core/Src/FEB_Main.c:161:27: error: too many arguments to function 'FEB_CAN_Transmit'
  161 |                           FEB_CAN_Transmit(&hcan1, FEB_CAN_ID_SW_READY_TO_DRIVE, (uint8_t *) &ready_to_drive, 1);
      |                           ^~~~~~~~~~~~~~~~
In file included from ../Core/Inc/FEB_Main.h:14,
                 from ../Core/Src/FEB_Main.c:9:
../Core/Inc/FEB_CAN.h:13:6: note: declared here
   13 | void FEB_CAN_Transmit(CAN_HandleTypeDef* hcan);
      |      ^~~~~~~~~~~~~~~~
At top level:
../Core/Src/FEB_Main.c:189:14: warning: 'HAL_TIM_PeriodElapsedCallback' defined but not used [-Wunused-function]
  189 |         void HAL_TIM_PeriodElapsedCallback(TIM_HandleTypeDef *htim)
      |              ^~~~~~~~~~~~~~~~~~~~~~~~~~~~~
../Core/Src/main.c:435:1: warning: data definition has no type or storage class
  435 | FEB_Main_User4();
      | ^~~~~~~~~~~~~~
../Core/Src/main.c:435:1: warning: type defaults to 'int' in declaration of 'FEB_Main_User4' [-Wimplicit-int]
../Core/Src/main.c:435:1: error: conflicting types for 'FEB_Main_User4'; have 'int()'
In file included from ../Core/Inc/main.h:34,
                 from ../Core/Src/main.c:20:
../Core/Inc/FEB_Main.h:29:6: note: previous declaration of 'FEB_Main_User4' with type 'void(void)'
   29 | void FEB_Main_User4(void);
      |      ^~~~~~~~~~~~~~
make: *** [Core/Src/subdir.mk:40: Core/Src/FEB_Main.o] Error 1
make: *** Waiting for unfinished jobs....
make: *** [Core/Src/subdir.mk:40: Core/Src/main.o] Error 1
"make -j7 all" terminated with exit code 2. Build might be incomplete.
14:59:03 **** Incremental Build of configuration Debug for project SWDB ****
make -j7 all 
arm-none-eabi-gcc "../Core/Src/FEB_CAN.c" -mcpu=cortex-m4 -std=gnu11 -g3 -DDEBUG -DUSE_HAL_DRIVER -DSTM32F446xx -c -I../Core/Inc -I../Drivers/STM32F4xx_HAL_Driver/Inc -I../Drivers/STM32F4xx_HAL_Driver/Inc/Legacy -I../Drivers/CMSIS/Device/ST/STM32F4xx/Include -I../Drivers/CMSIS/Include -O0 -ffunction-sections -fdata-sections -Wall -fstack-usage -fcyclomatic-complexity -MMD -MP -MF"Core/Src/FEB_CAN.d" -MT"Core/Src/FEB_CAN.o" --specs=nano.specs -mfpu=fpv4-sp-d16 -mfloat-abi=hard -mthumb -o "Core/Src/FEB_CAN.o"
arm-none-eabi-gcc "../Core/Src/FEB_Main.c" -mcpu=cortex-m4 -std=gnu11 -g3 -DDEBUG -DUSE_HAL_DRIVER -DSTM32F446xx -c -I../Core/Inc -I../Drivers/STM32F4xx_HAL_Driver/Inc -I../Drivers/STM32F4xx_HAL_Driver/Inc/Legacy -I../Drivers/CMSIS/Device/ST/STM32F4xx/Include -I../Drivers/CMSIS/Include -O0 -ffunction-sections -fdata-sections -Wall -fstack-usage -fcyclomatic-complexity -MMD -MP -MF"Core/Src/FEB_Main.d" -MT"Core/Src/FEB_Main.o" --specs=nano.specs -mfpu=fpv4-sp-d16 -mfloat-abi=hard -mthumb -o "Core/Src/FEB_Main.o"
arm-none-eabi-gcc "../Core/Src/main.c" -mcpu=cortex-m4 -std=gnu11 -g3 -DDEBUG -DUSE_HAL_DRIVER -DSTM32F446xx -c -I../Core/Inc -I../Drivers/STM32F4xx_HAL_Driver/Inc -I../Drivers/STM32F4xx_HAL_Driver/Inc/Legacy -I../Drivers/CMSIS/Device/ST/STM32F4xx/Include -I../Drivers/CMSIS/Include -O0 -ffunction-sections -fdata-sections -Wall -fstack-usage -fcyclomatic-complexity -MMD -MP -MF"Core/Src/main.d" -MT"Core/Src/main.o" --specs=nano.specs -mfpu=fpv4-sp-d16 -mfloat-abi=hard -mthumb -o "Core/Src/main.o"
arm-none-eabi-gcc "../Core/Src/stm32f4xx_hal_msp.c" -mcpu=cortex-m4 -std=gnu11 -g3 -DDEBUG -DUSE_HAL_DRIVER -DSTM32F446xx -c -I../Core/Inc -I../Drivers/STM32F4xx_HAL_Driver/Inc -I../Drivers/STM32F4xx_HAL_Driver/Inc/Legacy -I../Drivers/CMSIS/Device/ST/STM32F4xx/Include -I../Drivers/CMSIS/Include -O0 -ffunction-sections -fdata-sections -Wall -fstack-usage -fcyclomatic-complexity -MMD -MP -MF"Core/Src/stm32f4xx_hal_msp.d" -MT"Core/Src/stm32f4xx_hal_msp.o" --specs=nano.specs -mfpu=fpv4-sp-d16 -mfloat-abi=hard -mthumb -o "Core/Src/stm32f4xx_hal_msp.o"
arm-none-eabi-gcc "../Core/Src/stm32f4xx_it.c" -mcpu=cortex-m4 -std=gnu11 -g3 -DDEBUG -DUSE_HAL_DRIVER -DSTM32F446xx -c -I../Core/Inc -I../Drivers/STM32F4xx_HAL_Driver/Inc -I../Drivers/STM32F4xx_HAL_Driver/Inc/Legacy -I../Drivers/CMSIS/Device/ST/STM32F4xx/Include -I../Drivers/CMSIS/Include -O0 -ffunction-sections -fdata-sections -Wall -fstack-usage -fcyclomatic-complexity -MMD -MP -MF"Core/Src/stm32f4xx_it.d" -MT"Core/Src/stm32f4xx_it.o" --specs=nano.specs -mfpu=fpv4-sp-d16 -mfloat-abi=hard -mthumb -o "Core/Src/stm32f4xx_it.o"
../Core/Src/FEB_CAN.c: In function 'FEB_CAN_Filter_Config':
../Core/Src/FEB_CAN.c:28:17: warning: unused variable 'filter_bank' [-Wunused-variable]
   28 |         uint8_t filter_bank = 0;
      |                 ^~~~~~~~~~~
../Core/Src/FEB_Main.c: In function 'FEB_Main_User2':
../Core/Src/FEB_Main.c:56:11: error: too many arguments to function 'FEB_CAN_Init'
   56 |           FEB_CAN_Init(&hcan1, FEB_CAN_ID_SW_ID);
      |           ^~~~~~~~~~~~
In file included from ../Core/Inc/FEB_Main.h:14,
                 from ../Core/Src/FEB_Main.c:9:
../Core/Inc/FEB_CAN.h:10:6: note: declared here
   10 | void FEB_CAN_Init(void);
      |      ^~~~~~~~~~~~
../Core/Src/main.c:435:1: warning: data definition has no type or storage class
  435 | FEB_Main_User4();
      | ^~~~~~~~~~~~~~
../Core/Src/main.c:435:1: warning: type defaults to 'int' in declaration of 'FEB_Main_User4' [-Wimplicit-int]
../Core/Src/main.c:435:1: error: conflicting types for 'FEB_Main_User4'; have 'int()'
In file included from ../Core/Inc/main.h:34,
                 from ../Core/Src/main.c:20:
../Core/Inc/FEB_Main.h:29:6: note: previous declaration of 'FEB_Main_User4' with type 'void(void)'
   29 | void FEB_Main_User4(void);
      |      ^~~~~~~~~~~~~~
make: *** [Core/Src/subdir.mk:40: Core/Src/main.o] Error 1
make: *** Waiting for unfinished jobs....
../Core/Src/FEB_Main.c: In function 'FEB_Main_While':
../Core/Src/FEB_Main.c:97:27: warning: implicit declaration of function 'FEB_CAN_Transmit'; did you mean 'FEB_CAN_Init'? [-Wimplicit-function-declaration]
   97 |                           FEB_CAN_Transmit(&hcan1, FEB_CAN_ID_SW_COOLANT_PUMP, (uint8_t *) &coolant_pump, 1);
      |                           ^~~~~~~~~~~~~~~~
      |                           FEB_CAN_Init
At top level:
../Core/Src/FEB_Main.c:189:14: warning: 'HAL_TIM_PeriodElapsedCallback' defined but not used [-Wunused-function]
  189 |         void HAL_TIM_PeriodElapsedCallback(TIM_HandleTypeDef *htim)
      |              ^~~~~~~~~~~~~~~~~~~~~~~~~~~~~
make: *** [Core/Src/subdir.mk:40: Core/Src/FEB_Main.o] Error 1
"make -j7 all" terminated with exit code 2. Build might be incomplete.
15:01:57 **** Incremental Build of configuration Debug for project SWDB ****
make -j7 all 
arm-none-eabi-gcc "../Core/Src/FEB_Main.c" -mcpu=cortex-m4 -std=gnu11 -g3 -DDEBUG -DUSE_HAL_DRIVER -DSTM32F446xx -c -I../Core/Inc -I../Drivers/STM32F4xx_HAL_Driver/Inc -I../Drivers/STM32F4xx_HAL_Driver/Inc/Legacy -I../Drivers/CMSIS/Device/ST/STM32F4xx/Include -I../Drivers/CMSIS/Include -O0 -ffunction-sections -fdata-sections -Wall -fstack-usage -fcyclomatic-complexity -MMD -MP -MF"Core/Src/FEB_Main.d" -MT"Core/Src/FEB_Main.o" --specs=nano.specs -mfpu=fpv4-sp-d16 -mfloat-abi=hard -mthumb -o "Core/Src/FEB_Main.o"
arm-none-eabi-gcc "../Core/Src/main.c" -mcpu=cortex-m4 -std=gnu11 -g3 -DDEBUG -DUSE_HAL_DRIVER -DSTM32F446xx -c -I../Core/Inc -I../Drivers/STM32F4xx_HAL_Driver/Inc -I../Drivers/STM32F4xx_HAL_Driver/Inc/Legacy -I../Drivers/CMSIS/Device/ST/STM32F4xx/Include -I../Drivers/CMSIS/Include -O0 -ffunction-sections -fdata-sections -Wall -fstack-usage -fcyclomatic-complexity -MMD -MP -MF"Core/Src/main.d" -MT"Core/Src/main.o" --specs=nano.specs -mfpu=fpv4-sp-d16 -mfloat-abi=hard -mthumb -o "Core/Src/main.o"
../Core/Src/main.c:435:1: warning: data definition has no type or storage class
  435 | FEB_Main_User4();
      | ^~~~~~~~~~~~~~
../Core/Src/main.c:435:1: warning: type defaults to 'int' in declaration of 'FEB_Main_User4' [-Wimplicit-int]
../Core/Src/main.c:435:1: error: conflicting types for 'FEB_Main_User4'; have 'int()'
In file included from ../Core/Inc/main.h:34,
                 from ../Core/Src/main.c:20:
../Core/Inc/FEB_Main.h:29:6: note: previous declaration of 'FEB_Main_User4' with type 'void(void)'
   29 | void FEB_Main_User4(void);
      |      ^~~~~~~~~~~~~~
make: *** [Core/Src/subdir.mk:40: Core/Src/main.o] Error 1
make: *** Waiting for unfinished jobs....
../Core/Src/FEB_Main.c: In function 'FEB_Main_While':
../Core/Src/FEB_Main.c:97:27: warning: implicit declaration of function 'FEB_CAN_Transmit'; did you mean 'FEB_CAN_Init'? [-Wimplicit-function-declaration]
   97 |                           FEB_CAN_Transmit(&hcan1);
      |                           ^~~~~~~~~~~~~~~~
      |                           FEB_CAN_Init
At top level:
../Core/Src/FEB_Main.c:189:14: warning: 'HAL_TIM_PeriodElapsedCallback' defined but not used [-Wunused-function]
  189 |         void HAL_TIM_PeriodElapsedCallback(TIM_HandleTypeDef *htim)
      |              ^~~~~~~~~~~~~~~~~~~~~~~~~~~~~
"make -j7 all" terminated with exit code 2. Build might be incomplete.
15:38:32 **** Incremental Build of configuration Debug for project SWDB ****
make -j7 all 
arm-none-eabi-gcc "../Core/Src/main.c" -mcpu=cortex-m4 -std=gnu11 -g3 -DDEBUG -DUSE_HAL_DRIVER -DSTM32F446xx -c -I../Core/Inc -I../Drivers/STM32F4xx_HAL_Driver/Inc -I../Drivers/STM32F4xx_HAL_Driver/Inc/Legacy -I../Drivers/CMSIS/Device/ST/STM32F4xx/Include -I../Drivers/CMSIS/Include -O0 -ffunction-sections -fdata-sections -Wall -fstack-usage -fcyclomatic-complexity -MMD -MP -MF"Core/Src/main.d" -MT"Core/Src/main.o" --specs=nano.specs -mfpu=fpv4-sp-d16 -mfloat-abi=hard -mthumb -o "Core/Src/main.o"
../Core/Src/main.c:435:1: warning: data definition has no type or storage class
  435 | FEB_Main_User4();
      | ^~~~~~~~~~~~~~
../Core/Src/main.c:435:1: warning: type defaults to 'int' in declaration of 'FEB_Main_User4' [-Wimplicit-int]
../Core/Src/main.c:435:1: error: conflicting types for 'FEB_Main_User4'; have 'int()'
In file included from ../Core/Inc/main.h:34,
                 from ../Core/Src/main.c:20:
../Core/Inc/FEB_Main.h:29:6: note: previous declaration of 'FEB_Main_User4' with type 'void(void)'
   29 | void FEB_Main_User4(void);
      |      ^~~~~~~~~~~~~~
make: *** [Core/Src/subdir.mk:40: Core/Src/main.o] Error 1
"make -j7 all" terminated with exit code 2. Build might be incomplete.
15:43:59 **** Incremental Build of configuration Debug for project SWDB ****
make -j7 all 
arm-none-eabi-gcc "../Core/Src/FEB_Main.c" -mcpu=cortex-m4 -std=gnu11 -g3 -DDEBUG -DUSE_HAL_DRIVER -DSTM32F446xx -c -I../Core/Inc -I../Drivers/STM32F4xx_HAL_Driver/Inc -I../Drivers/STM32F4xx_HAL_Driver/Inc/Legacy -I../Drivers/CMSIS/Device/ST/STM32F4xx/Include -I../Drivers/CMSIS/Include -O0 -ffunction-sections -fdata-sections -Wall -fstack-usage -fcyclomatic-complexity -MMD -MP -MF"Core/Src/FEB_Main.d" -MT"Core/Src/FEB_Main.o" --specs=nano.specs -mfpu=fpv4-sp-d16 -mfloat-abi=hard -mthumb -o "Core/Src/FEB_Main.o"
arm-none-eabi-gcc "../Core/Src/main.c" -mcpu=cortex-m4 -std=gnu11 -g3 -DDEBUG -DUSE_HAL_DRIVER -DSTM32F446xx -c -I../Core/Inc -I../Drivers/STM32F4xx_HAL_Driver/Inc -I../Drivers/STM32F4xx_HAL_Driver/Inc/Legacy -I../Drivers/CMSIS/Device/ST/STM32F4xx/Include -I../Drivers/CMSIS/Include -O0 -ffunction-sections -fdata-sections -Wall -fstack-usage -fcyclomatic-complexity -MMD -MP -MF"Core/Src/main.d" -MT"Core/Src/main.o" --specs=nano.specs -mfpu=fpv4-sp-d16 -mfloat-abi=hard -mthumb -o "Core/Src/main.o"
../Core/Src/main.c:435:1: warning: data definition has no type or storage class
  435 | FEB_Main_User4();
      | ^~~~~~~~~~~~~~
../Core/Src/main.c:435:1: warning: type defaults to 'int' in declaration of 'FEB_Main_User4' [-Wimplicit-int]
../Core/Src/main.c:435:1: error: conflicting types for 'FEB_Main_User4'; have 'int()'
In file included from ../Core/Inc/main.h:34,
                 from ../Core/Src/main.c:20:
../Core/Inc/FEB_Main.h:29:6: note: previous declaration of 'FEB_Main_User4' with type 'void(void)'
   29 | void FEB_Main_User4(void);
      |      ^~~~~~~~~~~~~~
make: *** [Core/Src/subdir.mk:40: Core/Src/main.o] Error 1
make: *** Waiting for unfinished jobs....
../Core/Src/FEB_Main.c: In function 'FEB_Main_While':
../Core/Src/FEB_Main.c:97:27: warning: implicit declaration of function 'FEB_CAN_Transmit'; did you mean 'FEB_CAN_Init'? [-Wimplicit-function-declaration]
   97 |                           FEB_CAN_Transmit(&hcan1);
      |                           ^~~~~~~~~~~~~~~~
      |                           FEB_CAN_Init
"make -j7 all" terminated with exit code 2. Build might be incomplete.
15:47:10 **** Incremental Build of configuration Debug for project SWDB ****
make -j7 all 
arm-none-eabi-gcc "../Core/Src/FEB_Main.c" -mcpu=cortex-m4 -std=gnu11 -g3 -DDEBUG -DUSE_HAL_DRIVER -DSTM32F446xx -c -I../Core/Inc -I../Drivers/STM32F4xx_HAL_Driver/Inc -I../Drivers/STM32F4xx_HAL_Driver/Inc/Legacy -I../Drivers/CMSIS/Device/ST/STM32F4xx/Include -I../Drivers/CMSIS/Include -O0 -ffunction-sections -fdata-sections -Wall -fstack-usage -fcyclomatic-complexity -MMD -MP -MF"Core/Src/FEB_Main.d" -MT"Core/Src/FEB_Main.o" --specs=nano.specs -mfpu=fpv4-sp-d16 -mfloat-abi=hard -mthumb -o "Core/Src/FEB_Main.o"
arm-none-eabi-gcc "../Core/Src/main.c" -mcpu=cortex-m4 -std=gnu11 -g3 -DDEBUG -DUSE_HAL_DRIVER -DSTM32F446xx -c -I../Core/Inc -I../Drivers/STM32F4xx_HAL_Driver/Inc -I../Drivers/STM32F4xx_HAL_Driver/Inc/Legacy -I../Drivers/CMSIS/Device/ST/STM32F4xx/Include -I../Drivers/CMSIS/Include -O0 -ffunction-sections -fdata-sections -Wall -fstack-usage -fcyclomatic-complexity -MMD -MP -MF"Core/Src/main.d" -MT"Core/Src/main.o" --specs=nano.specs -mfpu=fpv4-sp-d16 -mfloat-abi=hard -mthumb -o "Core/Src/main.o"
../Core/Src/main.c:435:1: warning: data definition has no type or storage class
  435 | FEB_Main_User4();
      | ^~~~~~~~~~~~~~
../Core/Src/main.c:435:1: warning: type defaults to 'int' in declaration of 'FEB_Main_User4' [-Wimplicit-int]
../Core/Src/main.c:435:1: error: conflicting types for 'FEB_Main_User4'; have 'int()'
In file included from ../Core/Inc/main.h:34,
                 from ../Core/Src/main.c:20:
../Core/Inc/FEB_Main.h:29:6: note: previous declaration of 'FEB_Main_User4' with type 'void(void)'
   29 | void FEB_Main_User4(void);
      |      ^~~~~~~~~~~~~~
make: *** [Core/Src/subdir.mk:40: Core/Src/main.o] Error 1
make: *** Waiting for unfinished jobs....
../Core/Src/FEB_Main.c: In function 'FEB_Main_While':
../Core/Src/FEB_Main.c:97:27: warning: implicit declaration of function 'FEB_CAN_Transmit'; did you mean 'FEB_CAN_Init'? [-Wimplicit-function-declaration]
   97 |                           FEB_CAN_Transmit(&hcan1);
      |                           ^~~~~~~~~~~~~~~~
      |                           FEB_CAN_Init
"make -j7 all" terminated with exit code 2. Build might be incomplete.
15:48:55 **** Incremental Build of configuration Debug for project SWDB ****
make -j7 all 
arm-none-eabi-gcc "../Core/Src/FEB_CAN.c" -mcpu=cortex-m4 -std=gnu11 -g3 -DDEBUG -DUSE_HAL_DRIVER -DSTM32F446xx -c -I../Core/Inc -I../Drivers/STM32F4xx_HAL_Driver/Inc -I../Drivers/STM32F4xx_HAL_Driver/Inc/Legacy -I../Drivers/CMSIS/Device/ST/STM32F4xx/Include -I../Drivers/CMSIS/Include -O0 -ffunction-sections -fdata-sections -Wall -fstack-usage -fcyclomatic-complexity -MMD -MP -MF"Core/Src/FEB_CAN.d" -MT"Core/Src/FEB_CAN.o" --specs=nano.specs -mfpu=fpv4-sp-d16 -mfloat-abi=hard -mthumb -o "Core/Src/FEB_CAN.o"
arm-none-eabi-gcc "../Core/Src/FEB_Main.c" -mcpu=cortex-m4 -std=gnu11 -g3 -DDEBUG -DUSE_HAL_DRIVER -DSTM32F446xx -c -I../Core/Inc -I../Drivers/STM32F4xx_HAL_Driver/Inc -I../Drivers/STM32F4xx_HAL_Driver/Inc/Legacy -I../Drivers/CMSIS/Device/ST/STM32F4xx/Include -I../Drivers/CMSIS/Include -O0 -ffunction-sections -fdata-sections -Wall -fstack-usage -fcyclomatic-complexity -MMD -MP -MF"Core/Src/FEB_Main.d" -MT"Core/Src/FEB_Main.o" --specs=nano.specs -mfpu=fpv4-sp-d16 -mfloat-abi=hard -mthumb -o "Core/Src/FEB_Main.o"
arm-none-eabi-gcc "../Core/Src/main.c" -mcpu=cortex-m4 -std=gnu11 -g3 -DDEBUG -DUSE_HAL_DRIVER -DSTM32F446xx -c -I../Core/Inc -I../Drivers/STM32F4xx_HAL_Driver/Inc -I../Drivers/STM32F4xx_HAL_Driver/Inc/Legacy -I../Drivers/CMSIS/Device/ST/STM32F4xx/Include -I../Drivers/CMSIS/Include -O0 -ffunction-sections -fdata-sections -Wall -fstack-usage -fcyclomatic-complexity -MMD -MP -MF"Core/Src/main.d" -MT"Core/Src/main.o" --specs=nano.specs -mfpu=fpv4-sp-d16 -mfloat-abi=hard -mthumb -o "Core/Src/main.o"
arm-none-eabi-gcc "../Core/Src/stm32f4xx_hal_msp.c" -mcpu=cortex-m4 -std=gnu11 -g3 -DDEBUG -DUSE_HAL_DRIVER -DSTM32F446xx -c -I../Core/Inc -I../Drivers/STM32F4xx_HAL_Driver/Inc -I../Drivers/STM32F4xx_HAL_Driver/Inc/Legacy -I../Drivers/CMSIS/Device/ST/STM32F4xx/Include -I../Drivers/CMSIS/Include -O0 -ffunction-sections -fdata-sections -Wall -fstack-usage -fcyclomatic-complexity -MMD -MP -MF"Core/Src/stm32f4xx_hal_msp.d" -MT"Core/Src/stm32f4xx_hal_msp.o" --specs=nano.specs -mfpu=fpv4-sp-d16 -mfloat-abi=hard -mthumb -o "Core/Src/stm32f4xx_hal_msp.o"
arm-none-eabi-gcc "../Core/Src/stm32f4xx_it.c" -mcpu=cortex-m4 -std=gnu11 -g3 -DDEBUG -DUSE_HAL_DRIVER -DSTM32F446xx -c -I../Core/Inc -I../Drivers/STM32F4xx_HAL_Driver/Inc -I../Drivers/STM32F4xx_HAL_Driver/Inc/Legacy -I../Drivers/CMSIS/Device/ST/STM32F4xx/Include -I../Drivers/CMSIS/Include -O0 -ffunction-sections -fdata-sections -Wall -fstack-usage -fcyclomatic-complexity -MMD -MP -MF"Core/Src/stm32f4xx_it.d" -MT"Core/Src/stm32f4xx_it.o" --specs=nano.specs -mfpu=fpv4-sp-d16 -mfloat-abi=hard -mthumb -o "Core/Src/stm32f4xx_it.o"
../Core/Src/FEB_CAN.c: In function 'FEB_CAN_Filter_Config':
../Core/Src/FEB_CAN.c:28:17: warning: unused variable 'filter_bank' [-Wunused-variable]
   28 |         uint8_t filter_bank = 0;
      |                 ^~~~~~~~~~~
../Core/Src/main.c:435:1: warning: data definition has no type or storage class
  435 | FEB_Main_User4();
      | ^~~~~~~~~~~~~~
../Core/Src/main.c:435:1: warning: type defaults to 'int' in declaration of 'FEB_Main_User4' [-Wimplicit-int]
../Core/Src/main.c:435:1: error: conflicting types for 'FEB_Main_User4'; have 'int()'
In file included from ../Core/Inc/main.h:34,
                 from ../Core/Src/main.c:20:
../Core/Inc/FEB_Main.h:29:6: note: previous declaration of 'FEB_Main_User4' with type 'void(void)'
   29 | void FEB_Main_User4(void);
      |      ^~~~~~~~~~~~~~
make: *** [Core/Src/subdir.mk:40: Core/Src/main.o] Error 1
make: *** Waiting for unfinished jobs....
"make -j7 all" terminated with exit code 2. Build might be incomplete.
15:50:10 **** Incremental Build of configuration Debug for project SWDB ****
make -j7 all 
arm-none-eabi-gcc "../Core/Src/FEB_Main.c" -mcpu=cortex-m4 -std=gnu11 -g3 -DDEBUG -DUSE_HAL_DRIVER -DSTM32F446xx -c -I../Core/Inc -I../Drivers/STM32F4xx_HAL_Driver/Inc -I../Drivers/STM32F4xx_HAL_Driver/Inc/Legacy -I../Drivers/CMSIS/Device/ST/STM32F4xx/Include -I../Drivers/CMSIS/Include -O0 -ffunction-sections -fdata-sections -Wall -fstack-usage -fcyclomatic-complexity -MMD -MP -MF"Core/Src/FEB_Main.d" -MT"Core/Src/FEB_Main.o" --specs=nano.specs -mfpu=fpv4-sp-d16 -mfloat-abi=hard -mthumb -o "Core/Src/FEB_Main.o"
arm-none-eabi-gcc "../Core/Src/main.c" -mcpu=cortex-m4 -std=gnu11 -g3 -DDEBUG -DUSE_HAL_DRIVER -DSTM32F446xx -c -I../Core/Inc -I../Drivers/STM32F4xx_HAL_Driver/Inc -I../Drivers/STM32F4xx_HAL_Driver/Inc/Legacy -I../Drivers/CMSIS/Device/ST/STM32F4xx/Include -I../Drivers/CMSIS/Include -O0 -ffunction-sections -fdata-sections -Wall -fstack-usage -fcyclomatic-complexity -MMD -MP -MF"Core/Src/main.d" -MT"Core/Src/main.o" --specs=nano.specs -mfpu=fpv4-sp-d16 -mfloat-abi=hard -mthumb -o "Core/Src/main.o"
arm-none-eabi-gcc -o "SWDB.elf" @"objects.list"   -mcpu=cortex-m4 -T"/Users/viploverahate/Documents/School/FEB/FEB_Firmware_SN3/SWDB/STM32F446RETX_FLASH.ld" --specs=nosys.specs -Wl,-Map="SWDB.map" -Wl,--gc-sections -static --specs=nano.specs -mfpu=fpv4-sp-d16 -mfloat-abi=hard -mthumb -Wl,--start-group -lc -lm -Wl,--end-group
Finished building target: SWDB.elf
 
arm-none-eabi-size   SWDB.elf 
arm-none-eabi-objdump -h -S  SWDB.elf  > "SWDB.list"
   text	   data	    bss	    dec	    hex	filename
  22200	    100	   2500	  24800	   60e0	SWDB.elf
Finished building: default.size.stdout
 
Finished building: SWDB.list
 
